******************************************************************************
                  TMS470 Linker Unix v4.9.5                    
******************************************************************************
>> Linked Fri Sep  6 12:10:22 2019

OUTPUT FILE NAME:   </home/sksung/work/udx/ch2/packages/../packages/mcfw_sdk_dt/build/ipnc_rdk/bin/ti810x-evm/ipnc_rdk_m3vpss_debug.xem3>
ENTRY POINT SYMBOL: "_c_int00"  address: 8eb00bb5


MEMORY CONFIGURATION

         name            origin    length      used     unused   attr    fill
----------------------  --------  ---------  --------  --------  ----  --------
  L2_ROM                00000000   00004000  0000018c  00003e74  RWIX
  L2_RAM                20004000   00010000  00000000  00010000  RWIX
  OCMC0_RAM             40300000   00040000  00000000  00040000  RWIX
  OCMC1_RAM             40400000   00040000  00000000  00040000  RWIX
  LINUX_MEM             80000000   0b400000  00000000  0b400000  RWIX
  VIDEO_M3_CODE_MEM     8df00000   00200000  00000000  00200000  RWIX
  VIDEO_M3_DATA_MEM     8e100000   00900000  00000000  00900000  RWIX
  DSS_M3_CODE_MEM       8ea00000   00200000  0011ae03  000e51fd  RWIX
  DDR3_M3               8ec00000   013ff800  010d2bf2  0032cc0e  RWIX
  DSP_CODE_MEM          8ffff800   00000400  00000000  00000400  RWIX
  DSP_DATA_MEM          8ffffc00   00000400  00000000  00000400  RWIX
  TILER_MEM             b0000000   04000000  00000000  04000000  RWIX
  SR2_FRAME_BUFFER_MEM  b4000000   06400000  00000000  06400000  RWIX
  SR0                   ba400000   01000000  01000000  00000000  RWIX
  SR1                   bb400000   04500000  04500000  00000000  RWIX
  HDVPSS_DESC_MEM       bf900000   00200000  001f0000  00010000  RWIX
  HDVPSS_SHARED_MEM     bfb00000   00200000  00000000  00200000  RWIX
  HOST_VPSS_NOTIFYMEM   bfd00000   00200000  00019000  001e7000  RWIX
  REMOTE_DEBUG_MEM      bff00000   00100000  0000f060  000f0fa0  RWIX


SEGMENT ALLOCATION MAP

run origin  load origin   length   init length attrs members
----------  ----------- ---------- ----------- ----- -------
00000000    00000000    0000003c   0000003c    r-x
  00000000    00000000    0000003c   0000003c    r-x .ducatiBoot
000007f0    000007f0    00000010   00000000    rw-
  000007f0    000007f0    00000010   00000000    rw- .ducatiGates
00000800    00000800    00000140   00000140    r--
  00000800    00000800    00000140   00000140    r-- .resetVecs
8ea00000    8ea00000    0011ae05   0011ae05    r-x
  8ea00000    8ea00000    0010ba2a   0010ba2a    r-x .text
  8eb0ba2c    8eb0ba2c    0000f3d9   0000f3d9    r-- .const
8ec00000    8ec00000    0102e6ec   00000000    rw-
  8ec00000    8ec00000    0102e6ec   00000000    rw- .bss
8fc2e700    8fc2e700    000a44bc   0009a4ba    rw-
  8fc2e700    8fc2e700    0009a4ba   0009a4ba    rw- .data
  8fcc8bbc    8fcc8bbc    0000a000   00000000    rw- .stack
8fcd2c00    8fcd2c00    0000004c   0000004c    r--
  8fcd2c00    8fcd2c00    0000004c   0000004c    r-- ti_sdo_ipc_init
bf900000    bf900000    001f0000   00000000    rw-
  bf900000    bf900000    001f0000   00000000    rw- .bss:extMemNonCache:heap
bff00000    bff00000    0000f060   00000000    rw-
  bff00000    bff00000    0000f060   00000000    rw- .bss:extMemNonCache:remoteDebugCoreShm


SECTION ALLOCATION MAP

 output                                  attributes/
section   page    origin      length       input sections
--------  ----  ----------  ----------   ----------------
.cinit     0    8ec00000    00000000     UNINITIALIZED

.init_array 
*          0    8ec00000    00000000     UNINITIALIZED

.bootVecs 
*          0    00000000    00000008     DSECT
                  00000000    00000008     boot.aem3 : boot.oem3 (.bootVecs)

.ducatiBoot 
*          0    00000000    0000003c     
                  00000000    0000003c     sysbios.lib : ducati_Core_asm.obj (.ducatiBoot)

.ducatiGates 
*          0    000007f0    00000010     UNINITIALIZED
                  000007f0    00000010     MAIN_APP_m3vpss_pem3.oem3 (.ducatiGates)

.vecs      0    00000800    00000000     DSECT

.resetVecs 
*          0    00000800    00000140     
                  00000800    00000140     MAIN_APP_m3vpss_pem3.oem3 (.resetVecs)

xdc.meta   0    8ea00000    00000121     COPY SECTION
                  8ea00000    00000121     MAIN_APP_m3vpss_pem3.oem3 (xdc.meta)

.text      0    8ea00000    0010ba2a     
                  8ea00000    00001c80     iss_ip_run2_bios.aem3 : ip_run.oem3 (.text:IP_Run_Task)
                  8ea01c80    00001256     iss_ti2a_awb.aem3 : TI_aaa_awb_v2848debug_IPNC.oem3 (.text:TI_AWB_do)
                  8ea02ed6    00000002     iss_vstab.aem3 : vs_ti.oem3 (.text:VS_TI_activate)
                  8ea02ed8    00001154     iss_drivers.aem3 : issdrv_captureApi.oem3 (.text:Iss_captCreate)
                  8ea0402c    00000fb4                      : issdrv_captureApi.oem3 (.text:Iss_captResetAndRestart)
                  8ea04fe0    00000eae                      : isp_msp.oem3 (.text:MSP_ISP_config)
                  8ea05e8e    00000eaa     iss_dcc.aem3 : awb_alg_dcc_tuning.oem3 (.text:awb_alg_dcc_tuning_dcc_bin_parse)
                  8ea06d38    00000ea2     rtsv7M3_T_le_eabi.lib : _printfi.obj (.text)
                  8ea07bda    00000002     iss_vstab.aem3 : vs_ti.oem3 (.text:VS_TI_deactivate)
                  8ea07bdc    00000dac     iss_drivers.aem3 : ipipe_if.oem3 (.text:ipipeif_config)
                  8ea08988    00000d72     iss_ti2a_fd.aem3 : flicker_corr.oem3 (.text:flicker_detect)
                  8ea096fa    00000002     cpis_core.aem3 : _cpisCore.oem3 (.text:_CPIS_dummyVicpLock)
                  8ea096fc    00000cd0     hdvpss_drivers.aem3 : vpscore_dei.oem3 (.text:vcoreDeiProgramMosaicDesc)
                  8ea0a3cc    00000acc                         : vpsdrv_dispGrpxPriv.oem3 (.text:vpsDdrvGrpxAllocDescMem)
                  8ea0ae98    00000aa2     iss_dcc.aem3 : dcc_update_comp.oem3 (.text:dcc_update_awb)
                  8ea0b93a    00000002     cpis_core.aem3 : _cpisCore.oem3 (.text:_CPIS_dummyVicpUnlock)
                  8ea0b93c    00000a98     ipnc_rdk_bios6.aem3 : swMsLink_drv.oem3 (.text:SwMsLink_drvCreate)
                  8ea0c3d4    00000a80     iss_ip_run2_bios.aem3 : ip_run.oem3 (.text:IP_RUN_Pipe_Full)
                  8ea0ce54    00000a04     iss_drivers.aem3 : ae_ti.oem3 (.text:AE_TI_process)
                  8ea0d858    000009e8     iss_ip_run2_bios.aem3 : ip_run.oem3 (.text:IP_RUN_Pipe_Up)
                  8ea0e240    000009d7     hdvpss_drivers.aem3 : vpsdrv_m2mSc.oem3 (.text:VpsMdrv_scCreate)
                  8ea0ec17    00000001     --HOLE-- [fill = 0]
                  8ea0ec18    000009b8     ipnc_rdk_bios6.aem3 : captureLink_drv.oem3 (.text:CaptureLink_drvCreateInst)
                  8ea0f5d0    00000914     hdvpss_drivers.aem3 : vpsdrv_m2mDeiReq.oem3 (.text:vpsMdrvDeiProcessReq)
                  8ea0fee4    000008f6     iss_vstab.aem3 : decide.oem3 (.text:understandFrame)
                  8ea107da    00000002     iss_dcc.aem3 : ipipe_cfa.oem3 (.text:ipipe_cfa_dcc_bin_free)
                  8ea107dc    000008d4     ipnc_rdk_bios6.aem3 : deiLink_drv.oem3 (.text:DeiLink_drvMakeFrameLists)
                  8ea110b0    000008d0     hdvpss_drivers.aem3 : vpscore_bypassPriv.oem3 (.text:vcoreBpProgramMosaicDesc)
                  8ea11980    000008a8                         : vpscore_deiApi.oem3 (.text:Vcore_deiUpdateContext)
                  8ea12228    000008a0                         : vpscore_deiCommon.oem3 (.text:vcoreDeiCheckParams)
                  8ea12ac8    00000874     ti.syslink.ipc.rtos.aem3 : ClientNotifyMgr.oem3 (.text:_ClientNotifyMgr_create)
                  8ea1333c    00000870     ipc.lib : Ipc.obj (.text:ti_sdo_ipc_GateMP_Instance_init__F)
                  8ea13bac    00000828     ipnc_rdk_bios6.aem3 : swMsLink_drv.oem3 (.text:SwMsLink_drvMakeFrameLists)
                  8ea143d4    000007d4     hdvpss_drivers.aem3 : vpsdrv_m2mDeiReq.oem3 (.text:vpsMdrvDeiUpdateChDesc)
                  8ea14ba8    000007bc                         : vpsdrv_m2mDeiPriv.oem3 (.text:vpsMdrvDeiAllocChDescMem)
                  8ea15364    000007b8                         : vpsdrv_m2mDeiPriv.oem3 (.text:vpsMdrvDeiSplitChDescMem)
                  8ea15b1c    000007a0                         : vpsdrv_display.oem3 (.text:VpsDdrv_create)
                  8ea162bc    0000076b                         : vpsdrv_m2mDeiPriv.oem3 (.text:vpsMdrvDeiProgramChDesc)
                  8ea16a27    00000001     --HOLE-- [fill = 0]
                  8ea16a28    0000075c     iss_swosd.aem3 : sw_osd_dm81xx.oem3 (.text:SWOSD_winDraw)
                  8ea17184    00000758     hdvpss_drivers.aem3 : vpscore_dei.oem3 (.text:vcoreDeiProgramDesc)
                  8ea178dc    00000720                         : vps_dctrl.oem3 (.text:Dc_init)
                  8ea17ffc    00000710     ipnc_rdk_bios6.aem3 : deiLink_drv.oem3 (.text:DeiLink_drvCreateOutObj)
                  8ea1870c    00000700     hdvpss_drivers.aem3 : vpsdrv_m2mSc.oem3 (.text:vpsMdrvScUpdateDescs)
                  8ea18e0c    000006f4                         : vps_evtMgr.oem3 (.text:vemFillClientInfo)
                  8ea19500    000006ec                         : vpsdrv_m2mDeiCore.oem3 (.text:vpsMdrvDeiCfgDeiHqCore)
                  8ea19bec    000006d8                         : vpsdrv_display.oem3 (.text:vpsDeiDdrvCheckRtParams)
                  8ea1a2c4    000006d4                         : vpsdrv_displayPriv.oem3 (.text:vpsDrvAllocSliceCoreMem)
                  8ea1a998    000006d4                         : vpsdrv_m2mDeiReq.oem3 (.text:vpsMdrvDeiRotateCtxBufMode1)
                  8ea1b06c    000006b8                         : vps_dlm.oem3 (.text:VpsDlm_updateDescMem)
                  8ea1b724    000006a8                         : vpscore_deiCommon.oem3 (.text:vcoreDeiCreateLayout)
                  8ea1bdcc    000006a4                         : vpsdrv_m2mDeiCore.oem3 (.text:vpsMdrvDeiCfgDeiCore)
                  8ea1c470    000006a0     ipnc_rdk_bios6.aem3 : nsfLink_drv.oem3 (.text:NsfLink_drvInitCh)
                  8ea1cb10    00000698     hdvpss_drivers.aem3 : vpscore_bypassPriv.oem3 (.text:vcoreBpCreateLayout)
                  8ea1d1a8    00000690                         : vpsdrv_dispGrpx.oem3 (.text:vpsDdrvGrpxUpdateBufIsr)
                  8ea1d838    0000067c     ipnc_rdk_bios6.aem3 : swMsLink_drv.oem3 (.text:SwMsLink_drvCreateDeiDrv)
                  8ea1deb4    00000677                         : displayLink_drv.oem3 (.text:DisplayLink_drvProcessData)
                  8ea1e52b    00000001     --HOLE-- [fill = 0]
                  8ea1e52c    00000674     hdvpss_drivers.aem3 : vpscore_secPath.oem3 (.text:secProgramDataDesc)
                  8ea1eba0    0000066c                         : vpscore_deiApi.oem3 (.text:Vcore_deiUpdateMultiDesc)
                  8ea1f20c    0000066c                         : vpsdrv_m2mDeiApi.oem3 (.text:vpsMdrvDeiSetScCoeffIoctl)
                  8ea1f878    00000660     iss_drivers.aem3 : iss_drv_rsz.oem3 (.text:issRszPreviewParamsInit)
                  8ea1fed8    0000065c     hdvpss_drivers.aem3 : vpshal_vpdmaMosaic.oem3 (.text:VpsHal_vpdmaSetupMosaicCfg)
                  8ea20534    00000640     ipnc_rdk_bios6.aem3 : deiLink_drv.oem3 (.text:DeiLink_drvCreateChObj)
                  8ea20b74    00000632     hdvpss_drivers.aem3 : vps_dlm.oem3 (.text:VpsDlm_startStopClients)
                  8ea211a6    00000002     iss_dcc.aem3 : ipipe_cgs.oem3 (.text:ipipe_cgs_dcc_bin_free)
                  8ea211a8    00000630     hdvpss_drivers.aem3 : vpsdrv_m2mDeiReq.oem3 (.text:vpsMdrvDeiUpdateRtParams)
                  8ea217d8    00000628                         : vpsdrv_display.oem3 (.text:vpsDdrvUpdateBufIsr)
                  8ea21e00    00000618                         : vpsdrv_captureList.oem3 (.text:Vps_CaptTskPutCaptFrm)
                  8ea22418    0000060c     edma3_lld_drv.aem3 : edma3_drv_basic.oem3 (.text:EDMA3_DRV_requestChannel)
                  8ea22a24    00000608     hdvpss_drivers.aem3 : vps_dctrlIntPriv.oem3 (.text:Dc_startClient)
                  8ea2302c    00000604                         : vpsdrv_displayPriv.oem3 (.text:vpsDdrvCheckDeiDispParams)
                  8ea23630    000005ef     ipnc_rdk_bios6.aem3 : ipcFramesOutLink_tsk.oem3 (.text:IpcFramesOutLink_processFrameBufs)
                  8ea23c1f    00000001     --HOLE-- [fill = 0]
                  8ea23c20    000005d4     hdvpss_proxyServer.aem3 : vps_proxyServer.oem3 (.text:VPS_PSrvInit)
                  8ea241f4    000005d0     ipnc_rdk_bios6.aem3 : swosdLink_tsk.oem3 (.text:SwosdLink_create)
                  8ea247c4    000005cc     hdvpss_drivers.aem3 : vpsdrv_dispGrpx.oem3 (.text:VpsDdrv_grpxCreate)
                  8ea24d90    000005cc                         : vpsdrv_m2mDeiPriv.oem3 (.text:vpsMdrvDeiAllocHandleObj)
                  8ea2535c    000005c0                         : vpscore_bypass.oem3 (.text:Vcore_bpUpdateMultiDesc)
                  8ea2591c    000005c0                         : vpsdrv_m2mDeiApi.oem3 (.text:VpsMdrv_deiCreate)
                  8ea25edc    000005b4                         : vps_dlmPriv.oem3 (.text:vpsDlmAllocListObject)
                  8ea26490    000005ac     iss_drivers.aem3 : issdrv_algTIaewb.oem3 (.text:TI2A_FDC_Process)
                  8ea26a3c    000005a4     hdvpss_drivers.aem3 : vpscore_secPath.oem3 (.text:secCheckFormat)
                  8ea26fe0    000005a0                         : vpsdrv_m2mSc.oem3 (.text:vpsMdrvScUpdateDescList)
                  8ea27580    00000590     ipnc_rdk_bios6.aem3 : sclrLink_drv.oem3 (.text:SclrLink_drvCreateOutObj)
                  8ea27b10    00000580                         : nsfLink_drv.oem3 (.text:NsfLink_drvDoNsfFilter)
                  8ea28090    00000580     iss_ud2a_imx122.aem3 : iss_ud2a.oem3 (.text:UD_IssAlg_capt2AAccDataProcess)
                  8ea28610    00000580     iss_drivers.aem3 : issdrv_captureApi.oem3 (.text:isp_isif_linenum_handle)
                  8ea28b90    0000057c     hdvpss_drivers.aem3 : vpsdrv_m2mDeiPriv.oem3 (.text:vpsMdrvDeiCopyChPrms)
                  8ea2910c    00000578                         : vpscore_graphics.oem3 (.text:vcoreGrpxSetParams)
                  8ea29684    00000564                         : vpsdrv_display.oem3 (.text:vpsDdrvStartIoctl)
                  8ea29be8    00000558     ipnc_rdk_bios6.aem3 : swMsLink_drv.oem3 (.text:SwMsLink_drvSwitchLayout)
                  8ea2a140    00000554     hdvpss_drivers.aem3 : vps_init_ti8107.oem3 (.text:vpsiHalOpen)
                  8ea2a694    00000552     iss_dcc.aem3 : dcc_update_comp.oem3 (.text:dcc_update_vnf_params)
                  8ea2abe6    00000002                  : ipipe_dpc_otf_dcc.oem3 (.text:ipipe_dpc_otf_dcc_dcc_bin_free)
                  8ea2abe8    0000054c     hdvpss_drivers.aem3 : vpscore_vip.oem3 (.text:Vcore_vipProgramReg)
                  8ea2b134    00000546                         : vpshal_vpdmaMosaic.oem3 (.text:determineWindowOrder)
                  8ea2b67a    00000002     iss_dcc.aem3 : ipipe_ee.oem3 (.text:ipipe_ee_dcc_bin_free)
                  8ea2b67c    00000540     hdvpss_proxyServer.aem3 : vps_proxyServer.oem3 (.text:psCtrlTask)
                  8ea2bbbc    0000053c     ipnc_rdk_bios6.aem3 : ipcBitsOutLink_tsk.oem3 (.text:IpcBitsOutLink_processBitBufs)
                  8ea2c0f8    00000534     hdvpss_drivers.aem3 : vpscore_dei.oem3 (.text:vcoreDeiProgramPrevFldDesc)
                  8ea2c62c    0000052c                         : vpsdrv_displayPriv.oem3 (.text:vpsDdrvConfigDeiCore)
                  8ea2cb58    00000528                         : vpscore_vip.oem3 (.text:Vcore_vipUpdateRtMem)
                  8ea2d080    00000528                         : vpsdrv_m2mDeiReq.oem3 (.text:VpsMdrvDeiGetScFactorConfig)
                  8ea2d5a8    00000524                         : vpsdrv_m2mSc.oem3 (.text:VpsMdrv_scControl)
                  8ea2dacc    0000051e                         : vps_dlm.oem3 (.text:VpsDlm_unLinkDctrlClient)
                  8ea2dfea    00000002     iss_dcc.aem3 : ipipe_gamma.oem3 (.text:ipipe_gamma_dcc_bin_free)
                  8ea2dfec    0000051c     hdvpss_drivers.aem3 : vpsdrv_m2mDeiPriv.oem3 (.text:vpsMdrvDeiCalcChCtxMem)
                  8ea2e508    0000051c                         : vpsdrv_m2mDeiPlatform.oem3 (.text:vpsMdrvDeiOverridePrevFldBufIoctl)
                  8ea2ea24    00000518     iss_drivers.aem3 : issdrv_ispApi.oem3 (.text:Iss_ispProcessFrames)
                  8ea2ef3c    00000510     hdvpss_proxyServer.aem3 : vps_proxyServer.oem3 (.text:psCallFvid2Api)
                  8ea2f44c    0000050c     hdvpss_drivers.aem3 : vps_dctrlIntPriv.oem3 (.text:Dc_stopClient)
                  8ea2f958    00000500                         : vpsdrv_m2mDeiApi.oem3 (.text:vpsMdrvDeiGetCtxBufIoctl)
                  8ea2fe58    000004f8                         : vpshal_hdvenc.oem3 (.text:VpsHal_hdVencSetControl)
                  8ea30350    000004f8                         : vps_dctrlIntPriv.oem3 (.text:dcEnableInputPaths)
                  8ea30848    000004f4     iss_vstab.aem3 : TI_VidStab.oem3 (.text:VS_algConfig)
                  8ea30d3c    000004f2     hdvpss_drivers.aem3 : vpsdrv_m2mDeiReq.oem3 (.text:vpsMdrvDeiExtractComprSize)
                  8ea3122e    00000002     iss_dcc.aem3 : ipipe_gbce.oem3 (.text:ipipe_gbce_dcc_bin_free)
                  8ea31230    000004e6     edma3_lld_rm.aem3 : edma3resmgr.oem3 (.text:EDMA3_RM_allocResource)
                  8ea31716    00000002     iss_dcc.aem3 : ipipe_gic.oem3 (.text:ipipe_gic_dcc_bin_free)
                  8ea31718    000004de     hdvpss_drivers.aem3 : vpsdrv_displayPriv.oem3 (.text:vpsDdrvSliceCoreMem)
                  8ea31bf6    00000002     iss_dcc.aem3 : ipipe_nf1.oem3 (.text:ipipe_nf1_dcc_bin_free)
                  8ea31bf8    000004dc     ipnc_rdk_bios6.aem3 : nullSrcLink_tsk.oem3 (.text:NullSrcLink_drvCreate)
                  8ea320d4    000004d2     hdvpss_drivers.aem3 : vps_dlm.oem3 (.text:vpsDlmSendInterruptIsr)
                  8ea325a6    00000002     iss_dcc.aem3 : ipipe_rgb2rgb.oem3 (.text:ipipe_rgb2rgb_dcc_bin_free)
                  8ea325a8    000004d0     ti.syslink.ipc.rtos.aem3 : RingIOShm.oem3 (.text:RingIOShm_create)
                  8ea32a78    000004d0     hdvpss_drivers.aem3 : vpsdrv_m2mDeiApi.oem3 (.text:vpsMdrvDeiSetCtxBufIoctl)
                  8ea32f48    000004c8                         : vpscore_dei.oem3 (.text:vcoreDeiFigureOutState)
                  8ea33410    000004c1                         : vpshal_vpdmaMosaic.oem3 (.text:splitWindowsOnXAxis)
                  8ea338d1    00000001     --HOLE-- [fill = 0]
                  8ea338d2    00000002     iss_dcc.aem3 : ipipe_rgb2yuv.oem3 (.text:ipipe_rgb2yuv_dcc_bin_free)
                  8ea338d4    000004c0     ipnc_rdk_bios6.aem3 : deiLink_drv.oem3 (.text:DeiLink_drvCreate)
                  8ea33d94    000004bc     hdvpss_drivers.aem3 : vpscore_vipResCommon.oem3 (.text:Vcore_vipCreateConfigOvly)
                  8ea34250    000004b4     ipnc_rdk_bios6.aem3 : utils_tiler_allocator.oem3 (.text:utils_tiler_pat_init)
                  8ea34704    000004b0     hdvpss_drivers.aem3 : vpsdrv_m2mDeiApi.oem3 (.text:vpsMdrvDeiCheckParams)
                  8ea34bb4    000004af     ipnc_rdk_bios6.aem3 : displayLink_drv.oem3 (.text:DisplayLink_drvCreate)
                  8ea35063    00000001     --HOLE-- [fill = 0]
                  8ea35064    000004a6     hdvpss_drivers.aem3 : vps_evtMgr.oem3 (.text:Vem_unRegister)
                  8ea3550a    00000002     iss_dcc.aem3 : ipipe_yuv444_to_yuv422.oem3 (.text:ipipe_yuv444_to_yuv422_dcc_bin_free)
                  8ea3550c    000004a4     ipnc_rdk_bios6.aem3 : ti_swosd.oem3 (.text:DM81XX_SWOSD_makeWinString)
                  8ea359b0    000004a4     hdvpss_drivers.aem3 : vpscore_graphics.oem3 (.text:Vcore_grpxUpdateMultiDesc)
                  8ea35e54    000004a0     ti.syslink.ipc.rtos.aem3 : ClientNotifyMgr.oem3 (.text:ClientNotifyMgr_delete)
                  8ea362f4    000004a0     iss_dcc.aem3 : vnf_cfg_dcc.oem3 (.text:vnf_cfg_dcc_dcc_bin_parse)
                  8ea36794    00000498     hdvpss_drivers.aem3 : vpsdrv_dispGrpx.oem3 (.text:vpsDdrvGrpxStartIoctl)
                  8ea36c2c    0000048c     ipnc_rdk_bios6.aem3 : captureLink_drv.oem3 (.text:CaptureLink_drvAllocAndQueueFrames)
                  8ea370b8    0000048c     hdvpss_drivers.aem3 : vpsdrv_display.oem3 (.text:VpsDdrv_delete)
                  8ea37544    0000048b     ipnc_rdk_bios6.aem3 : swMsLink_drv.oem3 (.text:SwMsLink_drvPrintStatistics)
                  8ea379cf    00000001     --HOLE-- [fill = 0]
                  8ea379d0    00000488     hdvpss_drivers.aem3 : vps_dctrlIntPriv.oem3 (.text:Dc_setInputFrameSize)
                  8ea37e58    00000488                         : vpscore_bypassPriv.oem3 (.text:vcoreBpProgramDesc)
                  8ea382e0    00000480     iss_ip_run2_bios.aem3 : ip_run.oem3 (.text:step_switch_simcopHwSetup)
                  8ea38760    0000047c     hdvpss_drivers.aem3 : vps_mlm.oem3 (.text:Mlm_submit)
                  8ea38bdc    00000478                         : vps_dctrlIntPriv.oem3 (.text:Dc_getPathInfo)
                  8ea39054    00000478                         : vpshal_hdvenc.oem3 (.text:VpsHal_hdVencSetConfig)
                  8ea394cc    00000470                         : vpsdrv_m2mDeiCore.oem3 (.text:vpsMdrvDeiOpenCores)
                  8ea3993c    00000468                         : vpsdrv_dispGrpxPriv.oem3 (.text:vpsDdrvGrpxPrivInit)
                  8ea39da4    00000454     ipnc_rdk_bios6.aem3 : selectLink_tsk.oem3 (.text:SelectLink_drvCreate)
                  8ea3a1f8    00000454     hdvpss_drivers.aem3 : vpscore_deiHal.oem3 (.text:vcoreDeiProgramReg)
                  8ea3a64c    00000450     hdvpss_proxyServer.aem3 : vps_proxyServer.oem3 (.text:psGenericTask)
                  8ea3aa9c    00000450     hdvpss_drivers.aem3 : vpsdrv_m2mSc.oem3 (.text:vpsMdrvScOpenCores)
                  8ea3aeec    0000044c     iss_ud2a_imx122.aem3 : iss_ud2a.oem3 (.text:UD_IssAlg_capt2ACalculationEParam)
                  8ea3b338    0000044c     ipc.lib : Ipc.obj (.text:ti_sdo_ipc_heaps_HeapMemMP_alloc__E)
                  8ea3b784    00000448             : Ipc.obj (.text:Ipc_attach)
                  8ea3bbcc    00000444     ipnc_rdk_bios6.aem3 : swMsLink_drv.oem3 (.text:SwMsLink_drvDoDma)
                  8ea3c010    00000444     hdvpss_drivers.aem3 : vpsdrv_m2mSc.oem3 (.text:vpsMdrvScSetChPrms)
                  8ea3c454    00000440     ipnc_rdk_bios6.aem3 : ipcFramesInLink_tsk.oem3 (.text:IpcFramesInLink_putEmptyFrames)
                  8ea3c894    0000043e     hdvpss_drivers.aem3 : vpscore_graphics.oem3 (.text:Vcore_grpxSetParams)
                  8ea3ccd2    00000002     iss_dcc.aem3 : isif_clamp.oem3 (.text:isif_clamp_dcc_bin_free)
                  8ea3ccd4    0000043c     hdvpss_drivers.aem3 : vpsdrv_display.oem3 (.text:vpsDeiDdrvUpdateRtParams)
                  8ea3d110    00000439                         : vpscore_vipResCommon.oem3 (.text:Vcore_vipResAlloc)
                  8ea3d549    00000001     --HOLE-- [fill = 0]
                  8ea3d54a    00000438     iss_vstab.aem3 : motionEst.oem3 (.text:compBounSignalMVs)
                  8ea3d982    00000002     iss_dcc.aem3 : isif_csc.oem3 (.text:isif_csc_dcc_bin_free)
                  8ea3d984    00000434     hdvpss_drivers.aem3 : vpscore_bypassPriv.oem3 (.text:vcoreBpCheckFmt)
                  8ea3ddb8    00000430                         : vpsdrv_m2mSc.oem3 (.text:vpsMdrvScGetScFactorConfig)
                  8ea3e1e8    0000042c     iss_drivers.aem3 : issdrv_alg2AApi.oem3 (.text:IssAlg_capt2AProcessTI)
                  8ea3e614    0000042c     hdvpss_drivers.aem3 : vpscore_vipResCommon.oem3 (.text:Vcore_vipSetMux)
                  8ea3ea40    00000428     ipnc_rdk_bios6.aem3 : mergeLink_tsk.oem3 (.text:MergeLink_drvCreate)
                  8ea3ee68    00000424     hdvpss_drivers.aem3 : vpshal_sc.oem3 (.text:VpsHal_scGetConfig)
                  8ea3f28c    00000421                         : vpshal_vpdmaMosaic.oem3 (.text:splitWindowsOnYAxis)
                  8ea3f6ad    00000001     --HOLE-- [fill = 0]
                  8ea3f6ae    00000002     sysbios.lib : BIOS.obj (.text:nullFunc$0)
                  8ea3f6b0    0000041c     iss_drivers.aem3 : issdrv_ispApi.oem3 (.text:Iss_ispControl)
                  8ea3facc    0000041c     hdvpss_drivers.aem3 : vps_dctrl.oem3 (.text:dcConfigVencMode)
                  8ea3fee8    0000040c                         : vpsdrv_m2mDeiPriv.oem3 (.text:vpsMdrvDeiFreeHandleObj)
                  8ea402f4    00000408                         : vpscore_dei.oem3 (.text:vcoreDeiProgramMvstmDesc)
                  8ea406fc    00000404                         : vps_dctrlIntPriv.oem3 (.text:dcGetResources)
                  8ea40b00    00000404                         : vpscore_dei.oem3 (.text:vcoreDeiProgramMvDesc)
                  8ea40f04    00000402                         : vpsdrv_m2mScPriv.oem3 (.text:vpsMdrvScUpdateChPrms)
                  8ea41306    00000002     ipc.lib : Ipc.obj (.text:ti_sdo_ipc_transports_TransportShm_setErrFxn__F)
                  8ea41308    00000400     ipnc_rdk_bios6.aem3 : nsfLink_drv.oem3 (.text:NsfLink_drvCreate)
                  8ea41708    000003f9     hdvpss_drivers.aem3 : vpshal_cig.oem3 (.text:VpsHal_cigSetPipConfig)
                  8ea41b01    00000001     --HOLE-- [fill = 0]
                  8ea41b02    00000002     sysbios.lib : BIOS.obj (.text:ti_sysbios_gates_GateHwi_Instance_init__F)
                  8ea41b04    000003f8     hdvpss_proxyServer.aem3 : vps_proxyServer.oem3 (.text:psValidateInitParams)
                  8ea41efc    000003f6     hdvpss_drivers.aem3 : vpshal_hdvenc.oem3 (.text:hdVencSetModeTiming)
                  8ea422f2    00000002     sysbios.lib : BIOS.obj (.text:ti_sysbios_gates_GateSwi_Instance_init__F)
                  8ea422f4    000003f4     ipnc_rdk_bios6.aem3 : sclrLink_drv.oem3 (.text:SclrLink_drvMakeFrameLists)
                  8ea426e8    000003f4     hdvpss_drivers.aem3 : vpsdrv_display.oem3 (.text:vpsDdrvUpdateRtParams)
                  8ea42adc    000003f0                         : vpsdrv_display.oem3 (.text:vpsDdrvUpdateCoreRtParams)
                  8ea42ecc    000003e8                         : vpsdrv_captureApi.oem3 (.text:Vps_captCreateChObj)
                  8ea432b4    000003e7                         : vpsdrv_m2mSc.oem3 (.text:vpsMdrvScCreateCfgDescs)
                  8ea4369b    00000001     --HOLE-- [fill = 0]
                  8ea4369c    000003e6                         : vps_dlm.oem3 (.text:vpsDlmProcessStartStopReq)
                  8ea43a82    00000002     iss_dcc.aem3 : vnf_cfg_dcc.oem3 (.text:vnf_cfg_dcc_dcc_bin_free)
                  8ea43a84    000003e4     hdvpss_drivers.aem3 : vpsdrv_captureApi.oem3 (.text:Vps_captCreate)
                  8ea43e68    000003e0     ipnc_rdk_bios6.aem3 : deiLink_drv.oem3 (.text:DeiLink_printStatistics)
                  8ea44248    000003de     hdvpss_drivers.aem3 : vpsdrv_display.oem3 (.text:vpsDdrvCreateLayoutIoctl)
                  8ea44626    00000002     ti.targets.arm.rtsarm.aem3 : GateNull.oem3 (.text:xdc_runtime_GateNull_leave__F)
                  8ea44628    000003dd     iss_drivers.aem3 : isp_msp.oem3 (.text:MSP_ISP_process)
                  8ea44a05    00000003     --HOLE-- [fill = 0]
                  8ea44a08    000003dc     ipc.lib : Ipc.obj (.text:ti_sdo_ipc_transports_TransportShm_Instance_init__F)
                  8ea44de4    000003d9     hdvpss_drivers.aem3 : vpscore_grpxPriv.oem3 (.text:vcoreGrpxCheckPitchDataFormat)
                  8ea451bd    00000003     --HOLE-- [fill = 0]
                  8ea451c0    000003d8     ipc.lib : Ipc.obj (.text:ti_sdo_ipc_ListMP_Instance_init__F)
                  8ea45598    000003d8     sysbios.lib : BIOS.obj (.text:ti_sysbios_family_arm_m3_Hwi_excDumpRegs__I)
                  8ea45970    000003d8     hdvpss_drivers.aem3 : vpsdrv_m2mDeiPriv.oem3 (.text:vpsMdrvDeiInit)
                  8ea45d48    000003d7     ipnc_rdk_bios6.aem3 : ipcFramesOutLink_tsk.oem3 (.text:IpcFramesOutLink_releaseFrameBufs)
                  8ea4611f    00000001     --HOLE-- [fill = 0]
                  8ea46120    000003d4     hdvpss_drivers.aem3 : vpsdrv_captureApi.oem3 (.text:Vps_captCreateQueues)
                  8ea464f4    000003d4                         : vpsdrv_displayPriv.oem3 (.text:vpsDdrvProgramReg)
                  8ea468c8    000003d0                         : vpsdrv_m2mDeiReq.oem3 (.text:vpsMdrvDeiRotateCtxBuf)
                  8ea46c98    000003cc                         : vpshal_vpdmaMosaic.oem3 (.text:makeYAxisSplitterList)
                  8ea47064    000003c8                         : vpscore_secPath.oem3 (.text:Vcore_secOpen)
                  8ea4742c    000003c8                         : vpshal_vpdma.oem3 (.text:VpsHal_vpdmaPostList)
                  8ea477f4    000003c2                         : vpsdrv_displayPriv.oem3 (.text:vpsDdrvConfigDctrl)
                  8ea47bb6    00000002     --HOLE-- [fill = 0]
                  8ea47bb8    000003c0                         : vpsdrv_m2mDeiCore.oem3 (.text:vpsMdrvDeiWrAdvCfgIoctl)
                  8ea47f78    000003bc     ipnc_rdk_bios6.aem3 : system_dctrl.oem3 (.text:System_displayCtrlInit)
                  8ea48334    000003bc     hdvpss_drivers.aem3 : vps_dctrl.oem3 (.text:Vps_dcControl)
                  8ea486f0    000003bc                         : vpsdrv_m2mDeiCore.oem3 (.text:vpsMdrvDeiHqWrAdvCfgIoctl)
                  8ea48aac    000003ba                         : vpshal_sc.oem3 (.text:VpsHal_scGetScFactorConfig)
                  8ea48e66    00000002     --HOLE-- [fill = 0]
                  8ea48e68    000003b6     ipnc_rdk_bios6.aem3 : displayLink_drv.oem3 (.text:DisplayLink_drvHandleDynamicPitchChange)
                  8ea4921e    00000002     --HOLE-- [fill = 0]
                  8ea49220    000003b4     hdvpss_drivers.aem3 : vpshal_sc.oem3 (.text:VpsHal_scInit)
                  8ea495d4    000003ac                         : vpshal_vpdma.oem3 (.text:VpsHal_vpdmaInit)
                  8ea49980    000003a8                         : vpscore_vipResCommon.oem3 (.text:Vcore_vipRestoreMux)
                  8ea49d28    000003a4                         : vpscore_vip.oem3 (.text:Vcore_vipInit)
                  8ea4a0cc    000003a4                         : vpsdrv_captureList.oem3 (.text:Vps_captTskUpdateList)
                  8ea4a470    000003a0     ipnc_rdk_bios6.aem3 : deiLink_drv.oem3 (.text:DeiLink_drvReleaseFrames)
                  8ea4a810    0000039f     hdvpss_drivers.aem3 : vps_dlmPriv.oem3 (.text:vpsDlmLinkClientDesc)
                  8ea4abaf    00000001     --HOLE-- [fill = 0]
                  8ea4abb0    0000039c                         : vpscore_deiHal.oem3 (.text:vcoreDeiProgramFrmSizeReg)
                  8ea4af4c    0000039a                         : vpscore_scWrbkPath.oem3 (.text:Vcore_swpControl)
                  8ea4b2e6    00000002     --HOLE-- [fill = 0]
                  8ea4b2e8    00000395                         : vpshal_dei.oem3 (.text:VpsHal_deiSetFmdConfig)
                  8ea4b67d    00000003     --HOLE-- [fill = 0]
                  8ea4b680    00000394     ipnc_rdk_bios6.aem3 : dupLink_tsk.oem3 (.text:DupLink_drvCreate)
                  8ea4ba14    00000390     iss_swosd.aem3 : sw_osd_dm81xx.oem3 (.text:SWOSD_MakeOsdwinstring)
                  8ea4bda4    00000390     iss_drivers.aem3 : iss_comp.oem3 (.text:ipipe_set_sizes_ccp2_crop)
                  8ea4c134    00000390     hdvpss_drivers.aem3 : vpscore_deiApi.oem3 (.text:vcoreDeiUpdateRtPrms)
                  8ea4c4c4    0000038a                         : vps_dlm.oem3 (.text:vpsDlmCheckStartStopPrms)
                  8ea4c84e    00000002     --HOLE-- [fill = 0]
                  8ea4c850    00000386                         : vpsdrv_dispGrpx.oem3 (.text:VpsDdrv_grpxDelete)
                  8ea4cbd6    00000002     --HOLE-- [fill = 0]
                  8ea4cbd8    00000384                         : vpsdrv_captureApi.oem3 (.text:Vps_captSubFrameInitArgs)
                  8ea4cf5c    00000380                         : vpscore_grpxPriv.oem3 (.text:vcoreGrpxPrivInit)
                  8ea4d2dc    0000037c     ipnc_rdk_bios6.aem3 : ti_imx_swosd.oem3 (.text:SWOSD_imxCreate)
                  8ea4d658    0000037c                         : sclrLink_drv.oem3 (.text:SclrLink_drvCreateChObj)
                  8ea4d9d4    00000378                         : captureLink_drv.oem3 (.text:CaptureLink_drvCreate)
                  8ea4dd4c    00000376     hdvpss_drivers.aem3 : vpscore_vipResSingleChYuv422.oem3 (.text:Vcore_vipResAllocSingleChYuv422PathYuv422Out)
                  8ea4e0c2    00000002     --HOLE-- [fill = 0]
                  8ea4e0c4    00000375                         : vpsdrv_dispGrpx.oem3 (.text:VpsDdrvGrpxUpdateDesc)
                  8ea4e439    00000003     --HOLE-- [fill = 0]
                  8ea4e43c    00000374                         : vpshal_sc.oem3 (.text:scCheckParams)
                  8ea4e7b0    00000374                         : vpscore_dei.oem3 (.text:vcoreDeiProgramCurOutDesc)
                  8ea4eb24    00000374                         : vps_dlmPriv.oem3 (.text:vpsDlmPrivInit)
                  8ea4ee98    00000370                         : vpshal_vpdma.oem3 (.text:VpsHal_vpdmaLoadStateMachine)
                  8ea4f208    0000036e                         : vpsdrv_m2mNsfChannel.oem3 (.text:Vps_nsfChannelUpdateDescSet)
                  8ea4f576    0000036e     iss_vstab.aem3 : decide.oem3 (.text:clusterMVs)
                  8ea4f8e4    0000036c     rtsv7M3_T_le_eabi.lib : lowlev.obj (.text)
                  8ea4fc50    00000368     ti.syslink.ipc.rtos.aem3 : RingIOShm.oem3 (.text:_RingIOShm_writerFlush)
                  8ea4ffb8    00000362     hdvpss_drivers.aem3 : vpsdrv_dispGrpxPriv.oem3 (.text:vpsDdrvGrpxSetCore)
                  8ea5031a    00000002     --HOLE-- [fill = 0]
                  8ea5031c    00000360     ipc.lib : Ipc.obj (.text:MessageQ_put)
                  8ea5067c    00000360             : Ipc.obj (.text:ti_sdo_ipc_heaps_HeapMemMP_Instance_init__F)
                  8ea509dc    0000035c     hdvpss_drivers.aem3 : vpscore_deiApi.oem3 (.text:Vcore_deiProgramReg)
                  8ea50d38    0000035a     ipnc_rdk_bios6.aem3 : ti_swosd.oem3 (.text:DM81XX_SWOSD_setWinParam)
                  8ea51092    00000002     --HOLE-- [fill = 0]
                  8ea51094    00000358     hdvpss_drivers.aem3 : vpscore_vipResCommon.oem3 (.text:Vcore_vipGetConfigOvlySize)
                  8ea513ec    00000358                         : vpsdrv_m2mNsfChannel.oem3 (.text:Vps_nsfChannelSetProcessingCfg)
                  8ea51744    00000358     ti.syslink.ipc.rtos.aem3 : RingIOShm.oem3 (.text:_RingIOShm_readerFlush)
                  8ea51a9c    00000354     ipnc_rdk_bios6.aem3 : swMsLink_drv.oem3 (.text:SwMsLink_DrvProcessFrames)
                  8ea51df0    0000034c                         : captureLink_drv.oem3 (.text:CaptureLink_drvAllocAndQueueExtraFrames)
                  8ea5213c    00000344                         : displayLink_drv.oem3 (.text:DisplayLink_drvDeQueue)
                  8ea52480    00000342     ti.syslink.ipc.rtos.aem3 : RingIOShm.oem3 (.text:RingIOShm_openByAddr)
                  8ea527c2    00000002     --HOLE-- [fill = 0]
                  8ea527c4    00000340                              : ClientNotifyMgr.oem3 (.text:ClientNotifyMgr_sendNotification)
                  8ea52b04    00000340     ipnc_rdk_bios6.aem3 : swMsLink_drv.oem3 (.text:SwMsLink_drvCreateScDrv)
                  8ea52e44    00000340     iss_drivers.aem3 : issdrv_algTIaewb.oem3 (.text:TI_2A_config)
                  8ea53184    00000340     hdvpss_drivers.aem3 : vpshal_hdvenc.oem3 (.text:VpsHal_hdVencSetMode)
                  8ea534c4    00000340                         : vps_dctrlIntPriv.oem3 (.text:dcCreateRtConfigOverlay)
                  8ea53804    00000340     ipc.lib : Ipc.obj (.text:ti_sdo_ipc_GateMP_Instance_finalize__F)
                  8ea53b44    00000340     hdvpss_drivers.aem3 : vpscore_vip.oem3 (.text:vcoreVipScGetAdvConfig)
                  8ea53e84    0000033e                         : vps_dctrlHalPriv.oem3 (.text:dcConfigHal)
                  8ea541c2    00000002     --HOLE-- [fill = 0]
                  8ea541c4    0000033c                         : vpshal_vpdma.oem3 (.text:VpsHal_vpdmaCreateConfigDesc)
                  8ea54500    0000033c                         : vpscore_deiCommon.oem3 (.text:vcoreDeiSetDefChInfo)
                  8ea5483c    0000033a                         : vpsdrv_m2mScPriv.oem3 (.text:vpsMdrvScAllocDescMem)
                  8ea54b76    00000002     --HOLE-- [fill = 0]
                  8ea54b78    00000338     ipc.lib : Ipc.obj (.text:Notify_unregisterEvent)
                  8ea54eb0    00000338     ti.syslink.ipc.rtos.aem3 : RingIOShm.oem3 (.text:_RingIOShm_readerAcquire)
                  8ea551e8    00000336     hdvpss_drivers.aem3 : vpsdrv_m2mDeiCore.oem3 (.text:vpsMdrvDeiGetSocCh)
                  8ea5551e    00000002     --HOLE-- [fill = 0]
                  8ea55520    00000333                         : vpsdrv_displayPriv.oem3 (.text:vpsDdrvConfigBpSecCore)
                  8ea55853    00000001     --HOLE-- [fill = 0]
                  8ea55854    0000032f                         : vps_dlmPriv.oem3 (.text:vpsDlmLinkListCtrlDesc)
                  8ea55b83    00000001     --HOLE-- [fill = 0]
                  8ea55b84    0000032d                         : vpshal_sc.oem3 (.text:VpsHal_scSetConfig)
                  8ea55eb1    00000003     --HOLE-- [fill = 0]
                  8ea55eb4    0000032c     hdvpss_proxyServer.aem3 : vps_proxyServer.oem3 (.text:createFvid2Stream)
                  8ea561e0    0000032c     hdvpss_drivers.aem3 : vps_dctrl.oem3 (.text:dcCtrlNodeInput)
                  8ea5650c    00000328                         : vps_evtMgr.oem3 (.text:Vem_masterISR)
                  8ea56834    00000324     ipnc_rdk_bios6.aem3 : displayLink_drv.oem3 (.text:DisplayLink_drvDisplayCreate)
                  8ea56b58    00000324     hdvpss_drivers.aem3 : vpscore_graphics.oem3 (.text:Vcore_grpxUpdateDesc)
                  8ea56e7c    00000324     iss_drivers.aem3 : iss_comp.oem3 (.text:ipipe_set_sizes)
                  8ea571a0    00000324     ipc.lib : Ipc.obj (.text:ti_sdo_ipc_nsremote_NameServerRemoteNotify_Instance_init__F)
                  8ea574c4    00000324     hdvpss_drivers.aem3 : vpsdrv_m2mDeiPlatform.oem3 (.text:vpsMdrvDeiAgeCtxBufs)
                  8ea577e8    00000323                         : vps_dlm.oem3 (.text:vpsDlmListCompleteIsr)
                  8ea57b0b    00000001     --HOLE-- [fill = 0]
                  8ea57b0c    00000323                         : vps_dlmPriv.oem3 (.text:vpsDlmUnlinkClientDesc)
                  8ea57e2f    00000001     --HOLE-- [fill = 0]
                  8ea57e30    00000322                         : vpscore_secPath.oem3 (.text:Vcore_secSetFormat)
                  8ea58152    00000002     --HOLE-- [fill = 0]
                  8ea58154    00000320     iss_drivers.aem3 : issdrv_captureApi.oem3 (.text:bufSwitchFull)
                  8ea58474    00000320     hdvpss_drivers.aem3 : vps_dctrl.oem3 (.text:dcSetVencClkSrc)
                  8ea58794    0000031c     ipnc_rdk_bios6.aem3 : ipcFramesOutLink_tsk.oem3 (.text:IpcFramesOutLink_create)
                  8ea58ab0    0000031c     hdvpss_drivers.aem3 : vpscore_scWrbkPath.oem3 (.text:Vcore_swpInit)
                  8ea58dcc    0000031c                         : vpscore_vip.oem3 (.text:vcoreVipScSetAdvConfig)
                  8ea590e8    0000031c                         : vpsdrv_m2mDeiPlatform.oem3 (.text:vpsMdrvDeiReleaseCtxFields)
                  8ea59404    0000031a                         : vpsdrv_dispGrpx.oem3 (.text:vpsDdrvGrpxFbUpdateBufIsr)
                  8ea5971e    00000002     --HOLE-- [fill = 0]
                  8ea59720    00000316                         : vpscore_vip.oem3 (.text:vcoreVipProgramDesc)
                  8ea59a36    00000002     --HOLE-- [fill = 0]
                  8ea59a38    00000314     ipnc_rdk_bios6.aem3 : dupLink_tsk.oem3 (.text:DupLink_drvProcessFrames)
                  8ea59d4c    00000314                         : ipcOutM3Link_tsk.oem3 (.text:IpcOutM3Link_processFrames)
                  8ea5a060    00000314     hdvpss_drivers.aem3 : vpscore_secPath.oem3 (.text:Vcore_secInit)
                  8ea5a374    00000312                         : vpsdrv_m2mDeiApi.oem3 (.text:VpsMdrv_deiDelete)
                  8ea5a686    00000002     --HOLE-- [fill = 0]
                  8ea5a688    00000310     ipnc_rdk_bios6.aem3 : deiLink_drv.oem3 (.text:DeiLink_drvCreateFvidObj)
                  8ea5a998    00000310     ti.targets.arm.rtsarm.aem3 : System.oem3 (.text:xdc_runtime_System_doPrint__I)
                  8ea5aca8    0000030e     ipnc_rdk_bios6.aem3 : ipcFramesOutLink_tsk.oem3 (.text:IpcFramesOutLink_copyFrameInfo)
                  8ea5afb6    00000002     --HOLE-- [fill = 0]
                  8ea5afb8    0000030e     hdvpss_drivers.aem3 : vpscore_graphics.oem3 (.text:Vcore_grpxOpen)
                  8ea5b2c6    00000002     --HOLE-- [fill = 0]
                  8ea5b2c8    0000030c     ti.syslink.ipc.rtos.aem3 : ClientNotifyMgr.oem3 (.text:ClientNotifyMgr_setup)
                  8ea5b5d4    0000030c     iss_ud2a_imx122.aem3 : iss_ud2a.oem3 (.text:UD_IssAlg_capt2AEstimationExposure)
                  8ea5b8e0    0000030c     hdvpss_drivers.aem3 : vpscore_deiHal.oem3 (.text:vcoreDeiInitHalParams)
                  8ea5bbec    0000030c                         : vpsdrv_dispGrpx.oem3 (.text:vpsDdrvGrpxUpdateRtParams)
                  8ea5bef8    0000030a                         : vpscore_graphics.oem3 (.text:Vcore_grpxUpdateRtMem)
                  8ea5c202    00000002     --HOLE-- [fill = 0]
                  8ea5c204    00000309                         : vpshal_sc.oem3 (.text:VpsHal_scSetAdvConfig)
                  8ea5c50d    00000003     --HOLE-- [fill = 0]
                  8ea5c510    00000308     ipnc_rdk_bios6.aem3 : sclrLink_drv.oem3 (.text:SclrLink_drvCreate)
                  8ea5c818    00000308     hdvpss_drivers.aem3 : vpsdrv_captureList.oem3 (.text:Vps_captAddFrmToList)
                  8ea5cb20    00000307     ipnc_rdk_bios6.aem3 : system_common.oem3 (.text:System_memPrintHeapStatus)
                  8ea5ce27    00000001     --HOLE-- [fill = 0]
                  8ea5ce28    00000304     hdvpss_drivers.aem3 : vpshal_csc.oem3 (.text:VpsHal_cscSetConfig)
                  8ea5d12c    00000304                         : vpsdrv_m2mDeiPriv.oem3 (.text:vpsMdrvDeiFreeCoreMem)
                  8ea5d430    00000303                         : vpshal_grpx.oem3 (.text:VpsHal_grpxRegionParamsCheck)
                  8ea5d733    00000001     --HOLE-- [fill = 0]
                  8ea5d734    00000302                         : vpsdrv_m2mDeiPriv.oem3 (.text:vpsMdrvDeiAllocSplitHandleDescMem)
                  8ea5da36    00000002     --HOLE-- [fill = 0]
                  8ea5da38    00000300     ti.syslink.ipc.rtos.aem3 : ClientNotifyMgr.oem3 (.text:ClientNotifyMgr_execCallBackFxn)
                  8ea5dd38    00000300     iss_ip_run2_sched.aem3 : dmaSetup.oem3 (.text:_IP_RUN_initDmaChan)
                  8ea5e038    00000300     hdvpss_proxyServer.aem3 : vps_proxyServer.oem3 (.text:initSysLnkNtyShm)
                  8ea5e338    00000300     hdvpss_drivers.aem3 : vpsdrv_displayPriv.oem3 (.text:vpsDdrvPrivInit)
                  8ea5e638    000002fe                         : vpshal_vpdmaMosaic.oem3 (.text:printWindowsSplitParams)
                  8ea5e936    000002fa     ipnc_rdk_bios6.aem3 : utils_dma.oem3 (.text:Utils_dmaFill2D)
                  8ea5ec30    000002fa     hdvpss_drivers.aem3 : vpsdrv_dispGrpxPriv.oem3 (.text:vpsDdrvGrpxConfigDctrl)
                  8ea5ef2a    00000002     --HOLE-- [fill = 0]
                  8ea5ef2c    000002f9                         : vpsdrv_m2mDeiCore.oem3 (.text:vpsMdrvDeiRdAdvCfgIoctl)
                  8ea5f225    00000003     --HOLE-- [fill = 0]
                  8ea5f228    000002f8     iss_drivers.aem3 : isp_msp.oem3 (.text:MSP_ISP_control)
                  8ea5f520    000002f8     hdvpss_drivers.aem3 : vpscore_deiApi.oem3 (.text:Vcore_deiUpdateDesc)
                  8ea5f818    000002f8                         : vpsdrv_captureList.oem3 (.text:Vps_captAddToList)
                  8ea5fb10    000002f8                         : vpsdrv_m2mDeiPriv.oem3 (.text:vpsMdrvDeiAllocChObjs)
                  8ea5fe08    000002f8                         : vps_init_ti8107.oem3 (.text:vpsiHalInit)
                  8ea60100    000002f7                         : vpsdrv_m2mDeiCore.oem3 (.text:vpsMdrvDeiHqRdAdvCfgIoctl)
                  8ea603f7    00000001     --HOLE-- [fill = 0]
                  8ea603f8    000002f5                         : vpshal_vpdma.oem3 (.text:VpsHal_vpdmaCreateRegionDataDesc)
                  8ea606ed    00000003     --HOLE-- [fill = 0]
                  8ea606f0    000002f4     ipc.lib : Ipc.obj (.text:Notify_registerEvent)
                  8ea609e4    000002f4     ipnc_rdk_bios6.aem3 : utils_mbx.oem3 (.text:Utils_mbxSendMsg)
                  8ea60cd8    000002f3     hdvpss_drivers.aem3 : vpsdrv_m2mDeiCore.oem3 (.text:vpsMdrvDeiScRdAdvCfgIoctl)
                  8ea60fcb    00000001     --HOLE-- [fill = 0]
                  8ea60fcc    000002f3                         : vpsdrv_m2mDeiCore.oem3 (.text:vpsMdrvDeiScWrAdvCfgIoctl)
                  8ea612bf    00000001     --HOLE-- [fill = 0]
                  8ea612c0    000002f0     ipnc_rdk_bios6.aem3 : ipcBitsOutLink_tsk.oem3 (.text:IpcBitsOutLink_releaseBitBufs)
                  8ea615b0    000002f0     iss_drivers.aem3 : issdrv_captureApi.oem3 (.text:Iss_captControl)
                  8ea618a0    000002f0     ipnc_rdk_bios6.aem3 : swMsLink_drv.oem3 (.text:SwMsLink_drvCreateOutInfo)
                  8ea61b90    000002f0     hdvpss_drivers.aem3 : vpshal_hdvenc.oem3 (.text:VpsHal_hdvencInit)
                  8ea61e80    000002f0                         : vpsdrv_captureList.oem3 (.text:Vps_CaptTskPutCaptField)
                  8ea62170    000002f0                         : vpsdrv_captureList.oem3 (.text:Vps_captInitializeList)
                  8ea62460    000002f0                         : vpsdrv_captureList.oem3 (.text:Vps_captTskSubmitFrameList)
                  8ea62750    000002f0                         : vpsdrv_m2mSc.oem3 (.text:vpsMdrvScSetCoeffQObj)
                  8ea62a40    000002ee                         : vpscore_deiApi.oem3 (.text:Vcore_deiControl)
                  8ea62d2e    00000002     --HOLE-- [fill = 0]
                  8ea62d30    000002ee                         : vpscore_deiHal.oem3 (.text:vcoreDeiScGetAdvCfgIoctl)
                  8ea6301e    00000002     --HOLE-- [fill = 0]
                  8ea63020    000002ec                         : vpshal_comp.oem3 (.text:VpsHal_compInit)
                  8ea6330c    000002ec                         : vpsdrv_captureVip.oem3 (.text:Vps_captVipParserConfigSetup)
                  8ea635f8    000002ec     rtsv7M3_T_le_eabi.lib : trgdrv.obj (.text)
                  8ea638e4    000002ec     hdvpss_drivers.aem3 : vpsdrv_display.oem3 (.text:vpsDdrvSetDeiDispParamIoctl)
                  8ea63bd0    000002ea                         : vpsdrv_m2mSc.oem3 (.text:vpsMdrvScGetDescInfo)
                  8ea63eba    00000002     --HOLE-- [fill = 0]
                  8ea63ebc    000002e8                         : vpscore_deiWrbkPath.oem3 (.text:Vcore_dwpUpdateRtMem)
                  8ea641a4    000002e5                         : vpscore_deiApi.oem3 (.text:Vcore_deiUpdateRtMem)
                  8ea64489    00000003     --HOLE-- [fill = 0]
                  8ea6448c    000002e4     iss_drivers.aem3 : issdrv_algTIaewb.oem3 (.text:ALG_aewbControl)
                  8ea64770    000002e2     hdvpss_drivers.aem3 : vpscore_grpxPriv.oem3 (.text:vcoreGrpxCheckFormat)
                  8ea64a52    00000002     --HOLE-- [fill = 0]
                  8ea64a54    000002e0     ipnc_rdk_bios6.aem3 : sclrLink_drv.oem3 (.text:SclrLink_drvCreateFvidObj)
                  8ea64d34    000002dc                         : displayLink_drv.oem3 (.text:DisplayLink_drvSetFrameInfo)
                  8ea65010    000002dc     hdvpss_drivers.aem3 : vps_init_ti8107.oem3 (.text:vpsiCoreInit)
                  8ea652ec    000002da                         : vpscore_deiWrbkPath.oem3 (.text:Vcore_dwpOpen)
                  8ea655c6    00000002     --HOLE-- [fill = 0]
                  8ea655c8    000002da                         : vpscore_vip.oem3 (.text:Vcore_vipOpen)
                  8ea658a2    00000002     --HOLE-- [fill = 0]
                  8ea658a4    000002da                         : vpsdrv_m2mSc.oem3 (.text:vpsMdrvScInitDescAndRegs)
                  8ea65b7e    00000002     --HOLE-- [fill = 0]
                  8ea65b80    000002d9                         : vpshal_vpdma.oem3 (.text:VpsHal_vpdmaCreateOutBoundDataDesc)
                  8ea65e59    00000003     --HOLE-- [fill = 0]
                  8ea65e5c    000002d8     ipnc_rdk_bios6.aem3 : system_ipc_msgq.oem3 (.text:System_ipcMsgQSendMsg)
                  8ea66134    000002d8     hdvpss_drivers.aem3 : vpsdrv_captureList.oem3 (.text:Vps_captTskSubmitFieldList)
                  8ea6640c    000002d8     iss_ip_run2_sched.aem3 : _IP_run.oem3 (.text:_IP_RUN_init)
                  8ea666e4    000002d6     hdvpss_drivers.aem3 : vpsdrv_dispGrpx.oem3 (.text:vpsDdrvGrpxSetParams)
                  8ea669ba    00000002     --HOLE-- [fill = 0]
                  8ea669bc    000002d5                         : vpsdrv_m2mSc.oem3 (.text:vpsMdrvScCheckPerChParams)
                  8ea66c91    00000003     --HOLE-- [fill = 0]
                  8ea66c94    000002d4     iss_drivers.aem3 : issdrv_algTIaewb.oem3 (.text:ALG_aewbCreate)
                  8ea66f68    000002d4     hdvpss_drivers.aem3 : vpscore_dei.oem3 (.text:vcoreDeiHqFigureOutState)
                  8ea6723c    000002d1                         : vpscore_secPath.oem3 (.text:Vcore_secUpdateRtMem)
                  8ea6750d    00000003     --HOLE-- [fill = 0]
                  8ea67510    000002d0     iss_drivers.aem3 : issdrv_captureApi.oem3 (.text:Iss_captStart)
                  8ea677e0    000002d0     hdvpss_drivers.aem3 : vpsdrv_captureList.oem3 (.text:Vps_captMakeList)
                  8ea67ab0    000002cf     iss_drivers.aem3 : isp_msp.oem3 (.text:MSP_ISP_query)
                  8ea67d7f    00000001     --HOLE-- [fill = 0]
                  8ea67d80    000002cf     hdvpss_drivers.aem3 : vpsdrv_m2mDeiApi.oem3 (.text:vpsMdrvDeiSetScLazyLoadingIoctl)
                  8ea6804f    00000001     --HOLE-- [fill = 0]
                  8ea68050    000002ce                         : vpshal_vpdma.oem3 (.text:VpsHal_vpdmaCreateInBoundDataDesc)
                  8ea6831e    00000002     --HOLE-- [fill = 0]
                  8ea68320    000002ce                         : vps_dctrl.oem3 (.text:dcSetConfig)
                  8ea685ee    00000002     --HOLE-- [fill = 0]
                  8ea685f0    000002ce                         : vpscore_deiHal.oem3 (.text:vcoreDeiScSetAdvCfgIoctl)
                  8ea688be    00000002     --HOLE-- [fill = 0]
                  8ea688c0    000002cc     ipnc_rdk_bios6.aem3 : utils_tiler.oem3 (.text:Utils_tilerGetOriAddr)
                  8ea68b8c    000002c8     hdvpss_drivers.aem3 : vpshal_vcomp.oem3 (.text:VpsHal_vcompInit)
                  8ea68e54    000002c8                         : vpsdrv_captureApi.oem3 (.text:Vps_captAllocPath)
                  8ea6911c    000002c8     hdvpss_proxyServer.aem3 : vps_proxyServer.oem3 (.text:deallocSysLnkNtyNumber)
                  8ea693e4    000002c4     hdvpss_drivers.aem3 : vpscore_vipResCommon.oem3 (.text:Vcore_vipResInit)
                  8ea696a8    000002c4     ipc.lib : Ipc.obj (.text:ti_sdo_ipc_heaps_HeapMemMP_free__E)
                  8ea6996c    000002c0     hdvpss_drivers.aem3 : vpshal_cig.oem3 (.text:VpsHal_cigSetRtConfig)
                  8ea69c2c    000002c0                         : vpsdrv_m2mSlice.oem3 (.text:vpsMdrvScSubFrameCalcInfo)
                  8ea69eec    000002bc     ipnc_rdk_bios6.aem3 : deiLink_drv.oem3 (.text:DeiLink_drvSubmitData)
                  8ea6a1a8    000002bc                         : dupLink_tsk.oem3 (.text:DupLink_putEmptyFrames)
                  8ea6a464    000002bc     hdvpss_drivers.aem3 : fvid2_drvMgr.oem3 (.text:FVID2_create)
                  8ea6a720    000002bc     ipnc_rdk_bios6.aem3 : utils_dma.oem3 (.text:Utils_dmaCreateCh)
                  8ea6a9dc    000002bb     hdvpss_drivers.aem3 : vpscore_deiWrbkPath.oem3 (.text:vcoreDwpProgramDesc)
                  8ea6ac97    00000001     --HOLE-- [fill = 0]
                  8ea6ac98    000002bb                         : vpscore_vip.oem3 (.text:vcoreVipCheckParams)
                  8ea6af53    00000001     --HOLE-- [fill = 0]
                  8ea6af54    000002ba     ipnc_rdk_bios6.aem3 : swosdLink_tsk.oem3 (.text:SwosdLink_tskMain)
                  8ea6b20e    00000002     --HOLE-- [fill = 0]
                  8ea6b210    000002ba     hdvpss_drivers.aem3 : vpsdrv_m2mDeiReq.oem3 (.text:VpsMdrv_deiMlmCbFxn)
                  8ea6b4ca    00000002     --HOLE-- [fill = 0]
                  8ea6b4cc    000002b8     ipnc_rdk_bios6.aem3 : swMsLink_drv.oem3 (.text:SwMsLink_drvCreateWinObj)
                  8ea6b784    000002b8     hdvpss_drivers.aem3 : vpscore_vip.oem3 (.text:Vcore_vipUpdateDesc)
                  8ea6ba3c    000002b8                         : vpshal_dei.oem3 (.text:VpsHal_deiSetAdvConfig)
                  8ea6bcf4    000002b6     iss_ud2a_imx122.aem3 : iss_ud2a.oem3 (.text:UD_IssAlg_exposureMeanMaxMin)
                  8ea6bfaa    00000002     --HOLE-- [fill = 0]
                  8ea6bfac    000002b6     hdvpss_drivers.aem3 : vpscore_dei.oem3 (.text:vcoreDeiUpdateMode)
                  8ea6c262    00000002     --HOLE-- [fill = 0]
                  8ea6c264    000002b5                         : vpscore_secPath.oem3 (.text:Vcore_secUpdateDesc)
                  8ea6c519    00000003     --HOLE-- [fill = 0]
                  8ea6c51c    000002b5                         : vpsdrv_m2mDeiCore.oem3 (.text:vpsMdrvDeiCfgVipCore)
                  8ea6c7d1    00000003     --HOLE-- [fill = 0]
                  8ea6c7d4    000002b4                         : vpshal_sdvenc.oem3 (.text:VpsHal_sdVencSetConfig)
                  8ea6ca88    000002b4                         : vpsdrv_m2mScPriv.oem3 (.text:VpsMdrv_scInit)
                  8ea6cd3c    000002b2                         : vps_dlm.oem3 (.text:VpsDlm_setDescMem)
                  8ea6cfee    00000002     --HOLE-- [fill = 0]
                  8ea6cff0    000002b0     ipnc_rdk_bios6.aem3 : captureLink_drv.oem3 (.text:CaptureLink_drvCreateVideoDecoder)
                  8ea6d2a0    000002b0                         : ipcFramesInLink_tsk.oem3 (.text:IpcFramesInLink_create)
                  8ea6d550    000002b0     iss_drivers.aem3 : issdrv_captureApi.oem3 (.text:Iss_capt2AUpdate)
                  8ea6d800    000002b0                      : isif.oem3 (.text:isif_config_sdram_format)
                  8ea6dab0    000002b0     iss_vstab.aem3 : decide.oem3 (.text:updateReadoutPosition)
                  8ea6dd60    000002af     hdvpss_drivers.aem3 : fvid2_drvMgr.oem3 (.text:FVID2_checkProcessList)
                  8ea6e00f    00000001     --HOLE-- [fill = 0]
                  8ea6e010    000002ae                         : vpscore_scWrbkPath.oem3 (.text:Vcore_swpOpen)
                  8ea6e2be    00000002     --HOLE-- [fill = 0]
                  8ea6e2c0    000002ac     ipnc_rdk_bios6.aem3 : system_m3vpss.oem3 (.text:System_init)
                  8ea6e56c    000002ac     hdvpss_drivers.aem3 : vpscore_bypass.oem3 (.text:Vcore_bpUpdateRtMem)
                  8ea6e818    000002ac                         : vpsdrv_captureLm.oem3 (.text:Vps_captLmPostDescList)
                  8ea6eac4    000002ac                         : vpsdrv_display.oem3 (.text:vpsDrvGetNextBufState)
                  8ea6ed70    000002a8     ipc.lib : Ipc.obj (.text:SharedRegion_setEntry)
                  8ea6f018    000002a8     hdvpss_drivers.aem3 : vpsdrv_dispGrpx.oem3 (.text:VpsDdrv_grpxDequeue)
                  8ea6f2c0    000002a8                         : vpsdrv_display.oem3 (.text:VpsDdrv_queue)
                  8ea6f568    000002a8                         : vps_dlmPriv.oem3 (.text:vpsDlmUnLinkListCtrlDesc)
                  8ea6f810    000002a8                         : vpsdrv_m2mDeiApi.oem3 (.text:vpsMdrvDeiModifyLazyLoadingCfg)
                  8ea6fab8    000002a6                         : vpscore_bypass.oem3 (.text:Vcore_bpSetFormat)
                  8ea6fd5e    00000002     --HOLE-- [fill = 0]
                  8ea6fd60    000002a3                         : vpscore_graphics.oem3 (.text:Vcore_grpxGetParams)
                  8ea70003    00000001     --HOLE-- [fill = 0]
                  8ea70004    000002a2                         : vps_mlm.oem3 (.text:mlmFreeQueues)
                  8ea702a6    000002a2                         : vpsdrv_m2mSc.oem3 (.text:vpsMdrvScSubFrmUpdate)
                  8ea70548    000002a0     ipnc_rdk_bios6.aem3 : sclrLink_drv.oem3 (.text:SclrLink_drvPrintStatistics)
                  8ea707e8    0000029c     edma3_lld_rm.aem3 : edma3resmgr.oem3 (.text:EDMA3_RM_open)
                  8ea70a84    0000029c     hdvpss_drivers.aem3 : vps_mlm.oem3 (.text:Mlm_register)
                  8ea70d20    0000029c     hdvpss_i2c.aem3 : psp_i2cdrv.oem3 (.text:PSP_i2cCreate)
                  8ea70fbc    0000029b     hdvpss_drivers.aem3 : vpscore_deiApi.oem3 (.text:Vcore_deiProgramScCoeff)
                  8ea71257    00000001     --HOLE-- [fill = 0]
                  8ea71258    00000298     ipc.lib : Ipc.obj (.text:NameServer_add)
                  8ea714f0    00000298     hdvpss_drivers.aem3 : vpsdrv_display.oem3 (.text:vpsDdrvSetFmtIoctl)
                  8ea71788    00000298                         : vpsdrv_m2mSlice.oem3 (.text:vpsMdrvScSubFrameCalcHorzInfo)
                  8ea71a20    00000297                         : vpscore_vip.oem3 (.text:Vcore_vipProgramScCoeff)
                  8ea71cb7    00000001     --HOLE-- [fill = 0]
                  8ea71cb8    00000294     ipnc_rdk_bios6.aem3 : ipcOutM3Link_tsk.oem3 (.text:IpcOutM3Link_create)
                  8ea71f4c    00000294     hdvpss_drivers.aem3 : vpscore_bypass.oem3 (.text:Vcore_bpUpdateDesc)
                  8ea721e0    00000294                         : vpscore_deiWrbkPath.oem3 (.text:Vcore_dwpUpdateDesc)
                  8ea72474    00000294                         : vpscore_deiHal.oem3 (.text:vcoreDeiGetAdvCfgIoctl)
                  8ea72708    00000292                         : vpshal_grpx.oem3 (.text:VpsHal_grpxSetFrameAttr)
                  8ea7299a    00000292                         : vpsdrv_m2mNsfChannel.oem3 (.text:Vps_nsfChannelMakeDescSet)
                  8ea72c2c    00000292                         : vpscore_graphics.oem3 (.text:vcoreGrpxProgramOvlyMem)
                  8ea72ebe    00000002     --HOLE-- [fill = 0]
                  8ea72ec0    00000290     ipnc_rdk_bios6.aem3 : nsfLink_drv.oem3 (.text:NsfLink_drvProcessData)
                  8ea73150    00000290                         : selectLink_tsk.oem3 (.text:SelectLink_drvProcessFrames)
                  8ea733e0    00000290     iss_vstab.aem3 : decide.oem3 (.text:initClusters)
                  8ea73670    00000290     hdvpss_drivers.aem3 : vpscore_deiHal.oem3 (.text:vcoreDeiSetFsEvent)
                  8ea73900    0000028e                         : vpsdrv_captureList.oem3 (.text:Vps_CaptTskUpdateFrm)
                  8ea73b8e    00000002     --HOLE-- [fill = 0]
                  8ea73b90    0000028c     ipnc_rdk_bios6.aem3 : captureLink_drv.oem3 (.text:CaptureLink_drvFreeFrames)
                  8ea73e1c    0000028c                         : utils_tiler.oem3 (.text:Utils_tilerFrameAlloc)
                  8ea740a8    0000028b     hdvpss_drivers.aem3 : vps_dctrlHalPriv.oem3 (.text:dcVcompSetInput)
                  8ea74333    00000001     --HOLE-- [fill = 0]
                  8ea74334    00000289                         : vpshal_vpdmaMosaic.oem3 (.text:printSplitWindows)
                  8ea745bd    00000001     --HOLE-- [fill = 0]
                  8ea745be    00000288     iss_dcc.aem3 : process_binary.oem3 (.text:dcc_update)
                  8ea74846    00000002     --HOLE-- [fill = 0]
                  8ea74848    00000288     hdvpss_drivers.aem3 : vpsdrv_display.oem3 (.text:vpsDeiDdrvUpdateCoreRtParams)
                  8ea74ad0    00000286                         : vpsdrv_captureList.oem3 (.text:Vps_CaptTskUpdateField)
                  8ea74d56    00000002     --HOLE-- [fill = 0]
                  8ea74d58    00000286                         : vpscore_deiHal.oem3 (.text:vcoreDeiSetChParams)
                  8ea74fde    00000002     --HOLE-- [fill = 0]
                  8ea74fe0    00000284                         : vpsdrv_dispGrpx.oem3 (.text:VpsDdrv_grpxQueue)
                  8ea75264    00000284                         : vpshal_sdvenc.oem3 (.text:VpsHal_sdvencInit)
                  8ea754e8    00000284     iss_drivers.aem3 : isif.oem3 (.text:isif_config_ip_data_formatter)
                  8ea7576c    00000284     hdvpss_drivers.aem3 : vpscore_deiCommon.oem3 (.text:vcoreDeiInit)
                  8ea759f0    00000283                         : vpsdrv_dispGrpxPriv.oem3 (.text:vpsDdrvGrpxGetNextBufState)
                  8ea75c73    00000001     --HOLE-- [fill = 0]
                  8ea75c74    00000282     ti.syslink.ipc.rtos.aem3 : RingIOShm.oem3 (.text:_RingIOShm_writersetvAttribute)
                  8ea75ef6    00000002     --HOLE-- [fill = 0]
                  8ea75ef8    00000280     ipnc_rdk_bios6.aem3 : deiLink_drv.oem3 (.text:DeiLink_drvAllocCtxMem)
                  8ea76178    00000280                         : ipcFramesInLink_tsk.oem3 (.text:IpcFramesInLink_setOutQueInfo)
                  8ea763f8    00000280                         : mergeLink_tsk.oem3 (.text:MergeLink_putEmptyFrames)
                  8ea76678    00000280                         : swMsLink_drv.oem3 (.text:SwMsLink_drvDelete)
                  8ea768f8    00000280     hdvpss_drivers.aem3 : vpscore_vipResCommon.oem3 (.text:Vcore_vipResFree)
                  8ea76b78    00000280                         : vpsdrv_captureVip.oem3 (.text:Vps_captVipSubFrameRegisterIsr)
                  8ea76df8    00000280     ipc.lib : Ipc.obj (.text:ti_sdo_ipc_SharedRegion_start__F)
                  8ea77078    00000280             : Ipc.obj (.text:ti_sdo_ipc_transports_TransportShm_put__E)
                  8ea772f8    0000027c     iss_drivers.aem3 : issdrv_algTIaewb.oem3 (.text:GETTING_RGB_BLOCK_VALUE)
                  8ea77574    0000027c     ipc.lib : Ipc.obj (.text:Notify_sendEvent)
                  8ea777f0    0000027c     ipnc_rdk_bios6.aem3 : swMsLink_drv.oem3 (.text:SwMsLink_drvAllocCtxMem)
                  8ea77a6c    0000027c     hdvpss_drivers.aem3 : vpscore_bypass.oem3 (.text:Vcore_bpCreateLayout)
                  8ea77ce8    0000027c                         : vpscore_deiApi.oem3 (.text:Vcore_deiCreateLayout)
                  8ea77f64    0000027c                         : vpscore_graphics.oem3 (.text:Vcore_grpxCreateLayout)
                  8ea781e0    0000027c                         : vpshal_hdvenc.oem3 (.text:VpsHal_hdVencSetOutput)
                  8ea7845c    0000027c     hdvpss_proxyServer.aem3 : vps_proxyServer.oem3 (.text:allocSysLnkNtyNumber)
                  8ea786d8    0000027b     hdvpss_drivers.aem3 : vpsdrv_m2mDeiCore.oem3 (.text:vpsMdrvDeiAlcCfgVipCore)
                  8ea78953    00000001     --HOLE-- [fill = 0]
                  8ea78954    00000278     ipnc_rdk_bios6.aem3 : ti_swosd.oem3 (.text:DM81XX_SWOSD_create)
                  8ea78bcc    00000276     hdvpss_drivers.aem3 : vps_dctrlIntPriv.oem3 (.text:Dc_setRtConfig)
                  8ea78e42    00000002     --HOLE-- [fill = 0]
                  8ea78e44    00000274     ipnc_rdk_bios6.aem3 : ipcFramesInLink_tsk.oem3 (.text:IpcFramesInLink_copyFrameInfo)
                  8ea790b8    00000274                         : swMsLink_drv.oem3 (.text:SwMsLink_drvPrintLayoutParams)
                  8ea7932c    00000274     hdvpss_drivers.aem3 : vps_dctrl.oem3 (.text:dcDisableVenc)
                  8ea795a0    00000272                         : vpshal_dei.oem3 (.text:VpsHal_deiSetConfig)
                  8ea79812    00000002     --HOLE-- [fill = 0]
                  8ea79814    00000272                         : vpsdrv_m2mDeiPriv.oem3 (.text:vpsMdrvDeiProgramDesc)
                  8ea79a86    00000002     --HOLE-- [fill = 0]
                  8ea79a88    00000270                         : vpscore_deiApi.oem3 (.text:Vcore_deiGetScFactorConfig)
                  8ea79cf8    00000270     iss_drivers.aem3 : ccp2.oem3 (.text:ccp2_config)
                  8ea79f68    00000270     hdvpss_drivers.aem3 : vpsdrv_display.oem3 (.text:vpsDdrvSetDispMode)
                  8ea7a1d8    0000026e                         : vpsdrv_m2mDeiCore.oem3 (.text:vpsMdrvDeiCloseCores)
                  8ea7a446    00000002     --HOLE-- [fill = 0]
                  8ea7a448    0000026d                         : vps_init_ti8107.oem3 (.text:vpsiHalDeInit)
                  8ea7a6b5    00000003     --HOLE-- [fill = 0]
                  8ea7a6b8    0000026c     ipnc_rdk_bios6.aem3 : sclrLink_drv.oem3 (.text:SclrLink_drvQueueFramesToChQue)
                  8ea7a924    0000026c                         : swosdLink_tsk.oem3 (.text:SwosdLink_processFrames)
                  8ea7ab90    0000026c                         : utils_tiler_allocator.oem3 (.text:Utils_tilerAllocatorAlloc)
                  8ea7adfc    0000026c     hdvpss_drivers.aem3 : vpshal_nf.oem3 (.text:VpsHal_nfSetConfig)
                  8ea7b068    0000026a                         : vpscore_bypass.oem3 (.text:Vcore_bpOpen)
                  8ea7b2d2    00000002     --HOLE-- [fill = 0]
                  8ea7b2d4    0000026a                         : vpscore_deiApi.oem3 (.text:Vcore_deiOpen)
                  8ea7b53e    00000002     --HOLE-- [fill = 0]
                  8ea7b540    0000026a                         : vpscore_deiApi.oem3 (.text:vcoreDeiUpdateRtDescMem)
                  8ea7b7aa    00000002     --HOLE-- [fill = 0]
                  8ea7b7ac    00000269                         : vpshal_sc.oem3 (.text:VpsHal_scSetRunTimeConfig)
                  8ea7ba15    00000003     --HOLE-- [fill = 0]
                  8ea7ba18    00000268                         : vpscore_vip.oem3 (.text:Vcore_vipGetScFactorConfig)
                  8ea7bc80    00000268                         : vps_evtMgr.oem3 (.text:Vem_register)
                  8ea7bee8    00000268                         : vpshal_vpdmaMosaic.oem3 (.text:VpsHal_vpdmaInitMosaic)
                  8ea7c150    00000268                         : vps_dctrl.oem3 (.text:dcClearConfig)
                  8ea7c3b8    00000268     ipc.lib : Ipc.obj (.text:ti_sdo_ipc_family_ti81xx_InterruptDucati_intRegister__E)
                  8ea7c620    00000268     hdvpss_drivers.aem3 : vpsdrv_m2mSc.oem3 (.text:vpsMdrvScModifyLazyLoadingCfg)
                  8ea7c888    00000267     ipnc_rdk_bios6.aem3 : deiLink_tsk.oem3 (.text:DeiLink_tskMain)
                  8ea7caef    00000001     --HOLE-- [fill = 0]
                  8ea7caf0    00000264                         : ipcBitsOutLink_tsk.oem3 (.text:IpcBitsOutLink_mapListElem2BitBuf)
                  8ea7cd54    00000264     hdvpss_drivers.aem3 : vpscore_graphics.oem3 (.text:Vcore_grpxSetFormat)
                  8ea7cfb8    00000264                         : vpsdrv_captureList.oem3 (.text:Vps_captDoDisSyncStartSequence)
                  8ea7d21c    00000262                         : vpscore_deiApi.oem3 (.text:Vcore_deiSetParams)
                  8ea7d47e    00000002     --HOLE-- [fill = 0]
                  8ea7d480    00000261                         : vpscore_scWrbkPath.oem3 (.text:Vcore_swpUpdateDesc)
                  8ea7d6e1    00000003     --HOLE-- [fill = 0]
                  8ea7d6e4    00000260                         : vpscore_deiApi.oem3 (.text:Vcore_deiProgramDesc)
                  8ea7d944    00000260                         : vpsdrv_captureVip.oem3 (.text:Vps_captVipSubFrameEOFIsr)
                  8ea7dba4    00000260     hdvpss_i2c.aem3 : psp_i2cdrv.oem3 (.text:i2c_isr)
                  8ea7de04    00000260     hdvpss_drivers.aem3 : vpshal_vpdmaMosaic.oem3 (.text:makeXAxisSplitterList)
                  8ea7e064    00000260     ipc.lib : Ipc.obj (.text:ti_sdo_ipc_notifyDrivers_NotifyDriverShm_Instance_init__F)
                  8ea7e2c4    00000260     hdvpss_drivers.aem3 : vpscore_deiHal.oem3 (.text:vcoreDeiSetAdvCfgIoctl)
                  8ea7e524    0000025c     ti.syslink.ipc.rtos.aem3 : ClientNotifyMgr.oem3 (.text:ClientNotifyMgr_unregisterClient)
                  8ea7e780    0000025c     hdvpss_drivers.aem3 : vpsdrv_captureLm.oem3 (.text:Vps_captLmInit)
                  8ea7e9dc    00000258     ti.syslink.ipc.rtos.aem3 : ClientNotifyMgr.oem3 (.text:ClientNotifyMgr_registerClient)
                  8ea7ec34    00000258     ipnc_rdk_bios6.aem3 : displayLink_drv.oem3 (.text:DisplayLink_drvSetPitchInfo)
                  8ea7ee8c    00000258     hdvpss_drivers.aem3 : vpshal_sdvenc.oem3 (.text:VpsHal_sdVencSetControl)
                  8ea7f0e4    00000258     hdvpss_i2c.aem3 : psp_i2cdrv.oem3 (.text:Vps_i2cTransferMsgInt)
                  8ea7f33c    00000258     hdvpss_platform.aem3 : vps_platformTI8107.oem3 (.text:Vps_platformTI8107DeviceInit)
                  8ea7f594    00000258     hdvpss_drivers.aem3 : vpscore_bypassPriv.oem3 (.text:vcoreBpFreeFreeCh)
                  8ea7f7ec    00000258                         : vpscore_bypassPriv.oem3 (.text:vcoreBpPrivInit)
                  8ea7fa44    00000258                         : vpscore_deiCommon.oem3 (.text:vcoreDeiFreeFreeCh)
                  8ea7fc9c    00000255     ipnc_rdk_bios6.aem3 : sclrLink_tsk.oem3 (.text:SclrLink_tskMain)
                  8ea7fef1    00000003     --HOLE-- [fill = 0]
                  8ea7fef4    00000254     iss_drivers.aem3 : issdrv_captureApi.oem3 (.text:Iss_captDelete)
                  8ea80148    00000254     hdvpss_drivers.aem3 : vpshal_grpx.oem3 (.text:VpsHal_grpxSetSc)
                  8ea8039c    00000252                         : vpshal_cig.oem3 (.text:VpsHal_cigSetConfig)
                  8ea805ee    00000002     --HOLE-- [fill = 0]
                  8ea805f0    00000252                         : vpsdrv_m2mDeiPriv.oem3 (.text:vpsMdrvDeiAllocCoreMem)
                  8ea80842    00000002     --HOLE-- [fill = 0]
                  8ea80844    00000250     ipnc_rdk_bios6.aem3 : ipcBitsOutLink_tsk.oem3 (.text:IpcBitsOutLink_copyBitBufInfo2ListElem)
                  8ea80a94    00000250     ipc.lib : Ipc.obj (.text:ListMP_getHead)
                  8ea80ce4    00000250     sysbios.lib : BIOS.obj (.text:ti_sysbios_heaps_HeapMem_free__E)
                  8ea80f34    0000024c     ipc.lib : Ipc.obj (.text:Notify_registerEventSingle)
                  8ea81180    0000024c     iss_drivers.aem3 : ipipe.oem3 (.text:ipipe_config_bsc)
                  8ea813cc    0000024a     hdvpss_drivers.aem3 : vpsdrv_m2mNsfChannel.oem3 (.text:Vps_nsfChannelCreate)
                  8ea81616    00000002     --HOLE-- [fill = 0]
                  8ea81618    0000024a                         : vps_mlm.oem3 (.text:mlmListCompleteIsr)
                  8ea81862    0000024a                         : vpsdrv_m2mSlice.oem3 (.text:vpsMdrvScSubFrameCalcPostProcInfo)
                  8ea81aac    00000249                         : vpscore_scWrbkPath.oem3 (.text:Vcore_swpProgramReg)
                  8ea81cf5    00000003     --HOLE-- [fill = 0]
                  8ea81cf8    00000248     iss_drivers.aem3 : ccp2.oem3 (.text:CCP2_Read_from_Memory_Config)
                  8ea81f40    00000248     ipnc_rdk_bios6.aem3 : captureLink_drv.oem3 (.text:CaptureLink_drvDetectVideoStandard)
                  8ea82188    00000246     hdvpss_drivers.aem3 : vpshal_vip.oem3 (.text:VpsHal_vipSetPortConfig)
                  8ea823ce    00000002     --HOLE-- [fill = 0]
                  8ea823d0    00000246                         : vpsdrv_m2mDeiCore.oem3 (.text:vpsMdrvDeiCfgDeiWrbkCore)
                  8ea82616    00000002     --HOLE-- [fill = 0]
                  8ea82618    00000246                         : vpsdrv_m2mDeiApi.oem3 (.text:vpsMdrvDeiGetCtxInfoIoctl)
                  8ea8285e    00000002     --HOLE-- [fill = 0]
                  8ea82860    00000245                         : vpsdrv_m2mSc.oem3 (.text:vpsMdrvScCloseCores)
                  8ea82aa5    00000003     --HOLE-- [fill = 0]
                  8ea82aa8    00000244     ipc.lib : Ipc.obj (.text:Notify_unregisterEventSingle)
                  8ea82cec    00000244     ipnc_rdk_bios6.aem3 : nsfLink_drv.oem3 (.text:NsfLink_drvPrintStatistics)
                  8ea82f30    00000244     hdvpss_drivers.aem3 : vpsdrv_captureList.oem3 (.text:Vps_captTskMvDescTempToEmpty)
                  8ea83174    00000244                         : vpscore_deiHal.oem3 (.text:vcoreDeiSetDescInfo)
                  8ea833b8    00000242                         : vpsdrv_m2mSc.oem3 (.text:vpsMdrvScSplitSPadDescMem)
                  8ea835fa    00000002     --HOLE-- [fill = 0]
                  8ea835fc    00000240     ipnc_rdk_bios6.aem3 : ipcBitsInLink_tsk.oem3 (.text:IpcBitsInLink_putEmptyBitBufs)
                  8ea8383c    00000240     hdvpss_drivers.aem3 : vpsdrv_display.oem3 (.text:VpsDdrv_dequeue)
                  8ea83a7c    00000240     iss_drivers.aem3 : ipipe.oem3 (.text:ipipe_config_noise_filter)
                  8ea83cbc    00000240     sysbios.lib : BIOS.obj (.text:ti_sysbios_knl_Task_Module_startup__F)
                  8ea83efc    00000240     hdvpss_drivers.aem3 : vps_init_ti8107.oem3 (.text:vpsiHalClose)
                  8ea8413c    0000023e     iss_ip_run2_sched.aem3 : vicp_edma3.oem3 (.text:VICP_EDMA3_copyParamEntry)
                  8ea8437a    00000002     --HOLE-- [fill = 0]
                  8ea8437c    0000023d     hdvpss_drivers.aem3 : vpshal_dei.oem3 (.text:VpsHal_deiGetAdvConfig)
                  8ea845b9    00000003     --HOLE-- [fill = 0]
                  8ea845bc    0000023c                         : vpscore_vipResCommon.oem3 (.text:Vcore_vipResAllocMultiChPath)
                  8ea847f8    0000023c                         : vpscore_vipResCommon.oem3 (.text:Vcore_vipResAllocPath)
                  8ea84a34    0000023c     ti.syslink.ipc.rtos.aem3 : RingIOShm.oem3 (.text:_RingIOShm_readergetvAttribute)
                  8ea84c70    0000023c     iss_drivers.aem3 : iss_drv_ipipe.oem3 (.text:issIpipeConfigProcessing)
                  8ea84eac    0000023c     sysbios.lib : BIOS.obj (.text:ti_sysbios_utils_Load_update__E)
                  8ea850e8    0000023a     hdvpss_drivers.aem3 : vpscore_deiWrbkPath.oem3 (.text:Vcore_dwpSetFormat)
                  8ea85322    00000002     --HOLE-- [fill = 0]
                  8ea85324    0000023a                         : vpsdrv_m2mSc.oem3 (.text:vpsMdrvScSplitDescMem)
                  8ea8555e    00000002     --HOLE-- [fill = 0]
                  8ea85560    00000238     ti.syslink.ipc.rtos.aem3 : ClientNotifyMgr.oem3 (.text:ClientNotifyMgr_sendForceNotification)
                  8ea85798    00000238     iss_drivers.aem3 : issdrv_algTIaewb.oem3 (.text:TI2AFunc)
                  8ea859d0    00000238     ipc.lib : Ipc.obj (.text:ti_sdo_ipc_Ipc_procSyncStart__I)
                  8ea85c08    00000238     sysbios.lib : BIOS.obj (.text:ti_sysbios_heaps_HeapMem_alloc__E)
                  8ea85e40    00000236     iss_drivers.aem3 : issdrv_captureApi.oem3 (.text:Iss_captCreateQueues)
                  8ea86076    00000002     --HOLE-- [fill = 0]
                  8ea86078    00000236     hdvpss_drivers.aem3 : vpshal_vpdmaMosaic.oem3 (.text:removeOverlappingWindow)
                  8ea862ae    00000002     --HOLE-- [fill = 0]
                  8ea862b0    00000236                         : vpsdrv_m2mScPriv.oem3 (.text:vpsMdrvScAllocChOvlyMems)
                  8ea864e6    00000002     --HOLE-- [fill = 0]
                  8ea864e8    00000234     ipnc_rdk_bios6.aem3 : deiLink_tsk.oem3 (.text:DeiLink_putEmptyFrames)
                  8ea8671c    00000234                         : system_ipc_listMP.oem3 (.text:System_ipcListMPCreate)
                  8ea86950    00000234                         : utils_dmtimer.oem3 (.text:utils_dmtimer_setfreq)
                  8ea86b84    00000234     hdvpss_drivers.aem3 : vpscore_vip.oem3 (.text:vcoreVipSetConfig)
                  8ea86db8    00000230     iss_ud2a_imx122.aem3 : iss_ud2a.oem3 (.text:UD_IssAlg_capt2AEstimationWhiteBalance)
                  8ea86fe8    00000230     hdvpss_drivers.aem3 : vps_dctrlIntPriv.oem3 (.text:dcIntInit)
                  8ea87218    00000230     iss_drivers.aem3 : iss_comp.oem3 (.text:issDrvRawToYuvStart)
                  8ea87448    0000022f     hdvpss_drivers.aem3 : vpshal_vcomp.oem3 (.text:vcompSetVideoMain)
                  8ea87677    00000001     --HOLE-- [fill = 0]
                  8ea87678    0000022f                         : vpsdrv_m2mSc.oem3 (.text:vpsMdrvScCheckPerListParams)
                  8ea878a7    00000001     --HOLE-- [fill = 0]
                  8ea878a8    0000022e                         : vpshal_sc.oem3 (.text:scSetEdgeDetectParams)
                  8ea87ad6    00000002     --HOLE-- [fill = 0]
                  8ea87ad8    0000022c     ipnc_rdk_bios6.aem3 : ipcFramesInLink_tsk.oem3 (.text:IpcFramesInLink_processFrameBufs)
                  8ea87d04    0000022c     ti.syslink.ipc.rtos.aem3 : RingIOShm.oem3 (.text:RingIOShm_sharedMemReq)
                  8ea87f30    0000022c     hdvpss_drivers.aem3 : vpsdrv_captureApi.oem3 (.text:Vps_captControl)
                  8ea8815c    0000022c                         : vpsdrv_captureVip.oem3 (.text:Vps_captVipSubFrameUnRegisterIsr)
                  8ea88388    0000022c     hdvpss_devices.aem3 : vpsdrv_deviceI2c.oem3 (.text:Vps_deviceI2cInit)
                  8ea885b4    0000022c     ti.syslink.ipc.rtos.aem3 : RingIOShm.oem3 (.text:_RingIOShm_writerAcquire)
                  8ea887e0    0000022c     sysbios.lib : BIOS.obj (.text:ti_sysbios_knl_Task_Instance_finalize__F)
                  8ea88a0c    00000228     ipc.lib : Ipc.obj (.text:MessageQ_free)
                  8ea88c34    00000228     hdvpss_proxyServer.aem3 : vps_proxyServer.oem3 (.text:initializeClientNtfyTask)
                  8ea88e5c    00000228     hdvpss_drivers.aem3 : vpshal_sc.oem3 (.text:scCalVertPolyphaseParams)
                  8ea89084    00000227                         : vps_dctrlHalPriv.oem3 (.text:dcCompSetInput)
                  8ea892ab    00000001     --HOLE-- [fill = 0]
                  8ea892ac    00000226                         : vpshal_dei.oem3 (.text:VpsHal_deiSetFrameSize)
                  8ea894d2    00000002     --HOLE-- [fill = 0]
                  8ea894d4    00000224     ipnc_rdk_bios6.aem3 : captureLink_tsk.oem3 (.text:CaptureLink_tskRun)
                  8ea896f8    00000224                         : ipcBitsInLink_tsk.oem3 (.text:IpcBitsInLink_processBitBufs)
[...]
8eb1adf0   xdc_runtime_Text_registryModsLastId__C
8eb1adf4   xdc_runtime_Text_unnamedModsLastId__C
8eb1adf8   ti_sdo_ipc_Ipc_procSync__C
8eb1adfc   ti_sdo_ipc_gates_GateMPSupportNull_action__C
8eb1ae00   ti_sysbios_family_arm_ducati_TimestampProvider_inpsel__C
8eb1ae04   xdc_runtime_Error_policy__C
8ec00000   gDupLink_obj
8edf6b60   gVps_captCommonObj
8f11df68   gSwMsLink_obj
8f223bc8   ti_sysbios_heaps_HeapMem_Instance_State_0_buf__A
8f313bc8   gCaptureLink_obj
8f4b5d80   gMergeLink_obj
8f565654   VpsRegOvly
8f565658   gDeiLink_obj
8f5ea898   gIpcFramesInLink_obj
8f662c78   gNullSrcLink_obj
8f72e6a8   gVpsMdrvDeiPoolObj
8f782288   gSelectLink_obj
8f7c4ce8   gNsfLink_obj
8f847b68   gSclrLink_obj
8f927324   gIpcFramesOutLink_obj
8f9551a0   gMergeLink_tskStack
8f97d1a0   gDisplayLink_obj
8f9c2c70   strbuf_UV
8f9c2c74   idxHndl
8f9c2c80   gDeiLink_tskStack
8f9e2c80   gDupLink_tskStack
8fa02c80   gSwMsLink_tskStack
8fa22c80   gDisplayLink_tskStack
8fa3ac80   gIpcFramesOutLink_tskStack
8fa7d4b8   gIpcBitsOutLink_obj
8fa8f198   VpdmaBaseAddress
8fa8f19c   gVpsHal_vpsBaseAddress
8fa8f1a0   gCaptureLink_tskStack
8fa9f1a0   gIpcBitsInLink_tskStack
8faaf1a0   gIpcBitsOutLink_tskStack
8fabf1a0   gIpcFramesInLink_tskStack
8facf1a0   gIpcInM3Link_tskStack
8fadf1a0   gIpcOutM3Link_tskStack
8faef1a0   gNsfLink_tskStack
8faff1a0   gSclrLink_tskStack
8fb0f1a0   gIpcOutM3Link_obj
8fb1eea8   gVem_clientInfoMemPool
8fb2d6b0   gIpcBitsInLink_obj
8fb3b4c0   gIpcInM3Link_obj
8fb48cc0   gVps_captLmObj
8fb56178   gSwosdLink_obj
8fb6bce8   ti_sysbios_knl_Task_Instance_State_0_stack__A
8fb7e100   gNullLink_tskStack
8fb86100   gNullSrcLink_tskStack
8fb8e100   gSelectLink_tskStack
8fb96100   gSwosdLink_tskStack
8fb9e100   gSystemLink_tskStack
8fba6100   gSystem_tskStack
8fbae100   gSystem_tskMsgQStack
8fbb6100   gVps_nsfCommonObj
8fbe2424   edma3DrvChBoundRes
8fbe7644   gNullLink_obj
8fbec054   gVpsHalVpdmaTraceObj
8fbf0280   gIssAlg_captTskStack2A
8fc020c0   createPrm
8fc0a7b0   yHistCount
8fc0a7c0   gVps_captTskStackListUpdate
8fc0cfc0   gIssAlg_captTskStackUpdate
8fc119c0   Histogram
8fc139c0   drvInstance
8fc158e0   gUtils_prfObj
8fc174e0   gSystem_objCommon
8fc18d54   resMgrInstanceArray
8fc1a5b4   gSystemLink_obj
8fc1b810   gVpsUtilsObjects
8fc1c88c   userInstInitConfigArray
8fc1d84c   aeDynamicParams
8fc22df0   drvObj
8fc2369c   resMgrObj
8fc247ac   streamWindows
8fc24fbc   gVps_captSubFrameQObj
8fc25f3c   IP_RUN_vars
8fc279fc   fontDB1232_UV
8fc27dfc   fontDB1232_Y
8fc281fc   fontDB1540_UV1
8fc285fc   fontDB1540_Y1
8fc289fc   fontDB770_UV
8fc28dfc   fontDB770_Y
8fc29538   gSystem_objVpss
8fc29b80   ScInfo
8fc2a780   gVcore_vipResCommonObj
8fc2b1c0   VrmInfo
8fc2b414   vsMemTab
8fc2b434   vsCon
8fc2b664   csi2_context_irq_swi_cb_list_head
8fc2b8a4   gSWOSD_config
8fc2baa8   TI_WEIGHTING_CENTER
8fc2bca8   TI_WEIGHTING_MATRIX
8fc2bea8   TI_WEIGHTING_SPOT
8fc2c0a8   isp_irq_data
8fc2c808   gSimcop_RM
8fc2c980   gALG_TI_aewbObj
8fc2cacc   gSystem_ipcObj
8fc2cc0c   __CIOBUF_
8fc2cd2c   DcStack
8fc2d318   dynPrm
8fc2d3fc   iss_cbk_info
8fc2d4e0   gVpsph3100kObj
8fc2d744   gVem_clientInfoFlag
8fc2d8d4   gMemInfo
8fc2da58   i2CDriverObj
8fc2db18   _tmpnams
8fc2dcbc   gIss_ispCommonObj
8fc2dd34   strbuf_Y
8fc2de6c   gIssAlg_captObj
8fc2df2c   gTi2aControlParams
8fc2df80   ti_sdo_utils_NameServer_Module_State_0_nsRemoteHandle__A
8fc2df90   ti_sysbios_family_arm_m3_Hwi_Instance_State_0_hookEnv__A
8fc2df94   ti_sysbios_family_arm_m3_Hwi_Instance_State_1_hookEnv__A
8fc2df98   ti_sysbios_family_arm_m3_Hwi_Instance_State_2_hookEnv__A
8fc2df9c   ti_sysbios_family_arm_m3_Hwi_Instance_State_3_hookEnv__A
8fc2dfa0   ti_sysbios_family_arm_m3_Hwi_Instance_State_4_hookEnv__A
8fc2dfa4   ti_sysbios_family_arm_m3_Hwi_Instance_State_5_hookEnv__A
8fc2dfa8   ti_sysbios_family_arm_m3_Hwi_Instance_State_6_hookEnv__A
8fc2dfac   ti_sysbios_family_arm_m3_Hwi_Instance_State_7_hookEnv__A
8fc2dfb0   ti_sysbios_family_arm_m3_Hwi_Instance_State_8_hookEnv__A
8fc2dfb4   ti_sysbios_knl_Swi_Instance_State_0_hookEnv__A
8fc2dfb8   ti_sysbios_knl_Swi_Instance_State_1_hookEnv__A
8fc2dfbc   ti_sysbios_knl_Swi_Instance_State_2_hookEnv__A
8fc2dfc0   ti_sysbios_knl_Swi_Instance_State_3_hookEnv__A
8fc2dfc4   ti_sysbios_knl_Task_Instance_State_0_hookEnv__A
8fc2dfcc   gPlatformCommonObj
8fc2e060   edma3_dma_ch_max_val
8fc2e06c   edma3_link_ch_min_val
8fc2e078   edma3_link_ch_max_val
8fc2e084   edma3_qdma_ch_min_val
8fc2e090   edma3_qdma_ch_max_val
8fc2e09c   edma3_log_ch_max_val
8fc2e0a8   default_preview_rsz_resizer_mode_cfg_params
8fc2e0b8   iss_resizer_passthrough_mode
8fc2e0c4   iss_rszB_op_dims
8fc2e0cc   iss_rszB_op_ratio
8fc2e0d4   iss_rszA_op_dims
8fc2e0dc   iss_rszA_op_ratio
8fc2e0e4   default_preview_rsz_mode_cfg_params
8fc2e0e8   rsz_A_rgb_preview_params
8fc2e0eb   rsz_B_rgb_preview_params
8fc2e170   isTiled
8fc2e17c   lineOffsets
8fc2e188   pRMHandle
8fc2e194   staticPrm
8fc2e1a8   default_preview_rszA_ip_op_params
8fc2e1dc   default_preview_rszB_ip_op_params
8fc2e210   gIssPlatformCommonObj
8fc2e244   curStreamBuf
8fc2e2d4   vicpInit
8fc2e304   _dmaIn_ARG
8fc2e330   _dmaOut_ARG
8fc2e35c   capture_sdram_op_params
8fc2e388   gCaptSubFrameDebug
8fc2e3b4   WaitQueue
8fc2e3dc   memBlockAddr
8fc2e404   regOvly
8fc2e42c   gOsdHndl
8fc2e450   gVps_deviceObj
8fc2e474   new_awb_data_available
8fc2e478   accValue
8fc2e4d8   gUtils_accPrfLoadObj
8fc2e4f8   raw_data_done
8fc2e4fc   PrimaryFrame_RszA
8fc2e500   PrimaryFrame_RszB
8fc2e504   h3a_AEWBBuff
8fc2e508   h3a_AFBuff
8fc2e534   gVps_captListMem
8fc2e538   gVps_captScCoeffMem
8fc2e53c   gVps_captVipConfigMem
8fc2e540   gVps_captAbortDescMem
8fc2e544   gVps_captAbortDescMemPort
8fc2e548   gVps_captChangeClientInt
8fc2e54c   new_dcc_data_available
8fc2e550   pAvSyncInfo_obj
8fc2e554   clk_Handle_walltime
8fc2e558   avsyncMPGate
8fc2e560   freqInMillisec
8fc2e568   HwiState
8fc2e56c   Started
8fc2e570   WaitQueueIdxCurr
8fc2e574   WaitQueueIdxEnd
8fc2e578   WaitQueueIdxElems
8fc2e57c   iss_drv_config
8fc2e5a8   gUtils_dmaObj
8fc2e5bc   isp_regs
8fc2e5c0   isp_common_dev
8fc2e5cc   isp_common_devp
8fc2e5e4   rsz_reg
8fc2e5e8   rszA_reg
8fc2e5ec   rszB_reg
8fc2e5f0   rsz_devp
8fc2e5f4   rsz_dev
8fc2e5f8   FrameQ_moduleCfg
8fc2e604   gFrameQ_nsHandle
8fc2e608   preview_ipipe_src_cfg
8fc2e618   csi2A_regs
8fc2e61c   csi2B_regs
8fc2e620   csi2_devp
8fc2e624   csi2_dev
8fc2e670   h3a_reg
8fc2e674   h3a_dev
8fc2e678   h3a_devp
8fc2e67c   isif_reg
8fc2e680   isif_dev
8fc2e684   isif_devp
8fc2e688   gEdmaChId
8fc2e68c   gEdmaQueueId
8fc2e690   swosdvidMsgID
8fc2e694   ccp2_reg
8fc2e698   ccp2_devp
8fc2e69c   ccp2_dev
8fc2e6a0   ipipe_reg
8fc2e6a4   ipipe_devp
8fc2e6a8   ipipe_dev
8fc2e6ac   ipipeif_reg
8fc2e6b0   ipipeif_devp
8fc2e6b4   ipipeif_dev
8fc2e6b8   simcopDmaRegs
8fc2e6c8   RingIO_moduleCfg
8fc2e6d0   iss_regs
8fc2e6d4   dbg_iss_drv_config
8fc2e6d8   h3a_ip_dims_preview
8fc2e6dc   gpIssAlg2AObj
8fc2e6e0   pSTMCallBack
8fc2e6e4   gFrameQBufMgr_nsHandle
8fc2e6e8   RingIOShm_moduleCfg
8fc5d164   awb_calc_data
8fc7fd14   YData_1540_40_WFONT
8fc8edb4   YData_1232_30_WFONT
8fc97e14   UVData_1540_40_WFONT
8fc9f706   counterFrameGlbce
8fc9f708   vbBkup
8fc9f70a   hbBkup
8fc9f71c   glbceFlag
8fca5d80   UVData_1232_30_WFONT
8fcaa5b0   YData_770_20_WFONT
8fcae1d8   UVData_770_20_WFONT
8fcaffec   gVem_obj
8fcb2804   gIss_captCommonObj
8fcb3828   Sinewave
8fcb4828   DcFreeClientNum
8fcb4830   DcFreeClientFlag
8fcb4840   gVpsHal_vpdmaFirmware_1B0
8fcb5800   gVpsHal_vpdmaFirmware_1B2
8fcb67ac   waitingOnDriverCbSWMS
8fcb67c0   gVpsHal_vpdmaFirmware_1B5
8fcb7764   iChannel
8fcb7768   STMstartUpMode
8fcb776c   phandle
8fcb7770   major_version
8fcb7774   minor_version
8fcb7778   ulEnabledTraceGroups
8fcb7780   gVpsHal_vpdmaFirmware_1B7
8fcb8724   fontBuff1540_Y1
8fcb8728   fontBuff1540_UV1
8fcb872c   fontBuff1232_Y
8fcb8730   fontBuff1232_UV
8fcb8734   fontBuff770_Y
8fcb8738   fontBuff770_UV
8fcb8740   gVpsHal_vpdmaFirmware_1A3
8fcb95f0   resMgrInstance
8fcb95f4   userInitConfig
8fcb95f8   ptrRMIArray
8fcb95fc   ptrInitCfgArray
8fcb9600   gVpsHal_vpdmaFirmware_1AD
8fcba4b0   _ft_end
8fcba4b4   __aeabi_stdin
8fcba4b8   __aeabi_stdout
8fcba4bc   __aeabi_stderr
8fcba4c0   gVpsHal_vpdmaFirmware_1AE
8fcbb370   VICP_EDMA3_hEdma
8fcbb378   VICP_EDMA3_semHandle
8fcbb380   gVpsHal_vpdmaFirmware_286
8fcbc200   gVpsHal_vpdmaFirmware_288
8fcbd07c   gVps_captSubFrameQIndex
8fcbd080   gVpsHal_vpdmaFirmware_195
8fcbe7fc   edma3GblCfgParams
8fcc00c8   ti_sdo_ipc_GateMP_Module_State_0_remoteCustom1Gates__A
8fcc08c8   defInstInitConfig
8fcc1880   _IP_RUN_edmaDone
8fcc1988   _dma_ARG
8fcc199c   _dmaCopy_ARG
8fcc2000   vicpInstInitConfig
8fcc2540   tDCCCompList
8fcc2a8c   _imxIPipe_ARG
8fcc2ac8   dmaInChanUsed
8fcc2ae8   dmaOutChanUsed
8fcc2b28   _ipSeqRun_ARG
8fcc2c80   IP_RUN_dmaParamsInTable
8fcc2e00   IP_RUN_dmaParamsOutTable
8fcc2f80   HdVencStdModeInfo
8fcc3440   DMAC_vars
8fcc3490   DMAC_param
8fcc3510   DMAC_channel
8fcc3904   CPIS_errno
8fcc3928   CPIS_obj
8fcc3d1c   gVsStream
8fcc4088   ti_sdo_fc_multiProcess
8fcc408a   ti_sdo_fc_useDNUM
8fcc408c   ti_sdo_fc_useL3MemoryMap
8fcc4090   ti_sdo_ipc_GateMP_Module__root__V
8fcc4098   ti_sdo_ipc_GateMP_Module_State_0_remoteCustom2Gates__A
8fcc409c   ti_sdo_ipc_Ipc_Module__state__V
8fcc40a8   ti_sdo_ipc_ListMP_Module__root__V
8fcc40b0   ti_sdo_ipc_ListMP_Module__state__V
8fcc40b4   ti_sdo_ipc_MessageQ_Module__root__V
8fcc40bc   ti_sdo_ipc_MessageQ_Module_State_0_transports__A
8fcc40dc   ti_sdo_ipc_MessageQ_Module_State_0_heaps__A
8fcc40fc   ti_sdo_ipc_MessageQ_Module__state__V
8fcc4118   ti_sdo_ipc_Notify_Module__root__V
8fcc4120   ti_sdo_ipc_Notify_Module_State_0_notifyHandles_0__A
8fcc4124   ti_sdo_ipc_Notify_Module_State_0_notifyHandles_1__A
8fcc4128   ti_sdo_ipc_Notify_Module_State_0_notifyHandles_2__A
8fcc412c   ti_sdo_ipc_Notify_Module_State_0_notifyHandles_3__A
8fcc4130   ti_sdo_ipc_Notify_Module_State_0_notifyHandles__A
8fcc4140   ti_sdo_ipc_Notify_Module__state__V
8fcc4148   ti_sdo_ipc_SharedRegion_Module__state__V
8fcc414c   ti_sdo_ipc_family_ti81xx_InterruptDucati_Module__state__V
8fcc4168   ti_sdo_ipc_gates_GateHWSpinlock_Module__root__V
8fcc4170   ti_sdo_ipc_gates_GateMPSupportNull_Module__root__V
8fcc4178   ti_sdo_ipc_gates_GatePeterson_Module__root__V
8fcc4180   ti_sdo_ipc_heaps_HeapMemMP_Module__root__V
8fcc4188   ti_sdo_ipc_heaps_HeapMemMP_Module__state__V
8fcc418c   ti_sdo_ipc_notifyDrivers_NotifyDriverShm_Module__root__V
8fcc4194   ti_sdo_ipc_nsremote_NameServerRemoteNotify_Module__root__V
8fcc419c   ti_sdo_ipc_transports_TransportShm_Module__root__V
8fcc41a4   ti_sdo_ipc_transports_TransportShmSetup_Module_State_0_handles__A
8fcc41b4   ti_sdo_ipc_transports_TransportShmSetup_Module__state__V
8fcc41b8   ti_sdo_utils_List_Module__root__V
8fcc41c0   ti_sdo_utils_MultiProc_Module__state__V
8fcc41c4   ti_sdo_utils_NameServer_Module__root__V
8fcc41cc   ti_sdo_utils_NameServer_Module__state__V
8fcc41d4   ti_sdo_utils_NameServerRemoteNull_Module__root__V
8fcc41dc   ti_sysbios_BIOS_Module__state__V
8fcc41f8   ti_sysbios_family_arm_ducati_GateDualCore_Module__root__V
8fcc4200   ti_sysbios_family_arm_ducati_GateDualCore_Object__table__V
8fcc4220   ti_sysbios_family_arm_ducati_GateDualCore_Module__state__V
8fcc4224   ti_sysbios_family_arm_ducati_Timer_Module__root__V
8fcc422c   ti_sysbios_family_arm_ducati_Timer_Module__state__V
8fcc4238   ti_sysbios_family_arm_ducati_TimerSupport_Module_State_0_intNums__A
8fcc423c   ti_sysbios_family_arm_ducati_TimerSupport_Module__state__V
8fcc4240   ti_sysbios_family_arm_m3_Hwi_Module__root__V
8fcc4248   ti_sysbios_gates_GateAll_Module__root__V
8fcc4250   ti_sysbios_gates_GateAll_Object__table__V
8fcc4260   ti_sysbios_gates_GateHwi_Module__root__V
8fcc4268   ti_sysbios_gates_GateHwi_Object__table__V
8fcc426c   ti_sysbios_gates_GateMutex_Module__root__V
8fcc4274   ti_sysbios_gates_GateMutexPri_Module__root__V
8fcc427c   ti_sysbios_gates_GateSwi_Module__root__V
8fcc4284   ti_sysbios_gates_GateSwi_Object__table__V
8fcc4290   ti_sysbios_hal_Hwi_Module__root__V
8fcc4298   ti_sysbios_hal_Hwi_Object__table__V
8fcc42a0   ti_sysbios_hal_Timer_Module__root__V
8fcc42a8   ti_sysbios_hal_Timer_Object__table__V
8fcc42b0   ti_sysbios_heaps_HeapBuf_Module__root__V
8fcc42b8   ti_sysbios_heaps_HeapBuf_Module__state__V
8fcc42bc   ti_sysbios_heaps_HeapMem_Module__root__V
8fcc42c4   ti_sysbios_heaps_HeapMem_Object__table__V
8fcc42d8   ti_sysbios_knl_Clock_Module__root__V
8fcc42e0   ti_sysbios_knl_Event_Module__root__V
8fcc42e8   ti_sysbios_knl_Mailbox_Module__root__V
8fcc42f0   ti_sysbios_knl_Queue_Module__root__V
8fcc42f8   ti_sysbios_knl_Semaphore_Module__root__V
8fcc4300   ti_sysbios_knl_Swi_Module__root__V
8fcc4308   ti_sysbios_knl_Swi_Module__state__V
8fcc4324   ti_sysbios_knl_Task_Module__root__V
8fcc432c   ti_sysbios_syncs_SyncSem_Module__root__V
8fcc4334   ti_sysbios_timers_dmtimer_Timer_Module__root__V
8fcc433c   ti_sysbios_timers_dmtimer_Timer_Module_State_0_handles__A
8fcc434c   ti_sysbios_timers_dmtimer_Timer_Module__state__V
8fcc4364   ti_sysbios_xdcruntime_GateThreadSupport_Module__root__V
8fcc436c   xdc_runtime_Error_Module__state__V
8fcc4370   xdc_runtime_GateNull_Module__root__V
8fcc4378   xdc_runtime_GateNull_Object__table__V
8fcc437c   xdc_runtime_Memory_Module__state__V
8fcc4380   xdc_runtime_Registry_Module__state__V
8fcc4388   xdc_runtime_Startup_Module__state__V
8fcc4390   xdc_runtime_System_Module_State_0_atexitHandlers__A
8fcc43b0   xdc_runtime_System_Module__state__V
8fcc43bc   xdc_runtime_Text_Module__state__V
8fcc43c4   xdc_runtime_knl_GateThread_Module__root__V
8fcc43cc   __xdc__init__addr
8fcc4a10   vicpEdma3GblCfgParams
8fcc4ce8   gSystem_dctrl_display_config
8fcc4fa8   gUtils_dmTimerObj
8fcc56bc   sdVencNtscCfg
8fcc58e4   sdVencPalCfg
8fcc5ef8   CscQFormCoeff
8fcc6368   i2CInstObj
8fcc64a8   ti_sysbios_family_arm_m3_Hwi_Module_State_0_dispatchTable__A
8fcc65e8   ScHandle
8fcc65fc   VcompHandle
8fcc6600   CompHandle
8fcc6604   CscHandles
8fcc661c   CigHandle
8fcc6620   ChrusHandle
8fcc6638   VipHandle
8fcc6648   DeiHandle
8fcc664c   NfHandle
8fcc6650   SdVencHandle
8fcc6654   HdVencHandles
8fcc6660   GrpxHandles
8fcc666c   gVpsHal_regsVps
8fcc6670   gVpsHal_regsVpdma
8fcc6674   gVpsHal_regsVip0
8fcc6678   gVpsHal_regsVip1
8fcc667c   gVpsHal_regsNf
8fcc6680   cigInstParams
8fcc6688   blendInstParams
8fcc6690   deiInstParams
8fcc6698   vpsInstParams
8fcc669c   nfInstParams
8fcc66a4   sdvencInstParams
8fcc66b4   vcompInstParams
8fcc66bc   vipInstParams
8fcc66cc   vpdmaInstParams
8fcc66d4   grpxInstParams
8fcc66d8   bpInitParams
8fcc66f0   dwpInitParams
8fcc6708   swpInitParams
8fcc6818   ti_sdo_ipc_GateMP_Module_State_0_remoteSystemGates__A
8fcc6918   DcResMngr
8fcc6a14   _ftable
8fcc6b04   ti_sdo_utils_NameServer_Object__table__V
8fcc6cbc   deiMdrvInitParams
8fcc6d94   ti_sysbios_family_arm_m3_Hwi_Object__table__V
8fcc6e6c   deiInitParams
8fcc6f2c   ti_sysbios_knl_Swi_Object__table__V
8fcc6fec   wb_iss_default_config_gain
8fcc6ff4   ipipe_histogram_iss_default_mult
8fcc6ff8   iss_default_histogram_params
8fcc700c   default_preview_bsc_params
8fcc702c   iss_default_boxcar_params
8fcc7034   lsc_tbl
8fcc7038   iss_default_rsz_h_lpf_cfg
8fcc703a   iss_default_rsz_v_lpf_cfg
8fcc703c   h3a_iir1_params_preview
8fcc7054   h3a_aewb_params_default
8fcc7068   h3a_af_params_default
8fcc7088   h3a_aewb_paxel_params
8fcc7094   h3a_af_paxel_parm
8fcc7298   ti2a_output_params
8fcc7338   ti2a_output_params_prev
8fcc73d8   dcInitParams
8fcc7470   ti_sysbios_utils_Load_Module__state__V
8fcc759c   ti_sdo_ipc_SharedRegion_Module_State_0_regions__A
8fcc762c   isp_hwi_cb_list_head
8fcc76ac   isp_swi_cb_list_head
8fcc792c   ti_sysbios_knl_Swi_Module_State_0_readyQ__A
8fcc79ac   ti_sysbios_knl_Task_Module_State_0_readyQ__A
8fcc7c94   scMdrvInitParams
8fcc7d10   _LDenorm
8fcc7d20   _LEps
8fcc7d30   _LInf
8fcc7d40   _LNan
8fcc7d50   _LSnan
8fcc7d60   _LRteps
8fcc7d70   _LXbig
8fcc7d78   _LZero
8fcc7dec   FrameQ_ShMem_module_obj
8fcc7e54   gUtils_tilerObj
8fcc7ff0   displayDrvInitPrms
8fcc8090   scInstParams
8fcc80e0   ti_sdo_ipc_Ipc_Module_State_0_procEntry__A
8fcc8130   ti_sysbios_family_arm_m3_Hwi_Module_State_0_priorities__A
8fcc8180   ti_sysbios_family_arm_m3_Hwi_Module__state__V
8fcc81d0   VICP_EDMA3_FROM_DDR_queue
8fcc81d4   VICP_EDMA3_TO_DDR_queue
8fcc81d8   VICP_EDMA3_ccXferCompInt
8fcc81f8   VICP_EDMA3_ccErrorInt
8fcc81fc   VICP_EDMA3_tcErrorInt
8fcc821c   gprxInitParams
8fcc8264   ti_sdo_ipc_GateMP_Module__state__V
8fcc82ac   default_preview_rszA_resize_ratio
8fcc82b4   default_preview_rszA_ip_params
8fcc82bc   default_preview_rszB_ip_params
8fcc82c4   default_preview_rsz_glb_crop
8fcc82d4   default_preview_rsz_h_phs
8fcc82d8   default_preview_rsz_v_phs
8fcc82dc   rszA_downscale_params
8fcc82de   rszB_downscale_params
8fcc82e0   default_preview_rsz_common_params
8fcc8338   gUtils_ccXferCompInt
8fcc8358   gUtils_ccErrorInt
8fcc835c   gUtils_tcErrorInt
8fcc83b0   STMHandleObj
8fcc83c0   TSK_idle
8fcc83c0   ti_sysbios_knl_Task_Object__table__V
8fcc8414   edma3NumPaRAMSets
8fcc851c   awb_alg
8fcc8548   gCaptureLink_portName
8fcc8558   gCaptureLink_ifName
8fcc8564   gCaptureLink_modeName
8fcc85f4   ti_sysbios_gates_GateMutex_Object__table__V
8fcc862c   vipInitParams
8fcc8664   ti_sysbios_family_arm_ducati_Timer_Object__table__V
8fcc8698   ti_sysbios_knl_Task_Module__state__V
8fcc86cc   chrusInstParams
8fcc86fc   cscInstParams
8fcc872c   grpxDispInitParams
8fcc875c   hdvencInstParams
8fcc878c   simcop_dma_common_dev
8fcc87bc   ti_sysbios_gates_GateMutexPri_Object__table__V
8fcc87ec   ti_sysbios_timers_dmtimer_Timer_Module_State_0_device__A
8fcc881c   AE_TI_AE
8fcc8848   AWB_TI_AWB
8fcc8874   VS_TI_IVS
8fcc88a0   default_preview_sdram_op_params
8fcc88cc   ti_sysbios_knl_Clock_Module__state__V
8fcc891c   VICP_IP_RUN_hTsk
8fcc8920   secInitParams
8fcc8948   AE_TI_IALG
8fcc896c   AWB_TI_IALG
8fcc8990   VS_TI_IALG
8fcc89b4   isp_callback_priority
8fcc89d4   isp_error_count
8fcc89fc   IP_RUN_DEFAULT_INIT
8fcc8a40   g_AssertFailLoop
8fcc8a60   SysLink_RingIO_cfgFxns
8fcc8a6c   Syslink_RingIO_moduleCfg
8fcc8a74   Syslink_RingIOShm_moduleCfg
8fcc8aa8   g_IntHeapMemory_Handle_0
8fcc8aac   g_IntHeapMemory_Handle_1
8fcc8ab0   g_IntHeapMemory_Handle_2
8fcc8ac0   gUtils_heapMemHandle
8fcc8ac8   gUtils_memClearBuf
8fcc8ad8   csi2_context_irq_tbl
8fcc8ae0   csi2_context_flag
8fcc8ae5   iss_rsz_yc_min_max
8fcc8afc   isp_reset_trigger
8fcc8b08   _lock
8fcc8b0c   _unlock
8fcc8b10   _cleanup_ptr
8fcc8b14   _dtors_ptr
8fcc8b18   CLIENTNOTIFYMGR_NAMESERVERNAME
8fcc8b20   default_preview_linearization_params
8fcc8b70   isMemoryAllocationDone
8fcc8b74   gUtils_startLoadCalc
8fcc8b78   g_DbgPatViewMapVal
8fcc8b80   Invocations
8fcc8b94   main_func_sp
8fcc8ba4   FrameQ_ShMem_module
8fcc8bac   gUtils_tilerPhysMem
8fcc8bb8   rsz_a_clk
8fcc8bb9   rsz_b_clk
8fcc8bbc   __stack
8fcd2bbc   __STACK_END
8fcd2c00   _Ipc_ResetVector
8fcd2c08   Ipc_sr0MemorySetup
ba400000   __TI_static_base__
e000e000   ti_sysbios_family_arm_m3_Hwi_nvic
ffffffff   __binit__
ffffffff   __c_args__
ffffffff   binit
UNDEFED    SHT$$INIT_ARRAY$$Base
UNDEFED    SHT$$INIT_ARRAY$$Limit
UNDEFED    __TI_CINIT_Base
UNDEFED    __TI_CINIT_Limit
UNDEFED    __TI_Handler_Table_Base

[6972 symbols]


DYNAMIC SYMBOLS: SORTED ALPHABETICALLY BY Name 

address    name
--------   ----
UNDEFED    
8fcc83c0   TSK_idle
8fcd2c00   _Ipc_ResetVector
8fcd2bbc   __STACK_END
0000a000   __STACK_SIZE
ba400000   __TI_static_base__
ffffffff   __binit__
ffffffff   __c_args__
00000000   _argsize
ffffffff   binit
40000800   ti_sysbios_hal_ammu_AMMU_mmu
40000000   ti_sysbios_hal_unicache_Cache_cache
00000001   xdc_runtime_Startup__EXECFXN__C
00000001   xdc_runtime_Startup__RESETFXN__C

[14 symbols]


IMPORTED and EXPORTED SYMBOLS: SORTED ALPHABETICALLY BY Name 

IMPORTED SYMBOLS

name                           size      Imported from
-----------------------------  --------  -------------

[0 symbols]


EXPORTED SYMBOLS

address    name
--------   ----
8fcd2c00   _Ipc_ResetVector
