Archive member included because of file (symbol)

arch/arm/lib/libarm.a(board.o)
                              arch/arm/cpu/arm_cortexa8/start.o (start_armboot)
arch/arm/lib/libarm.a(cache.o)
                              arch/arm/lib/libarm.a(board.o) (enable_caches)
arch/arm/lib/libarm.a(interrupts.o)
                              arch/arm/lib/libarm.a(board.o) (enable_interrupts)
arch/arm/lib/libarm.a(memset.o)
                              arch/arm/lib/libarm.a(board.o) (memset)
arch/arm/lib/libarm.a(memcpy.o)
                              arch/arm/lib/libarm.a(interrupts.o) (memcpy)
net/libnet.a(eth.o)           arch/arm/lib/libarm.a(board.o) (eth_initialize)
net/libnet.a(net.o)           arch/arm/lib/libarm.a(board.o) (copy_filename)
net/libnet.a(nfs.o)           net/libnet.a(net.o) (NfsStart)
net/libnet.a(rarp.o)          net/libnet.a(net.o) (RarpRequest)
net/libnet.a(sntp.o)          net/libnet.a(net.o) (SntpStart)
net/libnet.a(tftp.o)          net/libnet.a(net.o) (TftpStart)
net/libnet.a(bootp.o)         net/libnet.a(net.o) (BootpRequest)
drivers/i2c/libi2c.a(omap24xx_i2c.o)
                              arch/arm/lib/libarm.a(board.o) (i2c_init)
drivers/mmc/libmmc.a(mmc.o)   arch/arm/lib/libarm.a(board.o) (mmc_initialize)
drivers/mmc/libmmc.a(mmc_write.o)
                              drivers/mmc/libmmc.a(mmc.o) (mmc_berase)
drivers/mtd/nand/libnand.a(nand.o)
                              arch/arm/lib/libarm.a(board.o) (nand_init)
drivers/mtd/nand/libnand.a(nand_base.o)
                              drivers/mtd/nand/libnand.a(nand.o) (nand_scan)
drivers/mtd/nand/libnand.a(nand_bbt.o)
                              drivers/mtd/nand/libnand.a(nand_base.o) (nand_update_bbt)
drivers/mtd/nand/libnand.a(nand_ecc.o)
                              drivers/mtd/nand/libnand.a(nand_base.o) (nand_calculate_ecc)
drivers/mtd/nand/libnand.a(nand_ids.o)
                              drivers/mtd/nand/libnand.a(nand_base.o) (nand_flash_ids)
drivers/mtd/nand/libnand.a(ti81xx_nand.o)
                              drivers/mtd/nand/libnand.a(nand.o) (board_nand_init)
drivers/rtc/librtc.a(date.o)  net/libnet.a(sntp.o) (to_tm)
drivers/rtc/librtc.a(mcp7940.o)
                              net/libnet.a(sntp.o) (rtc_set)
common/libcommon.a(cmd_bdinfo.o)
                              (__u_boot_cmd_bdinfo)
common/libcommon.a(cmd_boot.o)
                              (__u_boot_cmd_go)
common/libcommon.a(cmd_bootm.o)
                              arch/arm/lib/libarm.a(board.o) (load_addr)
common/libcommon.a(cmd_cache.o)
                              (__u_boot_cmd_icache)
common/libcommon.a(cmd_console.o)
                              (__u_boot_cmd_coninfo)
common/libcommon.a(cmd_date.o)
                              (__u_boot_cmd_date)
common/libcommon.a(cmd_echo.o)
                              (__u_boot_cmd_echo)
common/libcommon.a(cmd_exit.o)
                              (__u_boot_cmd_exit)
common/libcommon.a(cmd_fat.o)
                              (__u_boot_cmd_fatsize)
common/libcommon.a(cmd_help.o)
                              (__u_boot_cmd_help)
common/libcommon.a(cmd_i2c.o)
                              (__u_boot_cmd_i2c)
common/libcommon.a(cmd_itest.o)
                              (__u_boot_cmd_itest)
common/libcommon.a(cmd_load.o)
                              (__u_boot_cmd_loads)
common/libcommon.a(cmd_logo_814x.o)
                              (__u_boot_cmd_colorbar)
common/libcommon.a(cmd_mcu.o)
                              (__u_boot_cmd_mcu)
common/libcommon.a(cmd_mem.o)
                              (__u_boot_cmd_md)
common/libcommon.a(cmd_misc.o)
                              (__u_boot_cmd_sleep)
common/libcommon.a(cmd_mmc.o)
                              (__u_boot_cmd_mmc)
common/libcommon.a(cmd_nand.o)
                              (__u_boot_cmd_nand)
common/libcommon.a(cmd_net.o)
                              (__u_boot_cmd_bootp)
common/libcommon.a(cmd_nvedit.o)
                              net/libnet.a(eth.o) (get_env_id)
common/libcommon.a(cmd_source.o)
                              (__u_boot_cmd_source)
common/libcommon.a(cmd_test.o)
                              (__u_boot_cmd_test)
common/libcommon.a(cmd_version.o)
                              (__u_boot_cmd_version)
common/libcommon.a(command.o)
                              common/libcommon.a(cmd_bootm.o) (find_cmd_tbl)
common/libcommon.a(console.o)
                              arch/arm/lib/libarm.a(board.o) (printf)
common/libcommon.a(dlmalloc.o)
                              arch/arm/lib/libarm.a(board.o) (mem_malloc_init)
common/libcommon.a(env_common.o)
                              common/libcommon.a(cmd_nvedit.o) (env_crc_update)
common/libcommon.a(env_nand.o)
                              common/libcommon.a(env_common.o) (env_get_char_spec)
common/libcommon.a(exports.o)
                              arch/arm/lib/libarm.a(board.o) (jumptable_init)
common/libcommon.a(hush.o)    common/libcommon.a(cmd_bootm.o) (parse_string_outer)
[...]
Memory Configuration

Name             Origin             Length             Attributes
*default*        0x00000000         0xffffffff

Linker script and memory map

                0x00000000                . = 0x0
                0x00000000                . = ALIGN (0x4)

.text           0x80700000     0x1578
 arch/arm/cpu/arm_cortexa8/start.o(.text)
 .text          0x80700000      0x3c0 arch/arm/cpu/arm_cortexa8/start.o
                0x80700000                _start
                0x80700040                _end_vect
                0x80700044                _armboot_start
                0x80700048                _bss_start
                0x8070004c                _bss_end
 arch/arm/cpu/arm_cortexa8/ti81xx/lowlevel_init.o(.text)
 .text          0x807003c0       0x5c arch/arm/cpu/arm_cortexa8/ti81xx/lowlevel_init.o
                0x807003c4                lowlevel_init
 *(.text)
 *fill*         0x8070041c        0x4 00
 .text          0x80700420       0xe0 arch/arm/lib/libarm.a(memset.o)
                0x80700440                memset
 .text          0x80700500      0x3ac arch/arm/lib/libarm.a(memcpy.o)
                0x80700500                memcpy
 .text          0x807008ac       0xe4 arch/arm/cpu/arm_cortexa8/ti81xx/libti81xx.a(cache.o)
                0x807008ac                invalidate_dcache
                0x80700940                l2_cache_enable
                0x80700954                l2_cache_disable
                0x80700968                l2_disable_wa
 .text          0x80700990      0x180 arch/arm/lib/libarm.a(io-readsb.o)
                0x807009c0                __raw_readsb
 .text          0x80700b10       0xec arch/arm/lib/libarm.a(io-readsl.o)
                0x80700b10                __raw_readsl
 .text          0x80700bfc      0x114 /home/sksung/work/udx/ch2/ti_tools/linux_devkit/bin/../lib/gcc/arm-arago-linux-gnueabi/4.5.3/libgcc.a(_udivsi3.o)
                0x80700bfc                __udivsi3
                0x80700bfc                __aeabi_uidiv
                0x80700cf0                __aeabi_uidivmod
 .text          0x80700d10      0x148 /home/sksung/work/udx/ch2/ti_tools/linux_devkit/bin/../lib/gcc/arm-arago-linux-gnueabi/4.5.3/libgcc.a(_divsi3.o)
                0x80700d10                __aeabi_idiv
                0x80700d10                __divsi3
                0x80700e38                __aeabi_idivmod
 .text          0x80700e58       0x1c /home/sksung/work/udx/ch2/ti_tools/linux_devkit/bin/../lib/gcc/arm-arago-linux-gnueabi/4.5.3/libgcc.a(_lshrdi3.o)
                0x80700e58                __aeabi_llsr
                0x80700e58                __lshrdi3
 .text          0x80700e74       0x1c /home/sksung/work/udx/ch2/ti_tools/linux_devkit/bin/../lib/gcc/arm-arago-linux-gnueabi/4.5.3/libgcc.a(_ashrdi3.o)
                0x80700e74                __ashrdi3
                0x80700e74                __aeabi_lasr
 .text          0x80700e90       0x1c /home/sksung/work/udx/ch2/ti_tools/linux_devkit/bin/../lib/gcc/arm-arago-linux-gnueabi/4.5.3/libgcc.a(_ashldi3.o)
                0x80700e90                __ashldi3
                0x80700e90                __aeabi_llsl
 .text          0x80700eac      0x2ac /home/sksung/work/udx/ch2/ti_tools/linux_devkit/bin/../lib/gcc/arm-arago-linux-gnueabi/4.5.3/libgcc.a(_arm_addsubsf3.o)
                0x80700eac                __aeabi_frsub
                0x80700eb4                __subsf3
                0x80700eb4                __aeabi_fsub
                0x80700eb8                __aeabi_fadd
                0x80700eb8                __addsf3
                0x80701074                __aeabi_ui2f
                0x80701074                __floatunsisf
                0x8070107c                __aeabi_i2f
                0x8070107c                __floatsisf
                0x8070109c                __floatundisf
                0x8070109c                __aeabi_ul2f
                0x807010ac                __floatdisf
                0x807010ac                __aeabi_l2f
 .text          0x80701158      0x2f8 /home/sksung/work/udx/ch2/ti_tools/linux_devkit/bin/../lib/gcc/arm-arago-linux-gnueabi/4.5.3/libgcc.a(_arm_muldivsf3.o)
                0x80701158                __mulsf3
                0x80701158                __aeabi_fmul
                0x807012f0                __divsf3
                0x807012f0                __aeabi_fdiv
 .text          0x80701450      0x114 /home/sksung/work/udx/ch2/ti_tools/linux_devkit/bin/../lib/gcc/arm-arago-linux-gnueabi/4.5.3/libgcc.a(_arm_cmpsf2.o)
                0x80701450                __gtsf2
                0x80701450                __gesf2
                0x80701458                __lesf2
                0x80701458                __ltsf2
                0x80701460                __nesf2
                0x80701460                __eqsf2
                0x80701460                __cmpsf2
                0x807014c4                __aeabi_cfrcmple
                0x807014d4                __aeabi_cfcmple
                0x807014d4                __aeabi_cfcmpeq
                0x807014ec                __aeabi_fcmpeq
                0x80701504                __aeabi_fcmplt
                0x8070151c                __aeabi_fcmple
                0x80701534                __aeabi_fcmpge
                0x8070154c                __aeabi_fcmpgt
 .text          0x80701564       0x14 /home/sksung/work/udx/ch2/ti_tools/linux_devkit/bin/../lib/gcc/arm-arago-linux-gnueabi/4.5.3/libgcc.a(_dvmd_lnx.o)
                0x80701564                __aeabi_ldiv0
                0x80701564                __aeabi_idiv0

.glue_7         0x80701578        0x0
 .glue_7        0x00000000        0x0 linker stubs

.glue_7t        0x80701578        0x0
 .glue_7t       0x00000000        0x0 linker stubs

.vfp11_veneer   0x80701578        0x0
 .vfp11_veneer  0x00000000        0x0 linker stubs

.v4_bx          0x80701578        0x0
 .v4_bx         0x00000000        0x0 linker stubs

.text.display_dram_config
                0x80701578       0x38
 .text.display_dram_config
                0x80701578       0x38 arch/arm/lib/libarm.a(board.o)

.text.init_func_i2c
                0x807015b0       0x34
 .text.init_func_i2c
                0x807015b0       0x34 arch/arm/lib/libarm.a(board.o)

.text.display_banner
                0x807015e4       0x20
 .text.display_banner
                0x807015e4       0x20 arch/arm/lib/libarm.a(board.o)

.text.init_baudrate
                0x80701604       0x5c
 .text.init_baudrate
                0x80701604       0x5c arch/arm/lib/libarm.a(board.o)

.text.hang      0x80701660       0x14
 .text.hang     0x80701660       0x14 arch/arm/lib/libarm.a(board.o)
                0x80701660                hang

.text.start_armboot
                0x80701674      0x190
 .text.start_armboot
                0x80701674      0x190 arch/arm/lib/libarm.a(board.o)
                0x80701674                start_armboot

.text.enable_interrupts
                0x80701804        0x4
 .text.enable_interrupts
                0x80701804        0x4 arch/arm/lib/libarm.a(interrupts.o)
                0x80701804                enable_interrupts

.text.disable_interrupts
                0x80701808        0x8
 .text.disable_interrupts
                0x80701808        0x8 arch/arm/lib/libarm.a(interrupts.o)
                0x80701808                disable_interrupts

.text.bad_mode  0x80701810       0x1c
 .text.bad_mode
                0x80701810       0x1c arch/arm/lib/libarm.a(interrupts.o)
                0x80701810                bad_mode

.text.show_regs
                0x8070182c      0x140
 .text.show_regs
                0x8070182c      0x140 arch/arm/lib/libarm.a(interrupts.o)
                0x8070182c                show_regs

.text.do_undefined_instruction
                0x8070196c       0x24
 .text.do_undefined_instruction
                0x8070196c       0x24 arch/arm/lib/libarm.a(interrupts.o)
                0x8070196c                do_undefined_instruction

.text.do_software_interrupt
                0x80701990       0x24
 .text.do_software_interrupt
                0x80701990       0x24 arch/arm/lib/libarm.a(interrupts.o)
                0x80701990                do_software_interrupt

.text.do_prefetch_abort
                0x807019b4       0x24
 .text.do_prefetch_abort
                0x807019b4       0x24 arch/arm/lib/libarm.a(interrupts.o)
                0x807019b4                do_prefetch_abort

.text.do_data_abort
                0x807019d8       0x24
 .text.do_data_abort
                0x807019d8       0x24 arch/arm/lib/libarm.a(interrupts.o)
                0x807019d8                do_data_abort

.text.do_not_used
                0x807019fc       0x24
 .text.do_not_used
                0x807019fc       0x24 arch/arm/lib/libarm.a(interrupts.o)
                0x807019fc                do_not_used

.text.do_fiq    0x80701a20       0x24
 .text.do_fiq   0x80701a20       0x24 arch/arm/lib/libarm.a(interrupts.o)
                0x80701a20                do_fiq

.text.do_irq    0x80701a44       0x24
 .text.do_irq   0x80701a44       0x24 arch/arm/lib/libarm.a(interrupts.o)
                0x80701a44                do_irq

.text.is_valid_ether_addr
                0x80701a68       0x48
 .text.is_valid_ether_addr
                0x80701a68       0x48 net/libnet.a(eth.o)

.text.eth_parse_enetaddr
                0x80701ab0       0x58
 .text.eth_parse_enetaddr
                0x80701ab0       0x58 net/libnet.a(eth.o)
                0x80701ab0                eth_parse_enetaddr

.text.eth_getenv_enetaddr
                0x80701b08       0x20
 .text.eth_getenv_enetaddr
                0x80701b08       0x20 net/libnet.a(eth.o)
                0x80701b08                eth_getenv_enetaddr

.text.eth_setenv_enetaddr
                0x80701b28       0x34
 .text.eth_setenv_enetaddr
                0x80701b28       0x34 net/libnet.a(eth.o)
                0x80701b28                eth_setenv_enetaddr

.text.eth_getenv_enetaddr_by_index
                0x80701b5c       0x44
 .text.eth_getenv_enetaddr_by_index
                0x80701b5c       0x44 net/libnet.a(eth.o)
                0x80701b5c                eth_getenv_enetaddr_by_index

.text.__def_eth_init
                0x80701ba0        0x8
 .text.__def_eth_init
                0x80701ba0        0x8 net/libnet.a(eth.o)
                0x80701ba0                cpu_eth_init

.text.eth_get_dev
                0x80701ba8       0x10
 .text.eth_get_dev
                0x80701ba8       0x10 net/libnet.a(eth.o)
                0x80701ba8                eth_get_dev

.text.eth_get_dev_index
                0x80701bb8       0x50
 .text.eth_get_dev_index
                0x80701bb8       0x50 net/libnet.a(eth.o)
                0x80701bb8                eth_get_dev_index

.text.eth_register
                0x80701c08       0x88
 .text.eth_register
                0x80701c08       0x88 net/libnet.a(eth.o)
                0x80701c08                eth_register

.text.eth_initialize
                0x80701c90      0x234
 .text.eth_initialize
                0x80701c90      0x234 net/libnet.a(eth.o)
                0x80701c90                eth_initialize

.text.eth_halt  0x80701ec4       0x30
 .text.eth_halt
                0x80701ec4       0x30 net/libnet.a(eth.o)
                0x80701ec4                eth_halt

.text.eth_send  0x80701ef4       0x38
 .text.eth_send
                0x80701ef4       0x38 net/libnet.a(eth.o)
                0x80701ef4                eth_send

.text.eth_rx    0x80701f2c       0x2c
 .text.eth_rx   0x80701f2c       0x2c net/libnet.a(eth.o)
                0x80701f2c                eth_rx

.text.eth_try_another
                0x80701f58       0xa8
 .text.eth_try_another
                0x80701f58       0xa8 net/libnet.a(eth.o)
                0x80701f58                eth_try_another

.text.eth_init  0x80702000       0xc4
 .text.eth_init
                0x80702000       0xc4 net/libnet.a(eth.o)
                0x80702000                eth_init

.text.eth_set_current
                0x807020c4       0x9c
 .text.eth_set_current
                0x807020c4       0x9c net/libnet.a(eth.o)
                0x807020c4                eth_set_current

.text.eth_get_name
                0x80702160       0x20
 .text.eth_get_name
                0x80702160       0x20 net/libnet.a(eth.o)
                0x80702160                eth_get_name

.text.startAgainTimeout
                0x80702180       0x14
 .text.startAgainTimeout
                0x80702180       0x14 net/libnet.a(net.o)

.text.startAgainHandler
                0x80702194        0x4
 .text.startAgainHandler
                0x80702194        0x4 net/libnet.a(net.o)

.text.NetCopyIP
                0x80702198       0x10
 .text.NetCopyIP
                0x80702198        0x8 net/libnet.a(net.o)
 .text.NetCopyIP
                0x807021a0        0x8 net/libnet.a(bootp.o)

.text.NetReadIP
                0x807021a8       0x1c
 .text.NetReadIP
                0x807021a8       0x1c net/libnet.a(net.o)

.text.PingHandler
                0x807021c4       0x28
 .text.PingHandler
                0x807021c4       0x28 net/libnet.a(net.o)

.text.NetWriteIP
                0x807021ec       0x1c
 .text.NetWriteIP
                0x807021ec       0x1c net/libnet.a(net.o)

.text.PingTimeout
                0x80702208       0x1c
 .text.PingTimeout
                0x80702208       0x1c net/libnet.a(net.o)

.text.getenv_IPaddr
                0x80702224       0x10
 .text.getenv_IPaddr
                0x80702224       0x10 net/libnet.a(net.o)

.text.NetSetHandler
                0x80702234       0x10
 .text.NetSetHandler
                0x80702234       0x10 net/libnet.a(net.o)
                0x80702234                NetSetHandler

.text.NetSetTimeout
                0x80702244       0x30
 .text.NetSetTimeout
                0x80702244       0x30 net/libnet.a(net.o)
                0x80702244                NetSetTimeout

.text.NetStartAgain
                0x80702274      0x108
 .text.NetStartAgain
                0x80702274      0x108 net/libnet.a(net.o)
                0x80702274                NetStartAgain

.text.NetSendPacket
                0x8070237c        0x4
 .text.NetSendPacket
                0x8070237c        0x4 net/libnet.a(net.o)
                0x8070237c                NetSendPacket

.text.NetCksum  0x80702380       0x34
 .text.NetCksum
                0x80702380       0x34 net/libnet.a(net.o)
                0x80702380                NetCksum

.text.NetCksumOk
                0x807023b4       0x20
 .text.NetCksumOk
                0x807023b4       0x20 net/libnet.a(net.o)
                0x807023b4                NetCksumOk

.text.NetEthHdrSize
                0x807023d4       0x3c
 .text.NetEthHdrSize
                0x807023d4       0x3c net/libnet.a(net.o)
                0x807023d4                NetEthHdrSize

.text.NetSetEther
                0x80702410       0xa4
 .text.NetSetEther
                0x80702410       0xa4 net/libnet.a(net.o)
                0x80702410                NetSetEther

.text.NetReceive
                0x807024b4      0x5a0
 .text.NetReceive
                0x807024b4      0x5a0 net/libnet.a(net.o)
                0x807024b4                NetReceive

.text.ArpRequest
                0x80702a54       0xe0
 .text.ArpRequest
                0x80702a54       0xe0 net/libnet.a(net.o)
                0x80702a54                ArpRequest

.text.ArpTimeoutCheck
                0x80702b34       0x70
 .text.ArpTimeoutCheck
                0x80702b34       0x70 net/libnet.a(net.o)
                0x80702b34                ArpTimeoutCheck

.text.PingSend  0x80702ba4      0x138
 .text.PingSend
                0x80702ba4      0x138 net/libnet.a(net.o)
                0x80702ba4                PingSend

.text.NetSetIP  0x80702cdc       0xf8
 .text.NetSetIP
                0x80702cdc       0xf8 net/libnet.a(net.o)
                0x80702cdc                NetSetIP

.text.NetSendUDPPacket
                0x80702dd4      0x138
 .text.NetSendUDPPacket
                0x80702dd4      0x138 net/libnet.a(net.o)
                0x80702dd4                NetSendUDPPacket

.text.copy_filename
                0x80702f0c       0x44
 .text.copy_filename
                0x80702f0c       0x44 net/libnet.a(net.o)
                0x80702f0c                copy_filename

.text.ip_to_string
                0x80702f50       0x34
 .text.ip_to_string
                0x80702f50       0x34 net/libnet.a(net.o)
                0x80702f50                ip_to_string

.text.string_to_VLAN
                0x80702f84       0x4c
 .text.string_to_VLAN
                0x80702f84       0x4c net/libnet.a(net.o)
                0x80702f84                string_to_VLAN

.text.getenv_VLAN
                0x80702fd0       0x10
 .text.getenv_VLAN
                0x80702fd0       0x10 net/libnet.a(net.o)
                0x80702fd0                getenv_VLAN

.text.NetLoop   0x80702fe0      0x450
 .text.NetLoop  0x80702fe0      0x450 net/libnet.a(net.o)
                0x80702fe0                NetLoop

.text.__fswab32
                0x80703430       0x38
 .text.__fswab32
                0x80703430        0x8 net/libnet.a(nfs.o)
 .text.__fswab32
                0x80703438        0x8 net/libnet.a(bootp.o)
 .text.__fswab32
                0x80703440        0x8 drivers/mmc/libmmc.a(mmc.o)
 .text.__fswab32
                0x80703448        0x8 common/libcommon.a(cmd_bootm.o)
 .text.__fswab32
                0x80703450        0x8 common/libcommon.a(cmd_i2c.o)
 .text.__fswab32
                0x80703458        0x8 common/libcommon.a(cmd_source.o)
 .text.__fswab32
                0x80703460        0x8 common/libcommon.a(image.o)

.text.basename  0x80703468       0x40
 .text.basename
                0x80703468       0x40 net/libnet.a(nfs.o)

.text.dirname   0x807034a8       0x1c
 .text.dirname  0x807034a8       0x1c net/libnet.a(nfs.o)

.text.rpc_add_credentials
                0x807034c4       0xc8
 .text.rpc_add_credentials
                0x807034c4       0xc8 net/libnet.a(nfs.o)

.text.rpc_lookup_reply
                0x8070358c       0xa0
 .text.rpc_lookup_reply
                0x8070358c       0xa0 net/libnet.a(nfs.o)

.text.nfs_mount_reply
                0x8070362c       0x94
 .text.nfs_mount_reply
                0x8070362c       0x94 net/libnet.a(nfs.o)

.text.nfs_umountall_reply
                0x807036c0       0x84
 .text.nfs_umountall_reply
                0x807036c0       0x84 net/libnet.a(nfs.o)

.text.nfs_lookup_reply
                0x80703744       0x8c
 .text.nfs_lookup_reply
                0x80703744       0x8c net/libnet.a(nfs.o)

.text.rpc_req   0x807037d0       0xf8
 .text.rpc_req  0x807037d0       0xf8 net/libnet.a(nfs.o)

.text.rpc_lookup_req
                0x807038c8       0x60
 .text.rpc_lookup_req
                0x807038c8       0x60 net/libnet.a(nfs.o)

.text.nfs_mount_req
                0x80703928       0x94
 .text.nfs_mount_req
                0x80703928       0x94 net/libnet.a(nfs.o)

.text.nfs_umountall_req
                0x807039bc       0x58
 .text.nfs_umountall_req
                0x807039bc       0x58 net/libnet.a(nfs.o)

.text.nfs_lookup_req
                0x80703a14       0xa8
 .text.nfs_lookup_req
                0x80703a14       0xa8 net/libnet.a(nfs.o)

.text.nfs_read_req
                0x80703abc       0x80
 .text.nfs_read_req
                0x80703abc       0x80 net/libnet.a(nfs.o)

.text.nfs_readlink_req
                0x80703b3c       0x58
 .text.nfs_readlink_req
                0x80703b3c       0x58 net/libnet.a(nfs.o)

.text.NfsSend   0x80703b94       0x88
 .text.NfsSend  0x80703b94       0x88 net/libnet.a(nfs.o)

.text.nfs_readlink_reply
                0x80703c1c       0xf4
 .text.nfs_readlink_reply
                0x80703c1c       0xf4 net/libnet.a(nfs.o)

.text.NfsTimeout
                0x80703d10       0x58
 .text.NfsTimeout
                0x80703d10       0x58 net/libnet.a(nfs.o)

.text.nfs_read_reply.clone.0
                0x80703d68      0x138
 .text.nfs_read_reply.clone.0
                0x80703d68      0x138 net/libnet.a(nfs.o)

.text.NfsHandler
                0x80703ea0      0x1d4
 .text.NfsHandler
                0x80703ea0      0x1d4 net/libnet.a(nfs.o)

.text.NfsStart  0x80704074      0x220
 .text.NfsStart
                0x80704074      0x220 net/libnet.a(nfs.o)
                0x80704074                NfsStart

.text.RarpHandler
                0x80704294       0x5c
 .text.RarpHandler
                0x80704294       0x5c net/libnet.a(rarp.o)

.text.RarpRequest
                0x807042f0       0xec
 .text.RarpRequest
                0x807042f0       0xec net/libnet.a(rarp.o)
                0x807042f0                RarpRequest

.text.RarpTimeout
                0x807043dc       0x44
 .text.RarpTimeout
                0x807043dc       0x44 net/libnet.a(rarp.o)

.text.SntpHandler
                0x80704420       0xac
 .text.SntpHandler
                0x80704420       0xac net/libnet.a(sntp.o)

.text.SntpTimeout
                0x807044cc       0x24
 .text.SntpTimeout
                0x807044cc       0x24 net/libnet.a(sntp.o)

.text.SntpStart
                0x807044f0       0xd4
 .text.SntpStart
                0x807044f0       0xd4 net/libnet.a(sntp.o)
                0x807044f0                SntpStart

.text.TftpSend  0x807045c4      0x194
 .text.TftpSend
                0x807045c4      0x194 net/libnet.a(tftp.o)

.text.TftpTimeout
                0x80704758       0x64
 .text.TftpTimeout
                0x80704758       0x64 net/libnet.a(tftp.o)

.text.TftpHandler
                0x807047bc      0x2d8
 .text.TftpHandler
                0x807047bc      0x2d8 net/libnet.a(tftp.o)

.text.TftpStart
                0x80704a94      0x2dc
 .text.TftpStart
                0x80704a94      0x2dc net/libnet.a(tftp.o)
                0x80704a94                TftpStart

.text.truncate_sz
                0x80704d70       0x34
 .text.truncate_sz
                0x80704d70       0x34 net/libnet.a(bootp.o)

.text.NetCopyLong
                0x80704da4        0x8
 .text.NetCopyLong
                0x80704da4        0x8 net/libnet.a(bootp.o)

.text.NetReadLong
                0x80704dac       0x1c
 .text.NetReadLong
                0x80704dac       0x1c net/libnet.a(bootp.o)

.text.DhcpOptionsProcess
                0x80704dc8      0x20c
 .text.DhcpOptionsProcess
                0x80704dc8      0x20c net/libnet.a(bootp.o)

.text.DhcpExtended
                0x80704fd4      0x198
 .text.DhcpExtended
                0x80704fd4      0x198 net/libnet.a(bootp.o)

.text.NetWriteIP.clone.0
                0x8070516c       0x1c
 .text.NetWriteIP.clone.0
                0x8070516c       0x1c net/libnet.a(bootp.o)

.text.DhcpHandler
                0x80705188      0x368
 .text.DhcpHandler
                0x80705188      0x368 net/libnet.a(bootp.o)

.text.BootpRequest
                0x807054f0      0x1a4
 .text.BootpRequest
                0x807054f0      0x1a4 net/libnet.a(bootp.o)
                0x807054f0                BootpRequest

.text.BootpTimeout
                0x80705694       0x44
 .text.BootpTimeout
                0x80705694       0x44 net/libnet.a(bootp.o)

.text.DhcpRequest
                0x807056d8        0x4
 .text.DhcpRequest
                0x807056d8        0x4 net/libnet.a(bootp.o)
                0x807056d8                DhcpRequest

.text.wait_for_bb
                0x807056dc       0x80
 .text.wait_for_bb
                0x807056dc       0x80 drivers/i2c/libi2c.a(omap24xx_i2c.o)

.text.wait_for_event
                0x8070575c       0x84
 .text.wait_for_event
                0x8070575c       0x84 drivers/i2c/libi2c.a(omap24xx_i2c.o)

.text.flush_fifo
                0x807057e0       0x30
 .text.flush_fifo
                0x807057e0       0x30 drivers/i2c/libi2c.a(omap24xx_i2c.o)

.text.i2c_init  0x80705810      0x1b0
 .text.i2c_init
                0x80705810      0x1b0 drivers/i2c/libi2c.a(omap24xx_i2c.o)
                0x80705810                i2c_init

.text.i2c_probe
                0x807059c0       0xdc
 .text.i2c_probe
                0x807059c0       0xdc drivers/i2c/libi2c.a(omap24xx_i2c.o)
                0x807059c0                i2c_probe

.text.i2c_read  0x80705a9c      0x1fc
 .text.i2c_read
                0x80705a9c      0x1fc drivers/i2c/libi2c.a(omap24xx_i2c.o)
                0x80705a9c                i2c_read

.text.i2c_write
                0x80705c98      0x218
 .text.i2c_write
                0x80705c98      0x218 drivers/i2c/libi2c.a(omap24xx_i2c.o)
                0x80705c98                i2c_write

.text.i2c_set_bus_num
                0x80705eb0       0x8c
 .text.i2c_set_bus_num
                0x80705eb0       0x8c drivers/i2c/libi2c.a(omap24xx_i2c.o)
                0x80705eb0                i2c_set_bus_num

.text.i2c_get_bus_num
                0x80705f3c       0x10
 .text.i2c_get_bus_num
                0x80705f3c       0x10 drivers/i2c/libi2c.a(omap24xx_i2c.o)
                0x80705f3c                i2c_get_bus_num

.text.mmc_set_ios
                0x80705f4c       0x20
 .text.mmc_set_ios
                0x80705f4c       0x20 drivers/mmc/libmmc.a(mmc.o)

.text.mmc_set_capacity
                0x80705f6c       0xa4
 .text.mmc_set_capacity
                0x80705f6c       0xa4 drivers/mmc/libmmc.a(mmc.o)

.text._board_mmc_getwp
                0x80706010        0x8
 .text._board_mmc_getwp
                0x80706010        0x8 drivers/mmc/libmmc.a(mmc.o)
                0x80706010                board_mmc_getwp
                0x80706010                _board_mmc_getwp

.text.mmc_getwp
                0x80706018       0x3c
 .text.mmc_getwp
                0x80706018       0x3c drivers/mmc/libmmc.a(mmc.o)
                0x80706018                mmc_getwp

.text._board_mmc_getcd
                0x80706054        0x8
 .text._board_mmc_getcd
                0x80706054        0x8 drivers/mmc/libmmc.a(mmc.o)
                0x80706054                _board_mmc_getcd
                0x80706054                board_mmc_getcd

.text.mmc_send_cmd
                0x8070605c       0x18
 .text.mmc_send_cmd
                0x8070605c       0x18 drivers/mmc/libmmc.a(mmc.o)
                0x8070605c                mmc_send_cmd

.text.mmc_send_op_cond_iter
                0x80706074       0x80
 .text.mmc_send_op_cond_iter
                0x80706074       0x80 drivers/mmc/libmmc.a(mmc.o)

.text.mmc_send_ext_csd
                0x807060f4       0x4c
 .text.mmc_send_ext_csd
                0x807060f4       0x4c drivers/mmc/libmmc.a(mmc.o)

.text.mmc_go_idle
                0x80706140       0x4c
 .text.mmc_go_idle
                0x80706140       0x4c drivers/mmc/libmmc.a(mmc.o)

.text.sd_switch.clone.2
                0x8070618c       0x58
 .text.sd_switch.clone.2
                0x8070618c       0x58 drivers/mmc/libmmc.a(mmc.o)

.text.mmc_send_status
                0x807061e4       0xd0
 .text.mmc_send_status
                0x807061e4       0xd0 drivers/mmc/libmmc.a(mmc.o)
                0x807061e4                mmc_send_status

.text.mmc_switch.clone.1
                0x807062b4       0x54
 .text.mmc_switch.clone.1
                0x807062b4       0x54 drivers/mmc/libmmc.a(mmc.o)

.text.mmc_set_blocklen
                0x80706308       0x3c
 .text.mmc_set_blocklen
                0x80706308       0x3c drivers/mmc/libmmc.a(mmc.o)
                0x80706308                mmc_set_blocklen

.text.find_mmc_device
                0x80706344       0x48
 .text.find_mmc_device
                0x80706344       0x48 drivers/mmc/libmmc.a(mmc.o)
                0x80706344                find_mmc_device

.text.mmc_bread
                0x8070638c      0x148
 .text.mmc_bread
                0x8070638c      0x148 drivers/mmc/libmmc.a(mmc.o)

.text.mmc_switch_part
                0x807064d4       0x4c
 .text.mmc_switch_part
                0x807064d4       0x4c drivers/mmc/libmmc.a(mmc.o)
                0x807064d4                mmc_switch_part

.text.mmc_select_hwpart
                0x80706520       0x68
 .text.mmc_select_hwpart
                0x80706520       0x68 drivers/mmc/libmmc.a(mmc.o)
                0x80706520                mmc_select_hwpart

.text.mmc_getcd
                0x80706588       0x3c
 .text.mmc_getcd
                0x80706588       0x3c drivers/mmc/libmmc.a(mmc.o)
                0x80706588                mmc_getcd

.text.mmc_set_clock
                0x807065c4       0x24
 .text.mmc_set_clock
                0x807065c4       0x24 drivers/mmc/libmmc.a(mmc.o)
                0x807065c4                mmc_set_clock

.text.mmc_startup
                0x807065e8      0xaec
 .text.mmc_startup
                0x807065e8      0xaec drivers/mmc/libmmc.a(mmc.o)

.text.mmc_create
                0x807070d4       0xf4
 .text.mmc_create
                0x807070d4       0xf4 drivers/mmc/libmmc.a(mmc.o)
                0x807070d4                mmc_create

.text.mmc_start_init
                0x807071c8      0x26c
 .text.mmc_start_init
                0x807071c8      0x26c drivers/mmc/libmmc.a(mmc.o)
                0x807071c8                mmc_start_init

.text.mmc_init  0x80707434       0xf4
 .text.mmc_init
                0x80707434       0xf4 drivers/mmc/libmmc.a(mmc.o)
                0x80707434                mmc_init

.text.mmc_get_dev
                0x80707528       0x28
 .text.mmc_get_dev
                0x80707528       0x28 drivers/mmc/libmmc.a(mmc.o)
                0x80707528                mmc_get_dev

.text.mmc_set_dsr
                0x80707550        0xc
 .text.mmc_set_dsr
                0x80707550        0xc drivers/mmc/libmmc.a(mmc.o)
                0x80707550                mmc_set_dsr

.text.cpu_mmc_init
                0x8070755c        0x8
 .text.cpu_mmc_init
                0x8070755c        0x8 drivers/mmc/libmmc.a(mmc.o)
                0x8070755c                cpu_mmc_init

.text.print_mmc_devices
                0x80707564       0x68
 .text.print_mmc_devices
                0x80707564       0x68 drivers/mmc/libmmc.a(mmc.o)
                0x80707564                print_mmc_devices

.text.get_mmc_num
                0x807075cc       0x10
 .text.get_mmc_num
                0x807075cc       0x10 drivers/mmc/libmmc.a(mmc.o)
                0x807075cc                get_mmc_num

.text.mmc_initialize
                0x807075dc       0x78
 .text.mmc_initialize
                0x807075dc       0x78 drivers/mmc/libmmc.a(mmc.o)
                0x807075dc                mmc_initialize

.text.mmc_berase
                0x80707654      0x184
 .text.mmc_berase
                0x80707654      0x184 drivers/mmc/libmmc.a(mmc_write.o)
                0x80707654                mmc_berase

.text.mmc_bwrite
                0x807077d8      0x168
 .text.mmc_bwrite
                0x807077d8      0x168 drivers/mmc/libmmc.a(mmc_write.o)
                0x807077d8                mmc_bwrite

.text.nand_init
                0x80707940       0xac
 .text.nand_init
                0x80707940       0xac drivers/mtd/nand/libnand.a(nand.o)
                0x80707940                nand_init

.text.generic_ffs
                0x807079ec       0x54
 .text.generic_ffs
                0x807079ec       0x54 drivers/mtd/nand/libnand.a(nand_base.o)

.text.nand_release_device
                0x80707a40       0x18
 .text.nand_release_device
                0x80707a40       0x18 drivers/mtd/nand/libnand.a(nand_base.o)

.text.nand_read_byte
                0x80707a58       0x10
 .text.nand_read_byte
                0x80707a58       0x10 drivers/mtd/nand/libnand.a(nand_base.o)

.text.nand_read_byte16
                0x80707a68       0x14
 .text.nand_read_byte16
                0x80707a68       0x14 drivers/mtd/nand/libnand.a(nand_base.o)

.text.nand_read_word
                0x80707a7c       0x10
 .text.nand_read_word
                0x80707a7c       0x10 drivers/mtd/nand/libnand.a(nand_base.o)

.text.nand_write_buf
                0x80707a8c       0x2c
 .text.nand_write_buf
                0x80707a8c       0x2c drivers/mtd/nand/libnand.a(nand_base.o)

.text.nand_read_buf
                0x80707ab8       0x28
 .text.nand_read_buf
                0x80707ab8       0x28 drivers/mtd/nand/libnand.a(nand_base.o)

.text.nand_verify_buf
                0x80707ae0       0x40
 .text.nand_verify_buf
                0x80707ae0       0x40 drivers/mtd/nand/libnand.a(nand_base.o)

.text.nand_write_buf16
                0x80707b20       0x30
 .text.nand_write_buf16
                0x80707b20       0x30 drivers/mtd/nand/libnand.a(nand_base.o)

.text.nand_read_buf16
                0x80707b50       0x2c
 .text.nand_read_buf16
                0x80707b50       0x2c drivers/mtd/nand/libnand.a(nand_base.o)

.text.nand_verify_buf16
                0x80707b7c       0x44
 .text.nand_verify_buf16
                0x80707b7c       0x44 drivers/mtd/nand/libnand.a(nand_base.o)

.text.nand_block_bad
                0x80707bc0       0xec
 .text.nand_block_bad
                0x80707bc0       0xec drivers/mtd/nand/libnand.a(nand_base.o)

.text.nand_check_wp
                0x80707cac       0x3c
 .text.nand_check_wp
                0x80707cac       0x3c drivers/mtd/nand/libnand.a(nand_base.o)

.text.nand_read_page_raw
                0x80707ce8       0x38
 .text.nand_read_page_raw
                0x80707ce8       0x38 drivers/mtd/nand/libnand.a(nand_base.o)

.text.nand_read_page_raw_syndrome
                0x80707d20       0xd4
 .text.nand_read_page_raw_syndrome
                0x80707d20       0xd4 drivers/mtd/nand/libnand.a(nand_base.o)

.text.nand_read_page_swecc
                0x80707df4      0x114
 .text.nand_read_page_swecc
                0x80707df4      0x114 drivers/mtd/nand/libnand.a(nand_base.o)

.text.nand_read_subpage
                0x80707f08      0x27c
 .text.nand_read_subpage
                0x80707f08      0x27c drivers/mtd/nand/libnand.a(nand_base.o)

.text.nand_read_page_hwecc
                0x80708184      0x138
 .text.nand_read_page_hwecc
                0x80708184      0x138 drivers/mtd/nand/libnand.a(nand_base.o)

.text.nand_read_page_hwecc_oob_first
                0x807082bc      0x134
 .text.nand_read_page_hwecc_oob_first
                0x807082bc      0x134 drivers/mtd/nand/libnand.a(nand_base.o)

.text.nand_read_page_syndrome
                0x807083f0      0x128
 .text.nand_read_page_syndrome
                0x807083f0      0x128 drivers/mtd/nand/libnand.a(nand_base.o)

.text.nand_read_oob_std
                0x80708518       0x48
 .text.nand_read_oob_std
                0x80708518       0x48 drivers/mtd/nand/libnand.a(nand_base.o)

.text.nand_read_oob_syndrome
                0x80708560      0x100
 .text.nand_read_oob_syndrome
                0x80708560      0x100 drivers/mtd/nand/libnand.a(nand_base.o)

.text.nand_write_oob_std
                0x80708660       0x70
 .text.nand_write_oob_std
                0x80708660       0x70 drivers/mtd/nand/libnand.a(nand_base.o)

.text.nand_write_oob_syndrome
                0x807086d0      0x1b4
 .text.nand_write_oob_syndrome
                0x807086d0      0x1b4 drivers/mtd/nand/libnand.a(nand_base.o)

.text.nand_write_page_raw
                0x80708884       0x34
 .text.nand_write_page_raw
                0x80708884       0x34 drivers/mtd/nand/libnand.a(nand_base.o)

.text.nand_write_page_raw_syndrome
                0x807088b8       0xd0
 .text.nand_write_page_raw_syndrome
                0x807088b8       0xd0 drivers/mtd/nand/libnand.a(nand_base.o)

.text.nand_write_page_swecc
                0x80708988       0xac
 .text.nand_write_page_swecc
                0x80708988       0xac drivers/mtd/nand/libnand.a(nand_base.o)

.text.nand_write_page_syndrome
                0x80708a34       0xf4
 .text.nand_write_page_syndrome
                0x80708a34       0xf4 drivers/mtd/nand/libnand.a(nand_base.o)

.text.single_erase_cmd
                0x80708b28       0x3c
 .text.single_erase_cmd
                0x80708b28       0x3c drivers/mtd/nand/libnand.a(nand_base.o)

.text.multi_erase_cmd
                0x80708b64       0x8c
 .text.multi_erase_cmd
                0x80708b64       0x8c drivers/mtd/nand/libnand.a(nand_base.o)

.text.nand_sync
                0x80708bf0       0x10
 .text.nand_sync
                0x80708bf0       0x10 drivers/mtd/nand/libnand.a(nand_base.o)

.text.nand_suspend
                0x80708c00       0x14
 .text.nand_suspend
                0x80708c00       0x14 drivers/mtd/nand/libnand.a(nand_base.o)

.text.nand_resume
                0x80708c14       0x20
 .text.nand_resume
                0x80708c14       0x20 drivers/mtd/nand/libnand.a(nand_base.o)

.text.nand_select_chip
                0x80708c34       0x5c
 .text.nand_select_chip
                0x80708c34       0x5c drivers/mtd/nand/libnand.a(nand_base.o)

.text.nand_block_checkbad
                0x80708c90       0x80
 .text.nand_block_checkbad
                0x80708c90       0x80 drivers/mtd/nand/libnand.a(nand_base.o)

.text.nand_block_isbad
                0x80708d10       0x3c
 .text.nand_block_isbad
                0x80708d10       0x2c drivers/mtd/nand/libnand.a(nand_base.o)
 .text.nand_block_isbad
                0x80708d3c       0x10 drivers/mtd/nand/libnand.a(nand_util.o)

.text.nand_block_markbad
                0x80708d4c       0x3c
 .text.nand_block_markbad
                0x80708d4c       0x3c drivers/mtd/nand/libnand.a(nand_base.o)

.text.nand_write_page
                0x80708d88       0xa8
 .text.nand_write_page
                0x80708d88       0xa8 drivers/mtd/nand/libnand.a(nand_base.o)

.text.nand_write_page_hwecc
                0x80708e30      0x12c
 .text.nand_write_page_hwecc
                0x80708e30      0x12c drivers/mtd/nand/libnand.a(nand_base.o)

.text.nand_fill_oob
                0x80708f5c      0x108
 .text.nand_fill_oob
                0x80708f5c      0x108 drivers/mtd/nand/libnand.a(nand_base.o)

.text.nand_do_write_oob
                0x80709064      0x198
 .text.nand_do_write_oob
                0x80709064      0x198 drivers/mtd/nand/libnand.a(nand_base.o)

.text.nand_do_write_ops
                0x807091fc      0x2f8
 .text.nand_do_write_ops
                0x807091fc      0x2f8 drivers/mtd/nand/libnand.a(nand_base.o)

.text.nand_write_oob
                0x807094f4       0x98
 .text.nand_write_oob
                0x807094f4       0x98 drivers/mtd/nand/libnand.a(nand_base.o)

.text.nand_write
                0x8070958c       0xac
 .text.nand_write
                0x8070958c       0x80 drivers/mtd/nand/libnand.a(nand_base.o)
 .text.nand_write
                0x8070960c       0x2c drivers/mtd/nand/libnand.a(nand_util.o)

.text.nand_transfer_oob
                0x80709638      0x108
 .text.nand_transfer_oob
                0x80709638      0x108 drivers/mtd/nand/libnand.a(nand_base.o)

.text.nand_default_block_markbad
                0x80709740       0xf0
 .text.nand_default_block_markbad
                0x80709740       0xf0 drivers/mtd/nand/libnand.a(nand_base.o)

.text.nand_wait
                0x80709830       0xd4
 .text.nand_wait
                0x80709830       0xd4 drivers/mtd/nand/libnand.a(nand_base.o)

.text.nand_wait_ready
                0x80709904       0x4c
 .text.nand_wait_ready
                0x80709904       0x4c drivers/mtd/nand/libnand.a(nand_base.o)
                0x80709904                nand_wait_ready

.text.nand_do_read_ops
                0x80709950      0x40c
 .text.nand_do_read_ops
                0x80709950      0x40c drivers/mtd/nand/libnand.a(nand_base.o)

.text.nand_read_oob
                0x80709d5c      0x290
 .text.nand_read_oob
                0x80709d5c      0x290 drivers/mtd/nand/libnand.a(nand_base.o)

.text.nand_read
                0x80709fec       0xac
 .text.nand_read
                0x80709fec       0x80 drivers/mtd/nand/libnand.a(nand_base.o)
 .text.nand_read
                0x8070a06c       0x2c drivers/mtd/nand/libnand.a(nand_util.o)

.text.nand_command
                0x8070a098      0x1d8
 .text.nand_command
                0x8070a098      0x1d8 drivers/mtd/nand/libnand.a(nand_base.o)

.text.nand_command_lp
                0x8070a270      0x260
 .text.nand_command_lp
                0x8070a270      0x260 drivers/mtd/nand/libnand.a(nand_base.o)

.text.nand_erase_nand
                0x8070a4d0      0x374
 .text.nand_erase_nand
                0x8070a4d0      0x374 drivers/mtd/nand/libnand.a(nand_base.o)
                0x8070a4d0                nand_erase_nand

.text.nand_erase
                0x8070a844        0x8
 .text.nand_erase
                0x8070a844        0x8 drivers/mtd/nand/libnand.a(nand_base.o)

.text.nand_scan_ident
                0x8070a84c      0x5c0
 .text.nand_scan_ident
                0x8070a84c      0x5c0 drivers/mtd/nand/libnand.a(nand_base.o)
                0x8070a84c                nand_scan_ident

.text.nand_scan_tail
                0x8070ae0c      0x5b8
 .text.nand_scan_tail
                0x8070ae0c      0x5b8 drivers/mtd/nand/libnand.a(nand_base.o)
                0x8070ae0c                nand_scan_tail

.text.nand_scan
                0x8070b3c4       0x20
 .text.nand_scan
                0x8070b3c4       0x20 drivers/mtd/nand/libnand.a(nand_base.o)
                0x8070b3c4                nand_scan

.text.check_pattern
                0x8070b3e4       0xb4
 .text.check_pattern
                0x8070b3e4       0xb4 drivers/mtd/nand/libnand.a(nand_bbt.o)

.text.scan_read_raw
                0x8070b498       0x48
 .text.scan_read_raw
                0x8070b498       0x48 drivers/mtd/nand/libnand.a(nand_bbt.o)

.text.create_bbt
                0x8070b4e0      0x2b8
 .text.create_bbt
                0x8070b4e0      0x2b8 drivers/mtd/nand/libnand.a(nand_bbt.o)

.text.search_bbt
                0x8070b798      0x1fc
 .text.search_bbt
                0x8070b798      0x1fc drivers/mtd/nand/libnand.a(nand_bbt.o)

.text.read_bbt  0x8070b994      0x234
 .text.read_bbt
                0x8070b994      0x234 drivers/mtd/nand/libnand.a(nand_bbt.o)

.text.read_abs_bbt
                0x8070bbc8       0xec
 .text.read_abs_bbt
                0x8070bbc8       0xec drivers/mtd/nand/libnand.a(nand_bbt.o)

.text.write_bbt
                0x8070bcb4      0x674
 .text.write_bbt
                0x8070bcb4      0x674 drivers/mtd/nand/libnand.a(nand_bbt.o)

.text.nand_update_bbt
                0x8070c328      0x13c
 .text.nand_update_bbt
                0x8070c328      0x13c drivers/mtd/nand/libnand.a(nand_bbt.o)
                0x8070c328                nand_update_bbt

.text.mark_bbt_region
                0x8070c464      0x174
 .text.mark_bbt_region
                0x8070c464      0x174 drivers/mtd/nand/libnand.a(nand_bbt.o)

.text.nand_scan_bbt
                0x8070c5d8      0x49c
 .text.nand_scan_bbt
                0x8070c5d8      0x49c drivers/mtd/nand/libnand.a(nand_bbt.o)
                0x8070c5d8                nand_scan_bbt

.text.nand_default_bbt
                0x8070ca74       0xb4
 .text.nand_default_bbt
                0x8070ca74       0xb4 drivers/mtd/nand/libnand.a(nand_bbt.o)
                0x8070ca74                nand_default_bbt

.text.nand_isbad_bbt
                0x8070cb28       0x54
 .text.nand_isbad_bbt
                0x8070cb28       0x54 drivers/mtd/nand/libnand.a(nand_bbt.o)
                0x8070cb28                nand_isbad_bbt

.text.nand_calculate_ecc
                0x8070cb7c       0xf0
 .text.nand_calculate_ecc
                0x8070cb7c       0xf0 drivers/mtd/nand/libnand.a(nand_ecc.o)
                0x8070cb7c                nand_calculate_ecc

.text.nand_correct_data
                0x8070cc6c      0x11c
 .text.nand_correct_data
                0x8070cc6c      0x11c drivers/mtd/nand/libnand.a(nand_ecc.o)
                0x8070cc6c                nand_correct_data

.text.ti81xx_nand_hwcontrol
                0x8070cd88       0xa0
 .text.ti81xx_nand_hwcontrol
                0x8070cd88       0xa0 drivers/mtd/nand/libnand.a(ti81xx_nand.o)

.text.ti81xx_hwecc_init_bch
                0x8070ce28       0x88
 .text.ti81xx_hwecc_init_bch
                0x8070ce28       0x88 drivers/mtd/nand/libnand.a(ti81xx_nand.o)

.text.gen_true_ecc
                0x8070ceb0       0x24
 .text.gen_true_ecc
                0x8070ceb0       0x24 drivers/mtd/nand/libnand.a(ti81xx_nand.o)

.text.ti81xx_calculate_ecc
                0x8070ced4       0x40
 .text.ti81xx_calculate_ecc
                0x8070ced4       0x40 drivers/mtd/nand/libnand.a(ti81xx_nand.o)

.text.ti81xx_write_page_bch
                0x8070cf14       0xc0
 .text.ti81xx_write_page_bch
                0x8070cf14       0xc0 drivers/mtd/nand/libnand.a(ti81xx_nand.o)

.text.ti81xx_read_page_bch
                0x8070cfd4      0x1b8
 .text.ti81xx_read_page_bch
                0x8070cfd4      0x1b8 drivers/mtd/nand/libnand.a(ti81xx_nand.o)

.text.ti81xx_nand_write_page_raw_bch
                0x8070d18c       0x34
 .text.ti81xx_nand_write_page_raw_bch
                0x8070d18c       0x34 drivers/mtd/nand/libnand.a(ti81xx_nand.o)

.text.ti81xx_nand_read_page_raw_bch
                0x8070d1c0       0x38
 .text.ti81xx_nand_read_page_raw_bch
                0x8070d1c0       0x38 drivers/mtd/nand/libnand.a(ti81xx_nand.o)

.text.ti81xx_nand_write_oob_bch
                0x8070d1f8       0x68
 .text.ti81xx_nand_write_oob_bch
                0x8070d1f8       0x68 drivers/mtd/nand/libnand.a(ti81xx_nand.o)

.text.ti81xx_nand_read_oob_bch
                0x8070d260       0x3c
 .text.ti81xx_nand_read_oob_bch
                0x8070d260       0x3c drivers/mtd/nand/libnand.a(ti81xx_nand.o)

.text.ti81xx_enable_ecc_bch
                0x8070d29c       0x28
 .text.ti81xx_enable_ecc_bch
                0x8070d29c       0x28 drivers/mtd/nand/libnand.a(ti81xx_nand.o)

.text.ti81xx_nand_write_buf_prefetch
                0x8070d2c4       0x2c
 .text.ti81xx_nand_write_buf_prefetch
                0x8070d2c4       0x2c drivers/mtd/nand/libnand.a(ti81xx_nand.o)

.text.ti81xx_nand_wait
                0x8070d2f0       0x64
 .text.ti81xx_nand_wait
                0x8070d2f0       0x64 drivers/mtd/nand/libnand.a(ti81xx_nand.o)

.text.ti81xx_nand_ready
                0x8070d354       0x18
 .text.ti81xx_nand_ready
                0x8070d354       0x18 drivers/mtd/nand/libnand.a(ti81xx_nand.o)

.text.ti81xx_correct_data
                0x8070d36c      0x114
 .text.ti81xx_correct_data
                0x8070d36c      0x114 drivers/mtd/nand/libnand.a(ti81xx_nand.o)

.text.ti81xx_enable_ecc
                0x8070d480       0x60
 .text.ti81xx_enable_ecc
                0x8070d480       0x60 drivers/mtd/nand/libnand.a(ti81xx_nand.o)

.text.ti81xx_correct_data_bch
                0x8070d4e0      0x1c0
 .text.ti81xx_correct_data_bch
                0x8070d4e0      0x1c0 drivers/mtd/nand/libnand.a(ti81xx_nand.o)

.text.ti81xx_calculate_ecc_bch
                0x8070d6a0       0x88
 .text.ti81xx_calculate_ecc_bch
                0x8070d6a0       0x88 drivers/mtd/nand/libnand.a(ti81xx_nand.o)

.text.ti81xx_gpmc_prefetch_enable
                0x8070d728       0x58
 .text.ti81xx_gpmc_prefetch_enable
                0x8070d728       0x58 drivers/mtd/nand/libnand.a(ti81xx_nand.o)
                0x8070d728                ti81xx_gpmc_prefetch_enable

.text.ti81xx_nand_read_buf_prefetch
                0x8070d780       0xe0
 .text.ti81xx_nand_read_buf_prefetch
                0x8070d780       0xe0 drivers/mtd/nand/libnand.a(ti81xx_nand.o)

.text.__ti81xx_nand_switch_ecc
                0x8070d860      0x254
 .text.__ti81xx_nand_switch_ecc
                0x8070d860      0x254 drivers/mtd/nand/libnand.a(ti81xx_nand.o)
                0x8070d860                __ti81xx_nand_switch_ecc

.text.ti81xx_nand_switch_ecc
                0x8070dab4       0x68
 .text.ti81xx_nand_switch_ecc
                0x8070dab4       0x68 drivers/mtd/nand/libnand.a(ti81xx_nand.o)
                0x8070dab4                ti81xx_nand_switch_ecc

.text.board_nand_init
                0x8070db1c      0x134
 .text.board_nand_init
                0x8070db1c      0x134 drivers/mtd/nand/libnand.a(ti81xx_nand.o)
                0x8070db1c                board_nand_init

.text.GregorianDay
                0x8070dc50       0xec
 .text.GregorianDay
                0x8070dc50       0xec drivers/rtc/librtc.a(date.o)
                0x8070dc50                GregorianDay

.text.to_tm     0x8070dd3c      0x104
 .text.to_tm    0x8070dd3c      0x104 drivers/rtc/librtc.a(date.o)
                0x8070dd3c                to_tm

.text.bcd2bin   0x8070de40       0x14
 .text.bcd2bin  0x8070de40       0x14 drivers/rtc/librtc.a(mcp7940.o)

.text.bin2bcd   0x8070de54       0x2c
 .text.bin2bcd  0x8070de54       0x2c drivers/rtc/librtc.a(mcp7940.o)

.text.rtc_write
                0x8070de80       0x2c
 .text.rtc_write
                0x8070de80       0x2c drivers/rtc/librtc.a(mcp7940.o)

.text.rtc_read  0x8070deac       0x28
 .text.rtc_read
                0x8070deac       0x28 drivers/rtc/librtc.a(mcp7940.o)

.text.rtc_get   0x8070ded4      0x150
 .text.rtc_get  0x8070ded4      0x150 drivers/rtc/librtc.a(mcp7940.o)
                0x8070ded4                rtc_get

.text.rtc_set   0x8070e024       0xb8
 .text.rtc_set  0x8070e024       0xb8 drivers/rtc/librtc.a(mcp7940.o)
                0x8070e024                rtc_set

.text.rtc_reset
                0x8070e0dc        0x4
 .text.rtc_reset
                0x8070e0dc        0x4 drivers/rtc/librtc.a(mcp7940.o)
                0x8070e0dc                rtc_reset

.text.do_bdinfo
                0x8070e0e0       0xe8
 .text.do_bdinfo
                0x8070e0e0       0xe8 common/libcommon.a(cmd_bdinfo.o)
                0x8070e0e0                do_bdinfo

.text.do_go_exec
                0x8070e1c8       0x18
 .text.do_go_exec
                0x8070e1c8       0x18 common/libcommon.a(cmd_boot.o)
                0x8070e1c8                do_go_exec

.text.do_go     0x8070e1e0       0x74
 .text.do_go    0x8070e1e0       0x74 common/libcommon.a(cmd_boot.o)
                0x8070e1e0                do_go

.text.do_bootd  0x8070e254       0x24
 .text.do_bootd
                0x8070e254       0x24 common/libcommon.a(cmd_bootm.o)
                0x8070e254                do_bootd

.text.do_bootm_rtems
                0x8070e278       0x3c
 .text.do_bootm_rtems
                0x8070e278       0x3c common/libcommon.a(cmd_bootm.o)

.text.do_bootm_netbsd
                0x8070e2b4      0x13c
 .text.do_bootm_netbsd
                0x8070e2b4      0x13c common/libcommon.a(cmd_bootm.o)

.text.image_get_magic.clone.7
                0x8070e3f0        0x8
 .text.image_get_magic.clone.7
                0x8070e3f0        0x4 common/libcommon.a(cmd_bootm.o)
 .text.image_get_magic.clone.7
                0x8070e3f4        0x4 common/libcommon.a(image.o)

.text.image_info
                0x8070e3f8       0xd0
 .text.image_info
                0x8070e3f8       0xd0 common/libcommon.a(cmd_bootm.o)

.text.do_iminfo
                0x8070e4c8       0x60
 .text.do_iminfo
                0x8070e4c8       0x60 common/libcommon.a(cmd_bootm.o)
                0x8070e4c8                do_iminfo

.text.image_get_size.clone.9
                0x8070e528        0x8
 .text.image_get_size.clone.9
                0x8070e528        0x4 common/libcommon.a(cmd_bootm.o)
 .text.image_get_size.clone.9
                0x8070e52c        0x4 common/libcommon.a(image.o)

.text.bootm_load_os.clone.16
                0x8070e530       0xe4
 .text.bootm_load_os.clone.16
                0x8070e530       0xe4 common/libcommon.a(cmd_bootm.o)

.text.bootm_start.clone.15
                0x8070e614      0x350
 .text.bootm_start.clone.15
                0x8070e614      0x350 common/libcommon.a(cmd_bootm.o)

.text.__arch_preboot_os
                0x8070e964        0x4
 .text.__arch_preboot_os
                0x8070e964        0x4 common/libcommon.a(cmd_bootm.o)
                0x8070e964                arch_preboot_os
                0x8070e964                __arch_preboot_os

.text.do_bootm_subcommand
                0x8070e968      0x1b4
 .text.do_bootm_subcommand
                0x8070e968      0x1b4 common/libcommon.a(cmd_bootm.o)
                0x8070e968                do_bootm_subcommand

.text.do_bootm  0x8070eb1c      0x280
 .text.do_bootm
                0x8070eb1c      0x280 common/libcommon.a(cmd_bootm.o)
                0x8070eb1c                do_bootm

.text.on_off    0x8070ed9c       0x40
 .text.on_off   0x8070ed9c       0x40 common/libcommon.a(cmd_cache.o)

.text.do_dcache
                0x8070eddc       0x78
 .text.do_dcache
                0x8070eddc       0x78 common/libcommon.a(cmd_cache.o)
                0x8070eddc                do_dcache

.text.do_icache
                0x8070ee54       0x78
 .text.do_icache
                0x8070ee54       0x78 common/libcommon.a(cmd_cache.o)
                0x8070ee54                do_icache

.text.do_coninfo
                0x8070eecc       0xb8
 .text.do_coninfo
                0x8070eecc       0xb8 common/libcommon.a(cmd_console.o)
                0x8070eecc                do_coninfo

.text.cnvrt2    0x8070ef84       0x40
 .text.cnvrt2   0x8070ef84       0x40 common/libcommon.a(cmd_date.o)

.text.mk_date   0x8070efc4      0x1d0
 .text.mk_date  0x8070efc4      0x1d0 common/libcommon.a(cmd_date.o)
                0x8070efc4                mk_date

.text.do_date   0x8070f194      0x144
 .text.do_date  0x8070f194      0x144 common/libcommon.a(cmd_date.o)
                0x8070f194                do_date

.text.do_echo   0x8070f2d8       0x80
 .text.do_echo  0x8070f2d8       0x80 common/libcommon.a(cmd_echo.o)
                0x8070f2d8                do_echo

.text.do_exit   0x8070f358       0x30
 .text.do_exit  0x8070f358       0x30 common/libcommon.a(cmd_exit.o)
                0x8070f358                do_exit

.text.do_fat_fsinfo
                0x8070f388       0x90
 .text.do_fat_fsinfo
                0x8070f388       0x90 common/libcommon.a(cmd_fat.o)
                0x8070f388                do_fat_fsinfo

.text.do_fat_ls
                0x8070f418       0x14
 .text.do_fat_ls
                0x8070f418       0x14 common/libcommon.a(cmd_fat.o)
                0x8070f418                do_fat_ls

.text.do_fat_fsload
                0x8070f42c       0x14
 .text.do_fat_fsload
                0x8070f42c       0x14 common/libcommon.a(cmd_fat.o)
                0x8070f42c                do_fat_fsload

.text.do_fat_size
                0x8070f440       0x14
 .text.do_fat_size
                0x8070f440       0x14 common/libcommon.a(cmd_fat.o)
                0x8070f440                do_fat_size

.text.do_help   0x8070f454       0x44
 .text.do_help  0x8070f454       0x44 common/libcommon.a(cmd_help.o)
                0x8070f454                do_help

.text.get_alen  0x8070f498       0x4c
 .text.get_alen
                0x8070f498       0x4c common/libcommon.a(cmd_i2c.o)

.text.do_i2c    0x8070f4e4       0x5c
 .text.do_i2c   0x8070f4e4       0x5c common/libcommon.a(cmd_i2c.o)

.text.do_i2c_bus_speed
                0x8070f540       0x74
 .text.do_i2c_bus_speed
                0x8070f540       0x74 common/libcommon.a(cmd_i2c.o)

.text.do_i2c_write
                0x8070f5b4       0xe0
 .text.do_i2c_write
                0x8070f5b4       0xe0 common/libcommon.a(cmd_i2c.o)

.text.do_i2c_reset
                0x8070f694       0x1c
 .text.do_i2c_reset
                0x8070f694       0x1c common/libcommon.a(cmd_i2c.o)

.text.do_i2c_read
                0x8070f6b0       0xb0
 .text.do_i2c_read
                0x8070f6b0       0xb0 common/libcommon.a(cmd_i2c.o)

.text.do_i2c_probe
                0x8070f760       0x78
 .text.do_i2c_probe
                0x8070f760       0x78 common/libcommon.a(cmd_i2c.o)

.text.do_i2c_md
                0x8070f7d8      0x1a8
 .text.do_i2c_md
                0x8070f7d8      0x1a8 common/libcommon.a(cmd_i2c.o)

.text.mod_i2c_mem
                0x8070f980      0x1ec
 .text.mod_i2c_mem
                0x8070f980      0x1ec common/libcommon.a(cmd_i2c.o)

.text.do_i2c_nm
                0x8070fb6c       0x24
 .text.do_i2c_nm
                0x8070fb6c       0x24 common/libcommon.a(cmd_i2c.o)

.text.do_i2c_mm
                0x8070fb90       0x24
 .text.do_i2c_mm
                0x8070fb90       0x24 common/libcommon.a(cmd_i2c.o)

.text.do_i2c_mw
                0x8070fbb4       0xf8
 .text.do_i2c_mw
                0x8070fbb4       0xf8 common/libcommon.a(cmd_i2c.o)

.text.do_i2c_loop
                0x8070fcac       0xdc
 .text.do_i2c_loop
                0x8070fcac       0xdc common/libcommon.a(cmd_i2c.o)

.text.do_i2c_bus_num
                0x8070fd88       0x74
 .text.do_i2c_bus_num
                0x8070fd88       0x74 common/libcommon.a(cmd_i2c.o)

.text.do_i2c_crc
                0x8070fdfc      0x114
 .text.do_i2c_crc
                0x8070fdfc      0x114 common/libcommon.a(cmd_i2c.o)

.text.__def_i2c_get_bus_speed
                0x8070ff10        0xc
 .text.__def_i2c_get_bus_speed
                0x8070ff10        0xc common/libcommon.a(cmd_i2c.o)
                0x8070ff10                __def_i2c_get_bus_speed
                0x8070ff10                i2c_get_bus_speed

.text.__def_i2c_set_bus_speed
                0x8070ff1c       0x18
 .text.__def_i2c_set_bus_speed
                0x8070ff1c       0x18 common/libcommon.a(cmd_i2c.o)
                0x8070ff1c                __def_i2c_set_bus_speed
                0x8070ff1c                i2c_set_bus_speed

.text.evalstr   0x8070ff34       0x1c
 .text.evalstr  0x8070ff34       0x1c common/libcommon.a(cmd_itest.o)

.text.evalexp   0x8070ff50       0x70
 .text.evalexp  0x8070ff50       0x70 common/libcommon.a(cmd_itest.o)

.text.binary_test
                0x8070ffc0      0x1c0
 .text.binary_test
                0x8070ffc0      0x1c0 common/libcommon.a(cmd_itest.o)
                0x8070ffc0                binary_test

.text.do_itest  0x80710180       0x9c
 .text.do_itest
                0x80710180       0x9c common/libcommon.a(cmd_itest.o)
                0x80710180                do_itest

.text.bin_data_init
                0x8071021c       0x1c
 .text.bin_data_init
                0x8071021c       0x1c common/libcommon.a(cmd_load.o)

.text.bin_data_char
                0x80710238       0x20
 .text.bin_data_char
                0x80710238       0x20 common/libcommon.a(cmd_load.o)

.text.load_serial_ymodem
                0x80710258       0xf8
 .text.load_serial_ymodem
                0x80710258       0xf8 common/libcommon.a(cmd_load.o)

.text.getcxmodem
                0x80710350       0x20
 .text.getcxmodem
                0x80710350       0x20 common/libcommon.a(cmd_load.o)

.text.load_serial
                0x80710370      0x1ec
 .text.load_serial
                0x80710370      0x1ec common/libcommon.a(cmd_load.o)

.text.do_load_serial
                0x8071055c       0xdc
 .text.do_load_serial
                0x8071055c       0xdc common/libcommon.a(cmd_load.o)
                0x8071055c                do_load_serial

.text.send_pad  0x80710638       0x2c
 .text.send_pad
                0x80710638       0x2c common/libcommon.a(cmd_load.o)
                0x80710638                send_pad

.text.ktrans    0x80710664       0x20
 .text.ktrans   0x80710664       0x20 common/libcommon.a(cmd_load.o)
                0x80710664                ktrans

.text.chk1      0x80710684       0x28
 .text.chk1     0x80710684       0x28 common/libcommon.a(cmd_load.o)
                0x80710684                chk1

.text.s1_sendpacket
                0x807106ac       0x24
 .text.s1_sendpacket
                0x807106ac       0x24 common/libcommon.a(cmd_load.o)
                0x807106ac                s1_sendpacket

.text.send_ack  0x807106d0       0x5c
 .text.send_ack
                0x807106d0       0x5c common/libcommon.a(cmd_load.o)
                0x807106d0                send_ack

.text.send_nack
                0x8071072c       0x5c
 .text.send_nack
                0x8071072c       0x5c common/libcommon.a(cmd_load.o)
                0x8071072c                send_nack

.text.k_data_init
                0x80710788       0x20
 .text.k_data_init
                0x80710788       0x20 common/libcommon.a(cmd_load.o)
                0x80710788                k_data_init

.text.k_data_save
                0x807107a8       0x24
 .text.k_data_save
                0x807107a8       0x24 common/libcommon.a(cmd_load.o)
                0x807107a8                k_data_save

.text.k_data_restore
                0x807107cc       0x24
 .text.k_data_restore
                0x807107cc       0x24 common/libcommon.a(cmd_load.o)
                0x807107cc                k_data_restore

.text.k_data_char
                0x807107f0       0x50
 .text.k_data_char
                0x807107f0       0x50 common/libcommon.a(cmd_load.o)
                0x807107f0                k_data_char

.text.handle_send_packet
                0x80710840      0x1c4
 .text.handle_send_packet
                0x80710840      0x1c4 common/libcommon.a(cmd_load.o)
                0x80710840                handle_send_packet

.text.do_load_serial_bin
                0x80710a04      0x450
 .text.do_load_serial_bin
                0x80710a04      0x450 common/libcommon.a(cmd_load.o)
                0x80710a04                do_load_serial_bin

.text.ti810x_pll_configure
                0x80710e54       0x74
 .text.ti810x_pll_configure
                0x80710e54       0x74 common/libcommon.a(cmd_logo_814x.o)

.text.ti810x_pll_get_dividers
                0x80710ec8      0x258
 .text.ti810x_pll_get_dividers
                0x80710ec8      0x258 common/libcommon.a(cmd_logo_814x.o)

.text.ti810x_pll_configure_SD
                0x80711120       0xd4
 .text.ti810x_pll_configure_SD
                0x80711120       0xd4 common/libcommon.a(cmd_logo_814x.o)

.text.ti810x_vps_configure_venc.clone.1
                0x807111f4      0x190
 .text.ti810x_vps_configure_venc.clone.1
                0x807111f4      0x190 common/libcommon.a(cmd_logo_814x.o)

.text.ti810x_prcm_init
                0x80711384      0x160
 .text.ti810x_prcm_init
                0x80711384      0x160 common/libcommon.a(cmd_logo_814x.o)
                0x80711384                ti810x_prcm_init

.text.ti810x_pll_init
                0x807114e4       0x1c
 .text.ti810x_pll_init
                0x807114e4       0x1c common/libcommon.a(cmd_logo_814x.o)
                0x807114e4                ti810x_pll_init

.text.ti810x_vps_init
                0x80711500       0x4c
 .text.ti810x_vps_init
                0x80711500       0x4c common/libcommon.a(cmd_logo_814x.o)
                0x80711500                ti810x_vps_init

.text.ti810x_pll_config_hdmi
                0x8071154c       0x54
 .text.ti810x_pll_config_hdmi
                0x8071154c       0x54 common/libcommon.a(cmd_logo_814x.o)
                0x8071154c                ti810x_pll_config_hdmi

.text.ti810x_pll_config_dvo2
                0x807115a0       0x48
 .text.ti810x_pll_config_dvo2
                0x807115a0       0x48 common/libcommon.a(cmd_logo_814x.o)
                0x807115a0                ti810x_pll_config_dvo2

.text.ti810x_hdmi_enable
                0x807115e8      0x198
 .text.ti810x_hdmi_enable
                0x807115e8      0x198 common/libcommon.a(cmd_logo_814x.o)
                0x807115e8                ti810x_hdmi_enable

.text.ti810x_pll_hdmi_setwrapper_clk
                0x80711780       0x18
 .text.ti810x_pll_hdmi_setwrapper_clk
                0x80711780       0x18 common/libcommon.a(cmd_logo_814x.o)
                0x80711780                ti810x_pll_hdmi_setwrapper_clk

.text.ti810x_set_mode
                0x80711798       0xf0
 .text.ti810x_set_mode
                0x80711798       0xf0 common/libcommon.a(cmd_logo_814x.o)
                0x80711798                ti810x_set_mode

.text.do_color_bar
                0x80711888      0x298
 .text.do_color_bar
                0x80711888      0x298 common/libcommon.a(cmd_logo_814x.o)

.text.ti810x_vps_reset_module
                0x80711b20       0x24
 .text.ti810x_vps_reset_module
                0x80711b20       0x24 common/libcommon.a(cmd_logo_814x.o)
                0x80711b20                ti810x_vps_reset_module

.text.ti810x_dispmgr_create_grpx_conf_descriptor
                0x80711b44       0x5c
 .text.ti810x_dispmgr_create_grpx_conf_descriptor
                0x80711b44       0x5c common/libcommon.a(cmd_logo_814x.o)
                0x80711b44                ti810x_dispmgr_create_grpx_conf_descriptor

.text.ti810x_dispmgr_setup_layers
                0x80711ba0       0x8c
 .text.ti810x_dispmgr_setup_layers
                0x80711ba0       0x8c common/libcommon.a(cmd_logo_814x.o)
                0x80711ba0                ti810x_dispmgr_setup_layers

.text.ti810x_dispmgr_setup_layers_DVO2
                0x80711c2c       0x88
 .text.ti810x_dispmgr_setup_layers_DVO2
                0x80711c2c       0x88 common/libcommon.a(cmd_logo_814x.o)
                0x80711c2c                ti810x_dispmgr_setup_layers_DVO2

.text.ti810x_vpdma_send_list
                0x80711cb4       0x24
 .text.ti810x_vpdma_send_list
                0x80711cb4       0x24 common/libcommon.a(cmd_logo_814x.o)
                0x80711cb4                ti810x_vpdma_send_list

.text.ti810x_dispmgr_wait_for_list_complete
                0x80711cd8       0x50
 .text.ti810x_dispmgr_wait_for_list_complete
                0x80711cd8       0x50 common/libcommon.a(cmd_logo_814x.o)
                0x80711cd8                ti810x_dispmgr_wait_for_list_complete

.text.do_boot_logo
                0x80711d28      0x38c
 .text.do_boot_logo
                0x80711d28      0x38c common/libcommon.a(cmd_logo_814x.o)

.text.calc_checksum
                0x807120b4       0x34
 .text.calc_checksum
                0x807120b4       0x34 common/libcommon.a(cmd_mcu.o)

.text.uart_exit
                0x807120e8       0x2c
 .text.uart_exit
                0x807120e8       0x2c common/libcommon.a(cmd_mcu.o)

.text.uart_init
                0x80712114       0x38
 .text.uart_init
                0x80712114       0x38 common/libcommon.a(cmd_mcu.o)

.text.bsl_write
                0x8071214c       0x3c
 .text.bsl_write
                0x8071214c       0x3c common/libcommon.a(cmd_mcu.o)

.text.bsl_read  0x80712188       0x38
 .text.bsl_read
                0x80712188       0x38 common/libcommon.a(cmd_mcu.o)

.text.bsl_tx_rx
                0x807121c0      0x1dc
 .text.bsl_tx_rx
                0x807121c0      0x1dc common/libcommon.a(cmd_mcu.o)

.text.bsl_tx_passwd
                0x8071239c       0x9c
 .text.bsl_tx_passwd
                0x8071239c       0x9c common/libcommon.a(cmd_mcu.o)

.text.bsl_reset
                0x80712438       0xdc
 .text.bsl_reset
                0x80712438       0xdc common/libcommon.a(cmd_mcu.o)

.text.mcu_version
                0x80712514       0x8c
 .text.mcu_version
                0x80712514       0x8c common/libcommon.a(cmd_mcu.o)
                0x80712514                mcu_version

.text.do_mcu    0x807125a0      0x364
 .text.do_mcu   0x807125a0      0x364 common/libcommon.a(cmd_mcu.o)
                0x807125a0                do_mcu

.text.do_mem_crc
                0x80712904       0xb0
 .text.do_mem_crc
                0x80712904       0xb0 common/libcommon.a(cmd_mem.o)
                0x80712904                do_mem_crc

.text.do_mem_base
                0x807129b4       0x40
 .text.do_mem_base
                0x807129b4       0x40 common/libcommon.a(cmd_mem.o)
                0x807129b4                do_mem_base

.text.do_mem_mtest
                0x807129f4      0x1a4
 .text.do_mem_mtest
                0x807129f4      0x1a4 common/libcommon.a(cmd_mem.o)
                0x807129f4                do_mem_mtest

.text.do_mem_loop
                0x80712b98       0xf8
 .text.do_mem_loop
                0x80712b98       0xf8 common/libcommon.a(cmd_mem.o)
                0x80712b98                do_mem_loop

.text.do_mem_cp
                0x80712c90       0xd8
 .text.do_mem_cp
                0x80712c90       0xd8 common/libcommon.a(cmd_mem.o)
                0x80712c90                do_mem_cp

.text.do_mem_cmp
                0x80712d68      0x18c
 .text.do_mem_cmp
                0x80712d68      0x18c common/libcommon.a(cmd_mem.o)
                0x80712d68                do_mem_cmp

.text.do_mem_mw
                0x80712ef4       0xc0
 .text.do_mem_mw
                0x80712ef4       0xc0 common/libcommon.a(cmd_mem.o)
                0x80712ef4                do_mem_mw

.text.mod_mem   0x80712fb4      0x14c
 .text.mod_mem  0x80712fb4      0x14c common/libcommon.a(cmd_mem.o)

.text.do_mem_nm
                0x80713100       0x24
 .text.do_mem_nm
                0x80713100       0x24 common/libcommon.a(cmd_mem.o)
                0x80713100                do_mem_nm

.text.do_mem_mm
                0x80713124       0x24
 .text.do_mem_mm
                0x80713124       0x24 common/libcommon.a(cmd_mem.o)
                0x80713124                do_mem_mm

.text.do_mem_md
                0x80713148       0xd4
 .text.do_mem_md
                0x80713148       0xd4 common/libcommon.a(cmd_mem.o)
                0x80713148                do_mem_md

.text.do_sleep  0x8071321c       0x84
 .text.do_sleep
                0x8071321c       0x84 common/libcommon.a(cmd_misc.o)
                0x8071321c                do_sleep

.text.init_mmc_device
                0x807132a0       0x50
 .text.init_mmc_device
                0x807132a0       0x50 common/libcommon.a(cmd_mmc.o)

.text.do_mmc_rescan
                0x807132f0       0x24
 .text.do_mmc_rescan
                0x807132f0       0x24 common/libcommon.a(cmd_mmc.o)

.text.do_mmcinfo
                0x80713314      0x16c
 .text.do_mmcinfo
                0x80713314      0x16c common/libcommon.a(cmd_mmc.o)

.text.do_mmcops
                0x80713480       0xb8
 .text.do_mmcops
                0x80713480       0xb8 common/libcommon.a(cmd_mmc.o)
                0x80713480                do_mmcops

.text.do_mmc_setdsr
                0x80713538       0xac
 .text.do_mmc_setdsr
                0x80713538       0xac common/libcommon.a(cmd_mmc.o)

.text.do_mmc_list
                0x807135e4       0x14
 .text.do_mmc_list
                0x807135e4       0x14 common/libcommon.a(cmd_mmc.o)

.text.do_mmc_dev
                0x807135f8      0x13c
 .text.do_mmc_dev
                0x807135f8      0x13c common/libcommon.a(cmd_mmc.o)

.text.do_mmc_part
                0x80713734       0x64
 .text.do_mmc_part
                0x80713734       0x64 common/libcommon.a(cmd_mmc.o)

.text.do_mmc_erase
                0x80713798       0xf4
 .text.do_mmc_erase
                0x80713798       0xf4 common/libcommon.a(cmd_mmc.o)

.text.do_mmc_write
                0x8071388c      0x10c
 .text.do_mmc_write
                0x8071388c      0x10c common/libcommon.a(cmd_mmc.o)

.text.do_mmc_read
                0x80713998       0xf0
 .text.do_mmc_read
                0x80713998       0xf0 common/libcommon.a(cmd_mmc.o)

.text.str2long  0x80713a88       0x3c
 .text.str2long
                0x80713a88       0x3c common/libcommon.a(cmd_nand.o)

.text.nand_print_info
                0x80713ac4       0x68
 .text.nand_print_info
                0x80713ac4       0x68 common/libcommon.a(cmd_nand.o)

.text.nand_dump
                0x80713b2c      0x224
 .text.nand_dump
                0x80713b2c      0x224 common/libcommon.a(cmd_nand.o)

.text.arg_off_size.clone.0
                0x80713d50       0xf0
 .text.arg_off_size.clone.0
                0x80713d50       0xf0 common/libcommon.a(cmd_nand.o)

.text.do_nand   0x80713e40      0x744
 .text.do_nand  0x80713e40      0x744 common/libcommon.a(cmd_nand.o)
                0x80713e40                do_nand

.text.do_nandboot
                0x80714584      0x33c
 .text.do_nandboot
                0x80714584      0x33c common/libcommon.a(cmd_nand.o)
                0x80714584                do_nandboot

.text.do_ping   0x807148c0       0x88
 .text.do_ping  0x807148c0       0x88 common/libcommon.a(cmd_net.o)
                0x807148c0                do_ping

.text.netboot_common
                0x80714948      0x31c
 .text.netboot_common
                0x80714948      0x31c common/libcommon.a(cmd_net.o)

.text.do_nfs    0x80714c64        0xc
 .text.do_nfs   0x80714c64        0xc common/libcommon.a(cmd_net.o)
                0x80714c64                do_nfs

.text.do_dhcp   0x80714c70        0xc
 .text.do_dhcp  0x80714c70        0xc common/libcommon.a(cmd_net.o)
                0x80714c70                do_dhcp

.text.do_rarpb  0x80714c7c        0xc
 .text.do_rarpb
                0x80714c7c        0xc common/libcommon.a(cmd_net.o)
                0x80714c7c                do_rarpb

.text.do_tftpb  0x80714c88        0xc
 .text.do_tftpb
                0x80714c88        0xc common/libcommon.a(cmd_net.o)
                0x80714c88                do_tftpb

.text.do_bootp  0x80714c94        0xc
 .text.do_bootp
                0x80714c94        0xc common/libcommon.a(cmd_net.o)
                0x80714c94                do_bootp

.text.do_sntp   0x80714ca0       0xf4
 .text.do_sntp  0x80714ca0       0xf4 common/libcommon.a(cmd_net.o)
                0x80714ca0                do_sntp

.text.do_saveenv
                0x80714d94       0x2c
 .text.do_saveenv
                0x80714d94       0x2c common/libcommon.a(cmd_nvedit.o)
                0x80714d94                do_saveenv

.text.get_env_id
                0x80714dc0       0x10
 .text.get_env_id
                0x80714dc0       0x10 common/libcommon.a(cmd_nvedit.o)
                0x80714dc0                get_env_id

.text.envmatch  0x80714dd0       0x64
 .text.envmatch
                0x80714dd0       0x64 common/libcommon.a(cmd_nvedit.o)
                0x80714dd0                envmatch

.text.getenv_r  0x80714e34       0xa8
 .text.getenv_r
                0x80714e34       0xa8 common/libcommon.a(cmd_nvedit.o)
                0x80714e34                getenv_r

.text.getenv    0x80714edc       0x74
 .text.getenv   0x80714edc       0x74 common/libcommon.a(cmd_nvedit.o)
                0x80714edc                getenv

.text._do_setenv
                0x80714f50      0x450
 .text._do_setenv
                0x80714f50      0x450 common/libcommon.a(cmd_nvedit.o)
                0x80714f50                _do_setenv

.text.do_setenv
                0x807153a0       0x2c
 .text.do_setenv
                0x807153a0       0x2c common/libcommon.a(cmd_nvedit.o)
                0x807153a0                do_setenv

.text.setenv    0x807153cc       0x4c
 .text.setenv   0x807153cc       0x4c common/libcommon.a(cmd_nvedit.o)
                0x807153cc                setenv

.text.do_editenv
                0x80715418       0x68
 .text.do_editenv
                0x80715418       0x68 common/libcommon.a(cmd_nvedit.o)
                0x80715418                do_editenv

.text.setenv_hex
                0x80715480       0x34
 .text.setenv_hex
                0x80715480       0x34 common/libcommon.a(cmd_nvedit.o)
                0x80715480                setenv_hex

.text.printenv  0x807154b4       0xec
 .text.printenv
                0x807154b4       0xec common/libcommon.a(cmd_nvedit.o)

.text.do_printenv
                0x807155a0       0x90
 .text.do_printenv
                0x807155a0       0x90 common/libcommon.a(cmd_nvedit.o)
                0x807155a0                do_printenv

.text.source    0x80715630      0x124
 .text.source   0x80715630      0x124 common/libcommon.a(cmd_source.o)
                0x80715630                source

.text.do_source
                0x80715754       0x44
 .text.do_source
                0x80715754       0x44 common/libcommon.a(cmd_source.o)
                0x80715754                do_source

.text.do_false  0x80715798        0x8
 .text.do_false
                0x80715798        0x8 common/libcommon.a(cmd_test.o)
                0x80715798                do_false

.text.do_true   0x807157a0        0x8
 .text.do_true  0x807157a0        0x8 common/libcommon.a(cmd_test.o)
                0x807157a0                do_true

.text.do_test   0x807157a8      0x468
 .text.do_test  0x807157a8      0x468 common/libcommon.a(cmd_test.o)
                0x807157a8                do_test

.text.do_version
                0x80715c10       0x20
 .text.do_version
                0x80715c10       0x20 common/libcommon.a(cmd_version.o)
                0x80715c10                do_version

.text.find_cmd_tbl
                0x80715c30       0x94
 .text.find_cmd_tbl
                0x80715c30       0x94 common/libcommon.a(command.o)
                0x80715c30                find_cmd_tbl

.text._do_help  0x80715cc4      0x194
 .text._do_help
                0x80715cc4      0x194 common/libcommon.a(command.o)
                0x80715cc4                _do_help

.text.find_cmd  0x80715e58       0x28
 .text.find_cmd
                0x80715e58       0x28 common/libcommon.a(command.o)
                0x80715e58                find_cmd

.text.cmd_usage
                0x80715e80       0x24
 .text.cmd_usage
                0x80715e80       0x24 common/libcommon.a(command.o)
                0x80715e80                cmd_usage

.text.cmd_get_data_size
                0x80715ea4       0x50
 .text.cmd_get_data_size
                0x80715ea4       0x50 common/libcommon.a(command.o)
                0x80715ea4                cmd_get_data_size

.text.console_setfile
                0x80715ef4       0xa4
 .text.console_setfile
                0x80715ef4       0xa4 common/libcommon.a(console.o)

.text.fgetc     0x80715f98       0x2c
 .text.fgetc    0x80715f98       0x2c common/libcommon.a(console.o)
                0x80715f98                fgetc

.text.ftstc     0x80715fc4       0x2c
 .text.ftstc    0x80715fc4       0x2c common/libcommon.a(console.o)
                0x80715fc4                ftstc

.text.fputc     0x80715ff0       0x28
 .text.fputc    0x80715ff0       0x28 common/libcommon.a(console.o)
                0x80715ff0                fputc

.text.fputs     0x80716018       0x28
 .text.fputs    0x80716018       0x28 common/libcommon.a(console.o)
                0x80716018                fputs

.text.getc      0x80716040       0x18
 .text.getc     0x80716040       0x18 common/libcommon.a(console.o)
                0x80716040                getc

.text.tstc      0x80716058       0x18
 .text.tstc     0x80716058       0x18 common/libcommon.a(console.o)
                0x80716058                tstc

.text.putc      0x80716070       0x28
 .text.putc     0x80716070       0x28 common/libcommon.a(console.o)
                0x80716070                putc

.text.puts      0x80716098       0x28
 .text.puts     0x80716098       0x28 common/libcommon.a(console.o)
                0x80716098                puts

.text.printf    0x807160c0       0x38
 .text.printf   0x807160c0       0x38 common/libcommon.a(console.o)
                0x807160c0                printf

.text.vprintf   0x807160f8       0x2c
 .text.vprintf  0x807160f8       0x2c common/libcommon.a(console.o)
                0x807160f8                vprintf

.text.ctrlc     0x80716124       0x4c
 .text.ctrlc    0x80716124       0x4c common/libcommon.a(console.o)
                0x80716124                ctrlc

.text.had_ctrlc
                0x80716170       0x10
 .text.had_ctrlc
                0x80716170       0x10 common/libcommon.a(console.o)
                0x80716170                had_ctrlc

.text.clear_ctrlc
                0x80716180       0x14
 .text.clear_ctrlc
                0x80716180       0x14 common/libcommon.a(console.o)
                0x80716180                clear_ctrlc

.text.search_device
                0x80716194       0x28
 .text.search_device
                0x80716194       0x28 common/libcommon.a(console.o)
                0x80716194                search_device

.text.console_assign
                0x807161bc       0x40
 .text.console_assign
                0x807161bc       0x40 common/libcommon.a(console.o)
                0x807161bc                console_assign

.text.console_init_f
                0x807161fc       0x34
 .text.console_init_f
                0x807161fc       0x34 common/libcommon.a(console.o)
                0x807161fc                console_init_f

.text.console_init_r
                0x80716230       0xdc
 .text.console_init_r
                0x80716230       0xdc common/libcommon.a(console.o)
                0x80716230                console_init_r

.text.sbrk      0x8071630c       0x38
 .text.sbrk     0x8071630c       0x38 common/libcommon.a(dlmalloc.o)
                0x8071630c                sbrk

.text.mem_malloc_init
                0x80716344       0x24
 .text.mem_malloc_init
                0x80716344       0x24 common/libcommon.a(dlmalloc.o)
                0x80716344                mem_malloc_init

.text.malloc_trim
                0x80716368       0xd0
 .text.malloc_trim
                0x80716368       0xd0 common/libcommon.a(dlmalloc.o)
                0x80716368                malloc_trim

.text.free      0x80716438      0x220
 .text.free     0x80716438      0x220 common/libcommon.a(dlmalloc.o)
                0x80716438                free

.text.malloc    0x80716658      0x5ac
 .text.malloc   0x80716658      0x5ac common/libcommon.a(dlmalloc.o)
                0x80716658                malloc

.text.calloc    0x80716c04       0xe0
 .text.calloc   0x80716c04       0xe0 common/libcommon.a(dlmalloc.o)
                0x80716c04                calloc

.text.memalign  0x80716ce4      0x110
 .text.memalign
                0x80716ce4      0x110 common/libcommon.a(dlmalloc.o)
                0x80716ce4                memalign

.text.realloc   0x80716df4      0x450
 .text.realloc  0x80716df4      0x450 common/libcommon.a(dlmalloc.o)
                0x80716df4                realloc

.text.env_crc_update
                0x80717244       0x2c
 .text.env_crc_update
                0x80717244       0x2c common/libcommon.a(env_common.o)
                0x80717244                env_crc_update

.text.env_get_char_memory
                0x80717270       0x24
 .text.env_get_char_memory
                0x80717270       0x24 common/libcommon.a(env_common.o)
                0x80717270                env_get_char_memory

.text.env_get_char
                0x80717294       0x30
 .text.env_get_char
                0x80717294       0x30 common/libcommon.a(env_common.o)
                0x80717294                env_get_char

.text.env_get_addr
                0x807172c4       0x24
 .text.env_get_addr
                0x807172c4       0x24 common/libcommon.a(env_common.o)
                0x807172c4                env_get_addr

.text.set_default_env
                0x807172e8       0x44
 .text.set_default_env
                0x807172e8       0x44 common/libcommon.a(env_common.o)
                0x807172e8                set_default_env

.text.env_relocate
                0x8071732c       0x54
 .text.env_relocate
                0x8071732c       0x54 common/libcommon.a(env_common.o)
                0x8071732c                env_relocate

.text.use_default
                0x80717380       0x18
 .text.use_default
                0x80717380       0x18 common/libcommon.a(env_nand.o)

.text.nand_block_isbad.clone.0
                0x80717398       0x20
 .text.nand_block_isbad.clone.0
                0x80717398       0x20 common/libcommon.a(env_nand.o)

.text.env_get_char_spec
                0x807173b8        0xc
 .text.env_get_char_spec
                0x807173b8        0xc common/libcommon.a(env_nand.o)
                0x807173b8                env_get_char_spec

.text.env_init  0x807173c4       0x1c
 .text.env_init
                0x807173c4       0x1c common/libcommon.a(env_nand.o)
                0x807173c4                env_init

.text.writeenv  0x807173e0       0xb0
 .text.writeenv
                0x807173e0       0xb0 common/libcommon.a(env_nand.o)
                0x807173e0                writeenv

.text.saveenv   0x80717490       0xac
 .text.saveenv  0x80717490       0xac common/libcommon.a(env_nand.o)
                0x80717490                saveenv

.text.readenv   0x8071753c       0xc4
 .text.readenv  0x8071753c       0xc4 common/libcommon.a(env_nand.o)
                0x8071753c                readenv

.text.env_relocate_spec
                0x80717600       0x54
 .text.env_relocate_spec
                0x80717600       0x54 common/libcommon.a(env_nand.o)
                0x80717600                env_relocate_spec

.text.dummy     0x80717654        0x4
 .text.dummy    0x80717654        0x4 common/libcommon.a(exports.o)

.text.get_version
                0x80717658        0x8
 .text.get_version
                0x80717658        0x8 common/libcommon.a(exports.o)
                0x80717658                get_version

.text.jumptable_init
                0x80717660      0x198
 .text.jumptable_init
                0x80717660      0x198 common/libcommon.a(exports.o)
                0x80717660                jumptable_init

.text.b_reset   0x807177f8       0x1c
 .text.b_reset  0x807177f8       0x1c common/libcommon.a(hush.o)

.text.static_get
                0x80717814       0x1c
 .text.static_get
                0x80717814       0x1c common/libcommon.a(hush.o)

.text.static_peek
                0x80717830        0xc
 .text.static_peek
                0x80717830        0xc common/libcommon.a(hush.o)

.text.file_peek
                0x8071783c        0xc
 .text.file_peek
                0x8071783c        0xc common/libcommon.a(hush.o)

.text.setup_string_in_str
                0x80717848       0x2c
 .text.setup_string_in_str
                0x80717848       0x2c common/libcommon.a(hush.o)

.text.is_assignment
                0x80717874       0x54
 .text.is_assignment
                0x80717874       0x54 common/libcommon.a(hush.o)

.text.syntax_err
                0x807178c8        0xc
 .text.syntax_err
                0x807178c8        0xc common/libcommon.a(hush.o)

.text.do_showvar
                0x807178d4       0xf0
 .text.do_showvar
                0x807178d4       0xf0 common/libcommon.a(hush.o)
                0x807178d4                do_showvar

.text.xmalloc   0x807179c4       0x20
 .text.xmalloc  0x807179c4       0x20 common/libcommon.a(hush.o)

.text.file_get  0x807179e4      0x1c0
 .text.file_get
                0x807179e4      0x1c0 common/libcommon.a(hush.o)

.text.free_pipe_list
                0x80717ba4       0xdc
 .text.free_pipe_list
                0x80717ba4       0xdc common/libcommon.a(hush.o)

.text.b_free    0x80717c80       0x24
 .text.b_free   0x80717c80       0x24 common/libcommon.a(hush.o)

.text.xrealloc  0x80717ca4       0x20
 .text.xrealloc
                0x80717ca4       0x20 common/libcommon.a(hush.o)

.text.done_command
                0x80717cc4       0x88
 .text.done_command
                0x80717cc4       0x88 common/libcommon.a(hush.o)

.text.insert_var_value
                0x80717d4c      0x1ac
 .text.insert_var_value
                0x80717d4c      0x1ac common/libcommon.a(hush.o)

.text.b_addchr  0x80717ef8       0x78
 .text.b_addchr
                0x80717ef8       0x78 common/libcommon.a(hush.o)

.text.b_addqchr
                0x80717f70       0x4c
 .text.b_addqchr
                0x80717f70       0x4c common/libcommon.a(hush.o)

.text.set_local_var
                0x80717fbc      0x1bc
 .text.set_local_var
                0x80717fbc      0x1bc common/libcommon.a(hush.o)
                0x80717fbc                set_local_var

.text.new_pipe  0x80718178       0x28
 .text.new_pipe
                0x80718178       0x28 common/libcommon.a(hush.o)
                0x80718178                new_pipe

.text.initialize_context
                0x807181a0       0x38
 .text.initialize_context
                0x807181a0       0x38 common/libcommon.a(hush.o)

.text.done_pipe
                0x807181d8       0x48
 .text.done_pipe
                0x807181d8       0x48 common/libcommon.a(hush.o)

.text.reserved_word
                0x80718220      0x134
 .text.reserved_word
                0x80718220      0x134 common/libcommon.a(hush.o)
                0x80718220                reserved_word

.text.done_word
                0x80718354      0x168
 .text.done_word
                0x80718354      0x168 common/libcommon.a(hush.o)

.text.mapset    0x807184bc       0x24
 .text.mapset   0x807184bc       0x24 common/libcommon.a(hush.o)
                0x807184bc                mapset

.text.update_ifs_map
                0x807184e0       0x70
 .text.update_ifs_map
                0x807184e0       0x70 common/libcommon.a(hush.o)
                0x807184e0                update_ifs_map

.text.parse_string_outer
                0x80718550       0xc0
 .text.parse_string_outer
                0x80718550       0xc0 common/libcommon.a(hush.o)
                0x80718550                parse_string_outer

.text.run_list_real
                0x80718610      0x7e8
 .text.run_list_real
                0x80718610      0x7e8 common/libcommon.a(hush.o)

.text.parse_stream_outer
                0x80718df8      0x5ac
 .text.parse_stream_outer
                0x80718df8      0x5ac common/libcommon.a(hush.o)

.text.parse_file_outer
                0x807193a4       0x44
 .text.parse_file_outer
                0x807193a4       0x44 common/libcommon.a(hush.o)
                0x807193a4                parse_file_outer

.text.u_boot_hush_start
                0x807193e8       0x54
 .text.u_boot_hush_start
                0x807193e8       0x54 common/libcommon.a(hush.o)
                0x807193e8                u_boot_hush_start

.text.image_check_hcrc
                0x8071943c       0x50
 .text.image_check_hcrc
                0x8071943c       0x50 common/libcommon.a(image.o)
                0x8071943c                image_check_hcrc

.text.image_check_dcrc
                0x8071948c       0x40
 .text.image_check_dcrc
                0x8071948c       0x40 common/libcommon.a(image.o)
                0x8071948c                image_check_dcrc

.text.image_multi_count
                0x807194cc       0x24
 .text.image_multi_count
                0x807194cc       0x24 common/libcommon.a(image.o)
                0x807194cc                image_multi_count

.text.image_multi_getimg
                0x807194f0       0x84
 .text.image_multi_getimg
                0x807194f0       0x84 common/libcommon.a(image.o)
                0x807194f0                image_multi_getimg

.text.getenv_yesno
                0x80719574       0x28
 .text.getenv_yesno
                0x80719574       0x28 common/libcommon.a(image.o)
                0x80719574                getenv_yesno

.text.memmove_wd
                0x8071959c        0xc
 .text.memmove_wd
                0x8071959c        0xc common/libcommon.a(image.o)
                0x8071959c                memmove_wd

.text.genimg_print_size
                0x807195a8       0x30
 .text.genimg_print_size
                0x807195a8       0x30 common/libcommon.a(image.o)
                0x807195a8                genimg_print_size

.text.get_table_entry_name
                0x807195d8       0x2c
 .text.get_table_entry_name
                0x807195d8       0x2c common/libcommon.a(image.o)
                0x807195d8                get_table_entry_name

.text.genimg_get_os_name
                0x80719604       0x18
 .text.genimg_get_os_name
                0x80719604       0x18 common/libcommon.a(image.o)
                0x80719604                genimg_get_os_name

.text.genimg_get_arch_name
                0x8071961c       0x18
 .text.genimg_get_arch_name
                0x8071961c       0x18 common/libcommon.a(image.o)
                0x8071961c                genimg_get_arch_name

.text.genimg_get_type_name
                0x80719634       0x18
 .text.genimg_get_type_name
                0x80719634       0x18 common/libcommon.a(image.o)
                0x80719634                genimg_get_type_name

.text.genimg_get_comp_name
                0x8071964c       0x18
 .text.genimg_get_comp_name
                0x8071964c       0x18 common/libcommon.a(image.o)
                0x8071964c                genimg_get_comp_name

.text.image_print_contents
                0x80719664      0x1c8
 .text.image_print_contents
                0x80719664      0x1c8 common/libcommon.a(image.o)
                0x80719664                image_print_contents

.text.genimg_get_format
                0x8071982c       0x24
 .text.genimg_get_format
                0x8071982c       0x24 common/libcommon.a(image.o)
                0x8071982c                genimg_get_format

.text.genimg_get_image
                0x80719850        0x4
 .text.genimg_get_image
                0x80719850        0x4 common/libcommon.a(image.o)
                0x80719850                genimg_get_image

.text.boot_get_ramdisk
                0x80719854      0x238
 .text.boot_get_ramdisk
                0x80719854      0x238 common/libcommon.a(image.o)
                0x80719854                boot_get_ramdisk

.text.delete_char
                0x80719a8c       0xd8
 .text.delete_char
                0x80719a8c       0xd8 common/libcommon.a(main.o)

.text.__show_boot_progress
                0x80719b64        0x4
 .text.__show_boot_progress
                0x80719b64        0x4 common/libcommon.a(main.o)
                0x80719b64                __show_boot_progress
                0x80719b64                show_boot_progress

.text.main_loop
                0x80719b68      0x124
 .text.main_loop
                0x80719b68      0x124 common/libcommon.a(main.o)
                0x80719b68                main_loop

.text.readline_into_buffer
                0x80719c8c      0x1cc
 .text.readline_into_buffer
                0x80719c8c      0x1cc common/libcommon.a(main.o)
                0x80719c8c                readline_into_buffer

.text.readline  0x80719e58       0x14
 .text.readline
                0x80719e58       0x14 common/libcommon.a(main.o)
                0x80719e58                readline

.text.do_run    0x80719e6c       0x74
 .text.do_run   0x80719e6c       0x74 common/libcommon.a(main.o)
                0x80719e6c                do_run

.text.miiphy_init
                0x80719ee0       0x1c
 .text.miiphy_init
                0x80719ee0       0x1c common/libcommon.a(miiphyutil.o)
                0x80719ee0                miiphy_init

.text.miiphy_register
                0x80719efc       0xd8
 .text.miiphy_register
                0x80719efc       0xd8 common/libcommon.a(miiphyutil.o)
                0x80719efc                miiphy_register

.text.miiphy_read
                0x80719fd4       0x88
 .text.miiphy_read
                0x80719fd4       0x88 common/libcommon.a(miiphyutil.o)